119.36.86.27 - - [31/Oct/2018:16:05:30 +0800] "GET /website/websocket/socketServer HTTP/1.1" 101 - http-bio-8080-exec-3 5
119.36.86.27 - - [31/Oct/2018:16:05:30 +0800] "POST /website/basedict/findBycode HTTP/1.1" 200 417 http-bio-8080-exec-4 6
119.36.86.27 - - [31/Oct/2018:16:05:33 +0800] "GET /website/source/getVideoToCource?bbid=7 HTTP/1.1" 200 11383 http-bio-8080-exec-4 15
119.36.86.27 - - [31/Oct/2018:16:05:33 +0800] "GET /website/source/img/search.png HTTP/1.1" 404 949 http-bio-8080-exec-4 2
119.36.86.27 - - [31/Oct/2018:16:05:33 +0800] "GET /website/source/img/logo.png HTTP/1.1" 404 949 http-bio-8080-exec-10 1
119.36.86.27 - - [31/Oct/2018:16:05:33 +0800] "GET /website/websocket/socketServer HTTP/1.1" 101 - http-bio-8080-exec-17 2
119.36.86.27 - - [31/Oct/2018:16:05:35 +0800] "GET /website/jsp/index.jsp HTTP/1.1" 200 15351 http-bio-8080-exec-10 1
119.36.86.27 - - [31/Oct/2018:16:05:35 +0800] "GET /website/jsp/js/jquery.SuperSlide.2.1.1.js HTTP/1.1" 404 949 http-bio-8080-exec-10 2
119.36.86.27 - - [31/Oct/2018:16:05:35 +0800] "GET /website/jsp/img/search.png HTTP/1.1" 404 949 http-bio-8080-exec-4 2
119.36.86.27 - - [31/Oct/2018:16:05:35 +0800] "GET /website/websocket/socketServer HTTP/1.1" 101 - http-bio-8080-exec-3 2
119.36.86.27 - - [31/Oct/2018:16:05:35 +0800] "GET /website/jsp/img/logo.png HTTP/1.1" 404 949 http-bio-8080-exec-9 2
119.36.86.27 - - [31/Oct/2018:16:05:35 +0800] "GET /website/jsp/img/qrcode.jpg HTTP/1.1" 404 949 http-bio-8080-exec-10 2
119.36.86.27 - - [31/Oct/2018:16:05:35 +0800] "POST /website/image/findAllToJsp HTTP/1.1" 200 450 http-bio-8080-exec-4 5
119.36.86.27 - - [31/Oct/2018:16:05:35 +0800] "POST /website/source/getVideoToIndex HTTP/1.1" 200 3824 http-bio-8080-exec-17 12
119.36.86.27 - - [31/Oct/2018:16:05:35 +0800] "GET /website/jsp/img/icon.png HTTP/1.1" 404 949 http-bio-8080-exec-9 2
119.36.86.27 - - [31/Oct/2018:16:05:42 +0800] "GET /website/jsp/region.jsp HTTP/1.1" 200 12426 http-bio-8080-exec-9 11
119.36.86.27 - - [31/Oct/2018:16:05:42 +0800] "GET /website/jsp/img/search.png HTTP/1.1" 404 949 http-bio-8080-exec-17 2
119.36.86.27 - - [31/Oct/2018:16:05:42 +0800] "GET /website/jsp/img/logo.png HTTP/1.1" 404 949 http-bio-8080-exec-4 1
119.36.86.27 - - [31/Oct/2018:16:05:42 +0800] "GET /website/jsp/img/line.png HTTP/1.1" 404 949 http-bio-8080-exec-9 2
119.36.86.27 - - [31/Oct/2018:16:05:42 +0800] "GET /website/jsp/img/icon.png HTTP/1.1" 404 949 http-bio-8080-exec-5 2
119.36.86.27 - - [31/Oct/2018:16:05:42 +0800] "GET /website/jsp/img/qrcode.jpg HTTP/1.1" 404 949 http-bio-8080-exec-10 1
119.36.86.27 - - [31/Oct/2018:16:05:42 +0800] "GET /website/websocket/socketServer HTTP/1.1" 101 - http-bio-8080-exec-15 4
58.54.244.242 - - [31/Oct/2018:16:08:27 +0800] "GET /manager/html HTTP/1.1" 404 - http-bio-8080-exec-7 0
183.205.143.210 - - [31/Oct/2018:16:09:07 +0800] "GET / HTTP/1.1" 404 - http-bio-8080-exec-14 0
119.36.86.27 - - [31/Oct/2018:16:10:05 +0800] "GET /website/user/findByUid?uid=16 HTTP/1.1" 200 1781 http-bio-8080-exec-4 7
61.176.223.98 - - [31/Oct/2018:16:12:26 +0800] "GET /Ip/Up?Ip=118.89.164.185&Port=8080&Check=91&Order=61.176.223.98 HTTP/1.1" 404 - http-bio-8080-exec-10 0
119.36.86.27 - - [31/Oct/2018:16:13:26 +0800] "GET /website/user/findByUid?uid=16 HTTP/1.1" 200 1781 http-bio-8080-exec-7 7
119.36.86.27 - - [31/Oct/2018:16:14:48 +0800] "GET /website/jsp/region.jsp HTTP/1.1" 200 12426 http-bio-8080-exec-5 2
119.36.86.27 - - [31/Oct/2018:16:14:48 +0800] "GET /website/jsp/img/line.png HTTP/1.1" 404 949 http-bio-8080-exec-5 1
119.36.86.27 - - [31/Oct/2018:16:14:48 +0800] "GET /website/websocket/socketServer HTTP/1.1" 101 - http-bio-8080-exec-3 4
119.36.86.27 - - [31/Oct/2018:16:14:48 +0800] "GET /website/jsp/img/qrcode.jpg HTTP/1.1" 404 949 http-bio-8080-exec-5 2
119.36.86.27 - - [31/Oct/2018:16:14:48 +0800] "GET /website/jsp/img/icon.png HTTP/1.1" 404 949 http-bio-8080-exec-4 2
119.36.86.27 - - [31/Oct/2018:16:14:48 +0800] "GET /website/jsp/img/logo.png HTTP/1.1" 404 949 http-bio-8080-exec-4 1
119.36.86.27 - - [31/Oct/2018:16:14:48 +0800] "GET /website/jsp/img/search.png HTTP/1.1" 404 949 http-bio-8080-exec-5 1
119.36.86.27 - - [31/Oct/2018:16:16:24 +0800] "GET /website/jsp/region.jsp HTTP/1.1" 200 12426 http-bio-8080-exec-15 2
119.36.86.27 - - [31/Oct/2018:16:16:24 +0800] "GET /website/jsp/img/search.png HTTP/1.1" 404 949 http-bio-8080-exec-15 3
119.36.86.27 - - [31/Oct/2018:16:16:24 +0800] "GET /website/websocket/socketServer HTTP/1.1" 101 - http-bio-8080-exec-17 16
119.36.86.27 - - [31/Oct/2018:16:16:25 +0800] "GET /website/jsp/img/logo.png HTTP/1.1" 404 949 http-bio-8080-exec-7 8
119.36.86.27 - - [31/Oct/2018:16:16:25 +0800] "GET /website/jsp/img/line.png HTTP/1.1" 404 949 http-bio-8080-exec-7 2
119.36.86.27 - - [31/Oct/2018:16:16:25 +0800] "GET /website/jsp/img/qrcode.jpg HTTP/1.1" 404 949 http-bio-8080-exec-7 1
119.36.86.27 - - [31/Oct/2018:16:16:25 +0800] "GET /website/jsp/img/icon.png HTTP/1.1" 404 949 http-bio-8080-exec-9 1
119.36.86.27 - - [31/Oct/2018:16:16:32 +0800] "GET /website/jsp/index.jsp HTTP/1.1" 200 15351 http-bio-8080-exec-9 2
119.36.86.27 - - [31/Oct/2018:16:16:32 +0800] "GET /website/jsp/js/jquery.SuperSlide.2.1.1.js HTTP/1.1" 404 949 http-bio-8080-exec-7 2
119.36.86.27 - - [31/Oct/2018:16:16:32 +0800] "GET /website/jsp/img/search.png HTTP/1.1" 404 949 http-bio-8080-exec-9 2
119.36.86.27 - - [31/Oct/2018:16:16:32 +0800] "GET /website/jsp/img/logo.png HTTP/1.1" 404 949 http-bio-8080-exec-15 1
119.36.86.27 - - [31/Oct/2018:16:16:32 +0800] "GET /website/websocket/socketServer HTTP/1.1" 101 - http-bio-8080-exec-10 4
119.36.86.27 - - [31/Oct/2018:16:16:32 +0800] "GET /website/jsp/img/qrcode.jpg HTTP/1.1" 404 949 http-bio-8080-exec-7 1
119.36.86.27 - - [31/Oct/2018:16:16:32 +0800] "POST /website/image/findAllToJsp HTTP/1.1" 200 450 http-bio-8080-exec-9 3
119.36.86.27 - - [31/Oct/2018:16:16:32 +0800] "POST /website/source/getVideoToIndex HTTP/1.1" 200 3824 http-bio-8080-exec-15 12
119.36.86.27 - - [31/Oct/2018:16:16:32 +0800] "GET /website/jsp/img/icon.png HTTP/1.1" 404 949 http-bio-8080-exec-15 1
61.176.223.98 - - [31/Oct/2018:16:17:30 +0800] "GET /Ip/Up?Ip=118.89.164.185&Port=8080&Check=91&Order=61.176.223.98 HTTP/1.1" 404 - http-bio-8080-exec-5 0
119.36.86.27 - - [31/Oct/2018:16:18:19 +0800] "GET /website/user/findByUid?uid=16 HTTP/1.1" 200 1781 http-bio-8080-exec-14 12
119.36.86.27 - - [31/Oct/2018:16:18:25 +0800] "GET /website/jsp/alterPsw.jsp HTTP/1.1" 200 1550 http-bio-8080-exec-5 2
119.36.86.27 - - [31/Oct/2018:16:18:27 +0800] "POST /website/user/updatePsw HTTP/1.1" 200 1565 http-bio-8080-exec-5 7
119.36.86.27 - - [31/Oct/2018:16:20:55 +0800] "GET /website/user/findByUid?uid=16 HTTP/1.1" 200 1781 http-bio-8080-exec-14 8
119.36.86.27 - - [31/Oct/2018:16:20:58 +0800] "GET /website/flag/AnnunceList?uid=16 HTTP/1.1" 200 2602 http-bio-8080-exec-14 8
119.36.86.27 - - [31/Oct/2018:16:20:59 +0800] "GET /website/flag/AnnunceList?uid=16 HTTP/1.1" 200 2602 http-bio-8080-exec-14 7
119.36.86.27 - - [31/Oct/2018:16:20:59 +0800] "GET /website/post/mypost?uid=16 HTTP/1.1" 200 3410 http-bio-8080-exec-14 10
119.36.86.27 - - [31/Oct/2018:16:21:00 +0800] "GET /website/jsp/alterPsw.jsp HTTP/1.1" 200 1550 http-bio-8080-exec-14 2
119.36.86.27 - - [31/Oct/2018:16:21:00 +0800] "GET /website/jsp/alterInfo.jsp HTTP/1.1" 200 1665 http-bio-8080-exec-14 2
119.36.86.27 - - [31/Oct/2018:16:21:00 +0800] "GET /website/user/findByUid?uid=16 HTTP/1.1" 200 1781 http-bio-8080-exec-14 4
61.176.223.98 - - [31/Oct/2018:16:22:39 +0800] "GET /Ip/Up?Ip=118.89.164.185&Port=8080&Check=91&Order=61.176.223.98 HTTP/1.1" 404 - http-bio-8080-exec-7 0
58.218.200.24 - - [31/Oct/2018:16:27:40 +0800] "GET /Ip/Up?Ip=118.89.164.185&Port=8080&Check=91&Order=58.218.200.24 HTTP/1.1" 404 - http-bio-8080-exec-4 0
61.176.222.170 - - [31/Oct/2018:16:43:07 +0800] "GET /Ip/Up?Ip=118.89.164.185&Port=8080&Check=91&Order=61.176.222.170 HTTP/1.1" 404 - http-bio-8080-exec-17 0
5.236.124.19 - - [31/Oct/2018:16:47:45 +0800] "GET / HTTP/1.1" 404 - http-bio-8080-exec-5 0
61.176.223.98 - - [31/Oct/2018:16:58:32 +0800] "GET /Ip/Up?Ip=118.89.164.185&Port=8080&Check=91&Order=61.176.223.98 HTTP/1.1" 404 - http-bio-8080-exec-14 0
61.176.223.98 - - [31/Oct/2018:17:03:35 +0800] "GET /Ip/Up?Ip=118.89.164.185&Port=8080&Check=91&Order=61.176.223.98 HTTP/1.1" 404 - http-bio-8080-exec-7 0
139.162.81.62 - - [31/Oct/2018:17:08:26 +0800] "GET /echo.php?info=1234567890 HTTP/1.1" 404 - http-bio-8080-exec-4 0
61.176.222.170 - - [31/Oct/2018:17:08:58 +0800] "GET /Ip/Up?Ip=118.89.164.185&Port=8080&Check=91&Order=61.176.222.170 HTTP/1.1" 404 - http-bio-8080-exec-10 0
80.82.70.187 - - [31/Oct/2018:17:11:24 +0800] "GET /cache/global/img/gs.gif HTTP/1.1" 404 - http-bio-8080-exec-9 0
58.218.200.24 - - [31/Oct/2018:17:14:14 +0800] "GET /Ip/Up?Ip=118.89.164.185&Port=8080&Check=91&Order=58.218.200.24 HTTP/1.1" 404 - http-bio-8080-exec-15 0
61.176.223.98 - - [31/Oct/2018:17:19:20 +0800] "GET /Ip/Up?Ip=118.89.164.185&Port=8080&Check=91&Order=61.176.223.98 HTTP/1.1" 404 - http-bio-8080-exec-3 0
58.218.200.24 - - [31/Oct/2018:17:24:29 +0800] "GET /Ip/Up?Ip=118.89.164.185&Port=8080&Check=91&Order=58.218.200.24 HTTP/1.1" 404 - http-bio-8080-exec-17 0
61.176.222.170 - - [31/Oct/2018:17:30:13 +0800] "GET /Ip/Up?Ip=118.89.164.185&Port=8080&Check=91&Order=61.176.222.170 HTTP/1.1" 404 - http-bio-8080-exec-5 0
58.218.200.24 - - [31/Oct/2018:17:35:44 +0800] "GET /Ip/Up?Ip=118.89.164.185&Port=8080&Check=91&Order=58.218.200.24 HTTP/1.1" 404 - http-bio-8080-exec-14 0
61.176.223.98 - - [31/Oct/2018:17:41:14 +0800] "GET /Ip/Up?Ip=118.89.164.185&Port=8080&Check=91&Order=61.176.223.98 HTTP/1.1" 404 - http-bio-8080-exec-7 0
58.218.200.24 - - [31/Oct/2018:17:47:04 +0800] "GET /Ip/Up?Ip=118.89.164.185&Port=8080&Check=91&Order=58.218.200.24 HTTP/1.1" 404 - http-bio-8080-exec-4 0
183.205.143.226 - - [31/Oct/2018:17:49:59 +0800] "GET / HTTP/1.1" 404 - http-bio-8080-exec-17 0
58.218.200.24 - - [31/Oct/2018:17:53:04 +0800] "GET /Ip/Up?Ip=118.89.164.185&Port=8080&Check=91&Order=58.218.200.24 HTTP/1.1" 404 - http-bio-8080-exec-5 0
61.176.222.170 - - [31/Oct/2018:18:04:13 +0800] "GET /Ip/Up?Ip=118.89.164.185&Port=8080&Check=91&Order=61.176.222.170 HTTP/1.1" 404 - http-bio-8080-exec-14 0
58.218.200.24 - - [31/Oct/2018:18:15:05 +0800] "GET /Ip/Up?Ip=118.89.164.185&Port=8080&Check=91&Order=58.218.200.24 HTTP/1.1" 404 - http-bio-8080-exec-7 0
61.176.222.170 - - [31/Oct/2018:18:20:49 +0800] "GET /Ip/Up?Ip=118.89.164.185&Port=8080&Check=91&Order=61.176.222.170 HTTP/1.1" 404 - http-bio-8080-exec-10 0
61.176.223.98 - - [31/Oct/2018:18:25:59 +0800] "GET /Ip/Up?Ip=118.89.164.185&Port=8080&Check=91&Order=61.176.223.98 HTTP/1.1" 404 - http-bio-8080-exec-9 0
61.176.222.170 - - [31/Oct/2018:18:36:28 +0800] "GET /Ip/Up?Ip=118.89.164.185&Port=8080&Check=91&Order=61.176.222.170 HTTP/1.1" 404 - http-bio-8080-exec-15 0
58.218.200.24 - - [31/Oct/2018:18:41:51 +0800] "GET /Ip/Up?Ip=118.89.164.185&Port=8080&Check=91&Order=58.218.200.24 HTTP/1.1" 404 - http-bio-8080-exec-3 0
61.176.222.170 - - [31/Oct/2018:18:47:13 +0800] "GET /Ip/Up?Ip=118.89.164.185&Port=8080&Check=91&Order=61.176.222.170 HTTP/1.1" 404 - http-bio-8080-exec-2 0
61.176.223.98 - - [31/Oct/2018:18:52:20 +0800] "GET /Ip/Up?Ip=118.89.164.185&Port=8080&Check=91&Order=61.176.223.98 HTTP/1.1" 404 - http-bio-8080-exec-4 0
61.176.222.170 - - [31/Oct/2018:18:57:23 +0800] "GET /Ip/Up?Ip=118.89.164.185&Port=8080&Check=91&Order=61.176.222.170 HTTP/1.1" 404 - http-bio-8080-exec-17 0
61.176.222.170 - - [31/Oct/2018:19:02:36 +0800] "GET /Ip/Up?Ip=118.89.164.185&Port=8080&Check=91&Order=61.176.222.170 HTTP/1.1" 404 - http-bio-8080-exec-5 0
58.218.200.24 - - [31/Oct/2018:19:08:01 +0800] "GET /Ip/Up?Ip=118.89.164.185&Port=8080&Check=91&Order=58.218.200.24 HTTP/1.1" 404 - http-bio-8080-exec-14 0
58.218.200.24 - - [31/Oct/2018:19:13:32 +0800] "GET /Ip/Up?Ip=118.89.164.185&Port=8080&Check=91&Order=58.218.200.24 HTTP/1.1" 404 - http-bio-8080-exec-7 0
58.218.200.24 - - [31/Oct/2018:19:19:10 +0800] "GET /Ip/Up?Ip=118.89.164.185&Port=8080&Check=91&Order=58.218.200.24 HTTP/1.1" 404 - http-bio-8080-exec-10 0
61.176.223.98 - - [31/Oct/2018:19:24:33 +0800] "GET /Ip/Up?Ip=118.89.164.185&Port=8080&Check=91&Order=61.176.223.98 HTTP/1.1" 404 - http-bio-8080-exec-9 0
58.218.200.24 - - [31/Oct/2018:19:41:08 +0800] "GET /Ip/Up?Ip=118.89.164.185&Port=8080&Check=91&Order=58.218.200.24 HTTP/1.1" 404 - http-bio-8080-exec-15 0
58.218.200.24 - - [31/Oct/2018:19:46:15 +0800] "GET /Ip/Up?Ip=118.89.164.185&Port=8080&Check=91&Order=58.218.200.24 HTTP/1.1" 404 - http-bio-8080-exec-3 0
125.227.238.80 - - [31/Oct/2018:19:51:12 +0800] "GET / HTTP/1.0" 404 - http-bio-8080-exec-2 0
210.96.143.19 - - [31/Oct/2018:19:51:58 +0800] "GET /manager/html HTTP/1.1" 404 - http-bio-8080-exec-7 0
210.96.143.19 - - [01/Jan/1970:07:59:59 +0800] "-" 400 - null 0
210.96.143.19 - - [01/Jan/1970:07:59:59 +0800] "-" 400 - null 0
58.218.200.24 - - [31/Oct/2018:19:56:29 +0800] "GET /Ip/Up?Ip=118.89.164.185&Port=8080&Check=91&Order=58.218.200.24 HTTP/1.1" 404 - http-bio-8080-exec-9 0
58.218.200.24 - - [31/Oct/2018:20:01:35 +0800] "GET /Ip/Up?Ip=118.89.164.185&Port=8080&Check=91&Order=58.218.200.24 HTTP/1.1" 404 - http-bio-8080-exec-15 0
58.218.200.24 - - [31/Oct/2018:20:06:44 +0800] "GET /Ip/Up?Ip=118.89.164.185&Port=8080&Check=91&Order=58.218.200.24 HTTP/1.1" 404 - http-bio-8080-exec-3 0
58.218.200.24 - - [31/Oct/2018:20:11:47 +0800] "GET /Ip/Up?Ip=118.89.164.185&Port=8080&Check=91&Order=58.218.200.24 HTTP/1.1" 404 - http-bio-8080-exec-4 0
119.36.85.129 - - [31/Oct/2018:20:15:35 +0800] "GET /website/source/getToAdmin HTTP/1.1" 200 12502 http-bio-8080-exec-17 19
58.218.200.24 - - [31/Oct/2018:20:16:56 +0800] "GET /Ip/Up?Ip=118.89.164.185&Port=8080&Check=91&Order=58.218.200.24 HTTP/1.1" 404 - http-bio-8080-exec-5 0
183.205.143.226 - - [31/Oct/2018:20:17:15 +0800] "GET / HTTP/1.1" 404 - http-bio-8080-exec-14 0
58.218.200.24 - - [31/Oct/2018:20:22:06 +0800] "GET /Ip/Up?Ip=118.89.164.185&Port=8080&Check=91&Order=58.218.200.24 HTTP/1.1" 404 - http-bio-8080-exec-2 0
61.176.222.170 - - [31/Oct/2018:20:32:20 +0800] "GET /Ip/Up?Ip=118.89.164.185&Port=8080&Check=91&Order=61.176.222.170 HTTP/1.1" 404 - http-bio-8080-exec-10 0
61.176.222.170 - - [31/Oct/2018:20:37:33 +0800] "GET /Ip/Up?Ip=118.89.164.185&Port=8080&Check=91&Order=61.176.222.170 HTTP/1.1" 404 - http-bio-8080-exec-7 0
61.176.223.98 - - [31/Oct/2018:20:53:10 +0800] "GET /Ip/Up?Ip=118.89.164.185&Port=8080&Check=91&Order=61.176.223.98 HTTP/1.1" 404 - http-bio-8080-exec-9 0
61.176.222.170 - - [31/Oct/2018:21:03:24 +0800] "GET /Ip/Up?Ip=118.89.164.185&Port=8080&Check=91&Order=61.176.222.170 HTTP/1.1" 404 - http-bio-8080-exec-15 0
124.41.211.13 - - [31/Oct/2018:21:04:31 +0800] "GET / HTTP/1.1" 404 - http-bio-8080-exec-3 0
61.176.222.170 - - [31/Oct/2018:21:08:34 +0800] "GET /Ip/Up?Ip=118.89.164.185&Port=8080&Check=91&Order=61.176.222.170 HTTP/1.1" 404 - http-bio-8080-exec-4 0
58.218.200.24 - - [31/Oct/2018:21:18:51 +0800] "GET /Ip/Up?Ip=118.89.164.185&Port=8080&Check=91&Order=58.218.200.24 HTTP/1.1" 404 - http-bio-8080-exec-17 0
58.218.200.24 - - [31/Oct/2018:21:23:58 +0800] "GET /Ip/Up?Ip=118.89.164.185&Port=8080&Check=91&Order=58.218.200.24 HTTP/1.1" 404 - http-bio-8080-exec-5 0
58.218.200.24 - - [31/Oct/2018:21:29:05 +0800] "GET /Ip/Up?Ip=118.89.164.185&Port=8080&Check=91&Order=58.218.200.24 HTTP/1.1" 404 - http-bio-8080-exec-14 0
58.218.200.24 - - [31/Oct/2018:21:34:13 +0800] "GET /Ip/Up?Ip=118.89.164.185&Port=8080&Check=91&Order=58.218.200.24 HTTP/1.1" 404 - http-bio-8080-exec-2 0
58.218.200.24 - - [31/Oct/2018:21:39:23 +0800] "GET /Ip/Up?Ip=118.89.164.185&Port=8080&Check=91&Order=58.218.200.24 HTTP/1.1" 404 - http-bio-8080-exec-10 0
61.176.223.98 - - [31/Oct/2018:21:49:35 +0800] "GET /Ip/Up?Ip=118.89.164.185&Port=8080&Check=91&Order=61.176.223.98 HTTP/1.1" 404 - http-bio-8080-exec-7 0
61.176.223.98 - - [31/Oct/2018:21:54:39 +0800] "GET /Ip/Up?Ip=118.89.164.185&Port=8080&Check=91&Order=61.176.223.98 HTTP/1.1" 404 - http-bio-8080-exec-9 0
61.176.223.98 - - [31/Oct/2018:21:59:44 +0800] "GET /Ip/Up?Ip=118.89.164.185&Port=8080&Check=91&Order=61.176.223.98 HTTP/1.1" 404 - http-bio-8080-exec-15 0
61.176.223.98 - - [31/Oct/2018:22:10:07 +0800] "GET /Ip/Up?Ip=118.89.164.185&Port=8080&Check=91&Order=61.176.223.98 HTTP/1.1" 404 - http-bio-8080-exec-3 0
61.176.223.98 - - [31/Oct/2018:22:15:27 +0800] "GET /Ip/Up?Ip=118.89.164.185&Port=8080&Check=91&Order=61.176.223.98 HTTP/1.1" 404 - http-bio-8080-exec-4 0
58.218.200.24 - - [31/Oct/2018:22:20:31 +0800] "GET /Ip/Up?Ip=118.89.164.185&Port=8080&Check=91&Order=58.218.200.24 HTTP/1.1" 404 - http-bio-8080-exec-17 0
58.218.200.24 - - [31/Oct/2018:22:25:33 +0800] "GET /Ip/Up?Ip=118.89.164.185&Port=8080&Check=91&Order=58.218.200.24 HTTP/1.1" 404 - http-bio-8080-exec-5 0
31.184.195.108 - - [31/Oct/2018:22:28:42 +0800] "GET / HTTP/1.0" 404 - http-bio-8080-exec-14 0
61.176.222.170 - - [31/Oct/2018:22:30:43 +0800] "GET /Ip/Up?Ip=118.89.164.185&Port=8080&Check=91&Order=61.176.222.170 HTTP/1.1" 404 - http-bio-8080-exec-15 0
61.176.222.170 - - [31/Oct/2018:22:35:54 +0800] "GET /Ip/Up?Ip=118.89.164.185&Port=8080&Check=91&Order=61.176.222.170 HTTP/1.1" 404 - http-bio-8080-exec-3 0
61.176.222.170 - - [31/Oct/2018:22:41:04 +0800] "GET /Ip/Up?Ip=118.89.164.185&Port=8080&Check=91&Order=61.176.222.170 HTTP/1.1" 404 - http-bio-8080-exec-4 0
58.218.200.24 - - [31/Oct/2018:22:51:25 +0800] "GET /Ip/Up?Ip=118.89.164.185&Port=8080&Check=91&Order=58.218.200.24 HTTP/1.1" 404 - http-bio-8080-exec-17 0
58.218.200.24 - - [31/Oct/2018:22:56:32 +0800] "GET /Ip/Up?Ip=118.89.164.185&Port=8080&Check=91&Order=58.218.200.24 HTTP/1.1" 404 - http-bio-8080-exec-5 0
61.176.222.170 - - [31/Oct/2018:23:01:47 +0800] "GET /Ip/Up?Ip=118.89.164.185&Port=8080&Check=91&Order=61.176.222.170 HTTP/1.1" 404 - http-bio-8080-exec-2 0
61.176.223.98 - - [31/Oct/2018:23:06:49 +0800] "GET /Ip/Up?Ip=118.89.164.185&Port=8080&Check=91&Order=61.176.223.98 HTTP/1.1" 404 - http-bio-8080-exec-10 0
183.205.143.226 - - [31/Oct/2018:23:09:51 +0800] "GET / HTTP/1.1" 404 - http-bio-8080-exec-7 0
58.218.200.24 - - [31/Oct/2018:23:16:58 +0800] "GET /Ip/Up?Ip=118.89.164.185&Port=8080&Check=91&Order=58.218.200.24 HTTP/1.1" 404 - http-bio-8080-exec-9 0
58.218.200.24 - - [31/Oct/2018:23:22:06 +0800] "GET /Ip/Up?Ip=118.89.164.185&Port=8080&Check=91&Order=58.218.200.24 HTTP/1.1" 404 - http-bio-8080-exec-14 0
212.156.222.155 - - [31/Oct/2018:23:23:59 +0800] "GET / HTTP/1.0" 404 - http-bio-8080-exec-15 0
58.218.200.24 - - [31/Oct/2018:23:27:11 +0800] "GET /Ip/Up?Ip=118.89.164.185&Port=8080&Check=91&Order=58.218.200.24 HTTP/1.1" 404 - http-bio-8080-exec-2 0
61.176.222.170 - - [31/Oct/2018:23:37:21 +0800] "GET /Ip/Up?Ip=118.89.164.185&Port=8080&Check=91&Order=61.176.222.170 HTTP/1.1" 404 - http-bio-8080-exec-10 0
61.176.222.170 - - [31/Oct/2018:23:42:35 +0800] "GET /Ip/Up?Ip=118.89.164.185&Port=8080&Check=91&Order=61.176.222.170 HTTP/1.1" 404 - http-bio-8080-exec-7 0
61.176.223.98 - - [31/Oct/2018:23:47:38 +0800] "GET /Ip/Up?Ip=118.89.164.185&Port=8080&Check=91&Order=61.176.223.98 HTTP/1.1" 404 - http-bio-8080-exec-9 0
61.176.223.98 - - [31/Oct/2018:23:52:37 +0800] "GET /Ip/Up?Ip=118.89.164.185&Port=8080&Check=91&Order=61.176.223.98 HTTP/1.1" 404 - http-bio-8080-exec-14 0
