119.36.86.20 - - [28/Oct/2018:17:42:02 +0800] "POST /website/basedict/findBycode HTTP/1.1" 200 526 http-bio-8080-exec-7 4
119.36.86.20 - - [28/Oct/2018:17:42:42 +0800] "GET /website/user/findAll HTTP/1.1" 200 7622 http-bio-8080-exec-7 44
119.36.86.20 - - [28/Oct/2018:17:42:48 +0800] "GET /website/source/getToAdmin HTTP/1.1" 200 12502 http-bio-8080-exec-7 13
119.36.86.20 - - [28/Oct/2018:17:42:48 +0800] "POST /website/basedict/findBycode HTTP/1.1" 200 417 http-bio-8080-exec-7 5
119.36.86.20 - - [28/Oct/2018:17:42:48 +0800] "GET /website/websocket/socketServer HTTP/1.1" 101 - http-bio-8080-exec-2 4
119.36.86.20 - - [28/Oct/2018:17:42:50 +0800] "GET /website/source/getPicture?bbid=6 HTTP/1.1" 200 14204 http-bio-8080-exec-7 26
119.36.86.20 - - [28/Oct/2018:17:42:50 +0800] "GET /website/css/workList.css HTTP/1.1" 304 - http-bio-8080-exec-7 15
119.36.86.20 - - [28/Oct/2018:17:42:50 +0800] "GET /website/source/img/logo.png HTTP/1.1" 404 949 http-bio-8080-exec-7 7
119.36.86.20 - - [28/Oct/2018:17:42:50 +0800] "GET /website/source/img/qrcode.jpg HTTP/1.1" 404 949 http-bio-8080-exec-7 2
119.36.86.20 - - [28/Oct/2018:17:42:50 +0800] "GET /website/websocket/socketServer HTTP/1.1" 101 - http-bio-8080-exec-11 3
119.36.86.20 - - [28/Oct/2018:17:42:50 +0800] "GET /website/source/img/icon.png HTTP/1.1" 404 949 http-bio-8080-exec-3 2
119.36.86.20 - - [28/Oct/2018:17:42:50 +0800] "GET /website/source/img/search.png HTTP/1.1" 404 949 http-bio-8080-exec-3 1
119.36.86.20 - - [28/Oct/2018:17:42:50 +0800] "GET /website/img/search-black.png HTTP/1.1" 304 - http-bio-8080-exec-3 3
119.36.86.20 - - [28/Oct/2018:17:42:53 +0800] "GET /website/websocket/socketServer HTTP/1.1" 101 - http-bio-8080-exec-2 3
119.36.86.20 - - [28/Oct/2018:17:42:53 +0800] "POST /website/basedict/findBycode HTTP/1.1" 200 417 http-bio-8080-exec-3 4
119.36.86.20 - - [28/Oct/2018:17:43:04 +0800] "GET /website/source/getPicture?bbid=6 HTTP/1.1" 200 14204 http-bio-8080-exec-3 48
119.36.86.20 - - [28/Oct/2018:17:43:04 +0800] "GET /website/source/img/search.png HTTP/1.1" 404 949 http-bio-8080-exec-7 3
119.36.86.20 - - [28/Oct/2018:17:43:04 +0800] "GET /website/source/img/qrcode.jpg HTTP/1.1" 404 949 http-bio-8080-exec-4 2
119.36.86.20 - - [28/Oct/2018:17:43:04 +0800] "GET /website/source/img/icon.png HTTP/1.1" 404 949 http-bio-8080-exec-3 2
119.36.86.20 - - [28/Oct/2018:17:43:04 +0800] "GET /website/source/img/logo.png HTTP/1.1" 404 949 http-bio-8080-exec-13 1
119.36.86.20 - - [28/Oct/2018:17:43:04 +0800] "GET /website/websocket/socketServer HTTP/1.1" 101 - http-bio-8080-exec-15 3
119.36.86.20 - - [28/Oct/2018:17:43:06 +0800] "POST /website/basedict/findBycode HTTP/1.1" 200 417 http-bio-8080-exec-13 33
119.36.86.20 - - [28/Oct/2018:17:43:06 +0800] "GET /website/websocket/socketServer HTTP/1.1" 101 - http-bio-8080-exec-2 2
119.36.86.20 - - [28/Oct/2018:17:44:08 +0800] "GET /website/post/tlist HTTP/1.1" 200 6059 http-bio-8080-exec-5 61
119.36.86.20 - - [28/Oct/2018:17:44:08 +0800] "POST /website/basedict/findBycode HTTP/1.1" 200 221 http-bio-8080-exec-5 4
119.36.86.20 - - [28/Oct/2018:17:44:09 +0800] "GET /website/post/findPost?pid=9 HTTP/1.1" 200 6546 http-bio-8080-exec-5 14
119.36.86.20 - - [28/Oct/2018:17:44:09 +0800] "GET /website/websocket/socketServer HTTP/1.1" 101 - http-bio-8080-exec-11 4
119.36.86.20 - - [28/Oct/2018:17:44:19 +0800] "POST /website/basedict/findBycode HTTP/1.1" 200 221 http-bio-8080-exec-5 4
119.36.86.20 - - [28/Oct/2018:17:44:33 +0800] "GET /website/post/tlist HTTP/1.1" 200 6059 http-bio-8080-exec-5 8
119.36.86.20 - - [28/Oct/2018:17:44:33 +0800] "POST /website/basedict/findBycode HTTP/1.1" 200 221 http-bio-8080-exec-5 5
119.36.86.20 - - [28/Oct/2018:17:44:36 +0800] "GET /website/post/findPost?pid=9 HTTP/1.1" 200 6546 http-bio-8080-exec-5 12
119.36.86.20 - - [28/Oct/2018:17:44:36 +0800] "GET /website/websocket/socketServer HTTP/1.1" 101 - http-bio-8080-exec-10 4
119.36.86.20 - - [28/Oct/2018:17:44:47 +0800] "POST /website/basedict/findBycode HTTP/1.1" 200 221 http-bio-8080-exec-5 22
119.36.86.20 - - [28/Oct/2018:17:44:56 +0800] "GET /website/jsp HTTP/1.1" 302 - http-bio-8080-exec-5 0
119.36.86.20 - - [28/Oct/2018:17:44:56 +0800] "GET /website/jsp/ HTTP/1.1" 200 15351 http-bio-8080-exec-5 15
119.36.86.20 - - [28/Oct/2018:17:44:56 +0800] "GET /website/jsp/js/jquery.SuperSlide.2.1.1.js HTTP/1.1" 404 949 http-bio-8080-exec-5 1
119.36.86.20 - - [28/Oct/2018:17:44:56 +0800] "GET /website/jsp/img/logo.png HTTP/1.1" 404 949 http-bio-8080-exec-15 2
119.36.86.20 - - [28/Oct/2018:17:44:56 +0800] "GET /website/jsp/img/search.png HTTP/1.1" 404 949 http-bio-8080-exec-11 1
119.36.86.20 - - [28/Oct/2018:17:44:56 +0800] "GET /website/jsp/img/icon.png HTTP/1.1" 404 949 http-bio-8080-exec-15 2
119.36.86.20 - - [28/Oct/2018:17:44:56 +0800] "GET /website/jsp/img/qrcode.jpg HTTP/1.1" 404 949 http-bio-8080-exec-5 1
119.36.86.20 - - [28/Oct/2018:17:44:56 +0800] "GET /website/websocket/socketServer HTTP/1.1" 101 - http-bio-8080-exec-10 2
119.36.86.20 - - [28/Oct/2018:17:44:56 +0800] "POST /website/image/findAllToJsp HTTP/1.1" 200 450 http-bio-8080-exec-11 5
119.36.86.20 - - [28/Oct/2018:17:44:56 +0800] "POST /website/source/getVideoToIndex HTTP/1.1" 200 3824 http-bio-8080-exec-15 13
119.36.86.20 - - [28/Oct/2018:17:45:00 +0800] "GET /website/post/postlist HTTP/1.1" 200 13687 http-bio-8080-exec-5 8
119.36.86.20 - - [28/Oct/2018:17:45:00 +0800] "GET /website/post/img/search.png HTTP/1.1" 404 949 http-bio-8080-exec-15 2
119.36.86.20 - - [28/Oct/2018:17:45:00 +0800] "GET /website/post/img/logo.png HTTP/1.1" 404 949 http-bio-8080-exec-5 2
119.36.86.20 - - [28/Oct/2018:17:45:00 +0800] "GET /website/post/img/qrcode.jpg HTTP/1.1" 404 949 http-bio-8080-exec-13 3
119.36.86.20 - - [28/Oct/2018:17:45:00 +0800] "GET /website/post/img/icon.png HTTP/1.1" 404 949 http-bio-8080-exec-11 3
119.36.86.20 - - [28/Oct/2018:17:45:00 +0800] "POST /website/basedict/findBycode HTTP/1.1" 200 221 http-bio-8080-exec-15 5
119.36.86.20 - - [28/Oct/2018:17:45:00 +0800] "GET /website/websocket/socketServer HTTP/1.1" 101 - http-bio-8080-exec-4 3
119.36.86.20 - - [28/Oct/2018:17:45:04 +0800] "GET /website/source/getAllSource HTTP/1.1" 200 16280 http-bio-8080-exec-15 15
119.36.86.20 - - [28/Oct/2018:17:45:04 +0800] "GET /website/source/img/logo.png HTTP/1.1" 404 949 http-bio-8080-exec-15 2
119.36.86.20 - - [28/Oct/2018:17:45:04 +0800] "GET /website/source/img/search.png HTTP/1.1" 404 949 http-bio-8080-exec-11 16
119.36.86.20 - - [28/Oct/2018:17:45:04 +0800] "POST /website/basedict/findBycode HTTP/1.1" 200 417 http-bio-8080-exec-13 4
119.36.86.20 - - [28/Oct/2018:17:45:04 +0800] "GET /website/websocket/socketServer HTTP/1.1" 101 - http-bio-8080-exec-13 3
58.218.200.24 - - [28/Oct/2018:17:50:27 +0800] "GET /Ip/Up?Ip=118.89.164.185&Port=8080&Check=91&Order=58.218.200.24 HTTP/1.1" 404 - http-bio-8080-exec-3 0
203.83.182.101 - - [28/Oct/2018:17:56:58 +0800] "GET / HTTP/1.1" 404 - http-bio-8080-exec-4 0
58.218.200.24 - - [28/Oct/2018:17:58:59 +0800] "GET /Ip/Up?Ip=118.89.164.185&Port=8080&Check=91&Order=58.218.200.24 HTTP/1.1" 404 - http-bio-8080-exec-2 0
61.176.223.98 - - [28/Oct/2018:18:07:35 +0800] "GET /Ip/Up?Ip=118.89.164.185&Port=8080&Check=91&Order=61.176.223.98 HTTP/1.1" 404 - http-bio-8080-exec-13 0
61.176.223.98 - - [28/Oct/2018:18:24:38 +0800] "GET /Ip/Up?Ip=118.89.164.185&Port=8080&Check=91&Order=61.176.223.98 HTTP/1.1" 404 - http-bio-8080-exec-7 0
177.53.8.4 - - [28/Oct/2018:18:29:47 +0800] "GET / HTTP/1.1" 404 - http-bio-8080-exec-6 0
61.176.223.98 - - [28/Oct/2018:18:33:07 +0800] "GET /Ip/Up?Ip=118.89.164.185&Port=8080&Check=91&Order=61.176.223.98 HTTP/1.1" 404 - http-bio-8080-exec-5 0
61.176.223.98 - - [28/Oct/2018:18:41:35 +0800] "GET /Ip/Up?Ip=118.89.164.185&Port=8080&Check=91&Order=61.176.223.98 HTTP/1.1" 404 - http-bio-8080-exec-10 0
58.218.200.24 - - [28/Oct/2018:18:50:07 +0800] "GET /Ip/Up?Ip=118.89.164.185&Port=8080&Check=91&Order=58.218.200.24 HTTP/1.1" 404 - http-bio-8080-exec-15 0
183.57.53.196 - - [28/Oct/2018:18:54:49 +0800] "GET /website/user/findAll HTTP/1.1" 200 7619 http-bio-8080-exec-11 55
183.57.53.177 - - [28/Oct/2018:18:54:51 +0800] "GET /website/image/delete?iid%3D4 HTTP/1.1" 500 5030 http-bio-8080-exec-7 9
80.82.70.187 - - [28/Oct/2018:18:56:33 +0800] "GET /cache/global/img/gs.gif HTTP/1.1" 404 - http-bio-8080-exec-3 0
61.176.222.170 - - [28/Oct/2018:18:58:41 +0800] "GET /Ip/Up?Ip=118.89.164.185&Port=8080&Check=91&Order=61.176.222.170 HTTP/1.1" 404 - http-bio-8080-exec-4 0
61.176.223.98 - - [28/Oct/2018:19:07:05 +0800] "GET /Ip/Up?Ip=118.89.164.185&Port=8080&Check=91&Order=61.176.223.98 HTTP/1.1" 404 - http-bio-8080-exec-2 0
183.205.143.108 - - [28/Oct/2018:19:10:37 +0800] "GET / HTTP/1.1" 404 - http-bio-8080-exec-13 0
61.176.223.98 - - [28/Oct/2018:19:15:35 +0800] "GET /Ip/Up?Ip=118.89.164.185&Port=8080&Check=91&Order=61.176.223.98 HTTP/1.1" 404 - http-bio-8080-exec-11 0
118.89.164.185 - - [28/Oct/2018:19:16:39 +0800] "GET /website/register.jsp HTTP/1.1" 404 991 http-bio-8080-exec-6 170
118.89.164.185 - - [28/Oct/2018:19:16:39 +0800] "GET /favicon.ico HTTP/1.1" 404 - http-bio-8080-exec-6 0
118.89.164.185 - - [28/Oct/2018:19:16:48 +0800] "GET /website/jsp/register.jsp HTTP/1.1" 200 2571 http-bio-8080-exec-2 64
118.89.164.185 - - [28/Oct/2018:19:16:48 +0800] "GET /website/css/reset.css HTTP/1.1" 200 1311 http-bio-8080-exec-2 216
118.89.164.185 - - [28/Oct/2018:19:16:48 +0800] "GET /website/js/jquery-1.4.4.min.js HTTP/1.1" 200 78601 http-bio-8080-exec-13 199
118.89.164.185 - - [28/Oct/2018:19:16:48 +0800] "GET /website/js/my.js HTTP/1.1" 200 1117 http-bio-8080-exec-7 196
118.89.164.185 - - [28/Oct/2018:19:16:48 +0800] "GET /website/css/register.css HTTP/1.1" 200 325 http-bio-8080-exec-10 215
118.89.164.185 - - [28/Oct/2018:19:16:49 +0800] "POST /website/basedict/findBycode HTTP/1.1" 200 526 http-bio-8080-exec-13 546
58.218.213.68 - - [28/Oct/2018:19:17:58 +0800] "GET /manager/html HTTP/1.1" 404 - http-bio-8080-exec-15 0
183.57.53.222 - - [28/Oct/2018:19:20:56 +0800] "GET /website/source/getVideoToIndex HTTP/1.1" 200 3824 http-bio-8080-exec-5 216
61.176.223.98 - - [28/Oct/2018:19:24:06 +0800] "GET /Ip/Up?Ip=118.89.164.185&Port=8080&Check=91&Order=61.176.223.98 HTTP/1.1" 404 - http-bio-8080-exec-10 0
183.57.53.222 - - [28/Oct/2018:19:29:18 +0800] "GET /website/user/findqlUser HTTP/1.1" 200 7313 http-bio-8080-exec-6 228
61.176.223.98 - - [28/Oct/2018:19:32:36 +0800] "GET /Ip/Up?Ip=118.89.164.185&Port=8080&Check=91&Order=61.176.223.98 HTTP/1.1" 404 - http-bio-8080-exec-2 0
183.57.53.177 - - [28/Oct/2018:19:35:20 +0800] "GET /website/basedict/findBycode HTTP/1.1" 500 4027 http-bio-8080-exec-4 184
61.176.223.98 - - [28/Oct/2018:19:41:09 +0800] "GET /Ip/Up?Ip=118.89.164.185&Port=8080&Check=91&Order=61.176.223.98 HTTP/1.1" 404 - http-bio-8080-exec-13 0
61.176.223.98 - - [28/Oct/2018:19:49:40 +0800] "GET /Ip/Up?Ip=118.89.164.185&Port=8080&Check=91&Order=61.176.223.98 HTTP/1.1" 404 - http-bio-8080-exec-15 0
185.89.89.10 - - [28/Oct/2018:19:50:35 +0800] "GET / HTTP/1.1" 404 - http-bio-8080-exec-3 0
58.218.213.68 - - [28/Oct/2018:19:50:57 +0800] "GET /manager/html HTTP/1.1" 404 - http-bio-8080-exec-6 0
139.162.111.98 - - [28/Oct/2018:20:02:43 +0800] "GET / HTTP/1.1" 404 - http-bio-8080-exec-2 0
118.89.164.185 - - [28/Oct/2018:20:03:40 +0800] "GET /website/jsp/linkList.jsp HTTP/1.1" 200 7036 http-bio-8080-exec-11 1441
118.89.164.185 - - [28/Oct/2018:20:03:41 +0800] "GET /website/jsp/img/icon.png HTTP/1.1" 404 949 http-bio-8080-exec-15 167
118.89.164.185 - - [28/Oct/2018:20:03:41 +0800] "GET /website/css/linkList.css HTTP/1.1" 200 1106 http-bio-8080-exec-13 842
118.89.164.185 - - [28/Oct/2018:20:03:41 +0800] "GET /website/jsp/img/qrcode.jpg HTTP/1.1" 404 949 http-bio-8080-exec-5 178
118.89.164.185 - - [28/Oct/2018:20:03:50 +0800] "GET /website/jsp/postList.jsp HTTP/1.1" 200 12795 http-bio-8080-exec-2 42
118.89.164.185 - - [28/Oct/2018:20:03:50 +0800] "GET /website/css/postList.css HTTP/1.1" 200 1786 http-bio-8080-exec-2 25
118.89.164.185 - - [28/Oct/2018:20:03:50 +0800] "GET /website/img/user.png HTTP/1.1" 200 787 http-bio-8080-exec-6 25
118.89.164.185 - - [28/Oct/2018:20:03:50 +0800] "GET /website/jsp/img/search.png HTTP/1.1" 404 949 http-bio-8080-exec-6 16
118.89.164.185 - - [28/Oct/2018:20:03:50 +0800] "GET /website/jsp/img/logo.png HTTP/1.1" 404 949 http-bio-8080-exec-2 16
118.89.164.185 - - [28/Oct/2018:20:03:50 +0800] "GET /website/websocket/socketServer HTTP/1.1" 200 - http-bio-8080-exec-7 53
118.89.164.185 - - [28/Oct/2018:20:03:51 +0800] "GET /website/layui/layui.all.js HTTP/1.1" 200 231198 http-bio-8080-exec-10 588
118.89.164.185 - - [28/Oct/2018:20:03:51 +0800] "GET /website/layui/css/modules/laydate/default/laydate.css?v=5.0.9 HTTP/1.1" 200 7537 http-bio-8080-exec-10 9
118.89.164.185 - - [28/Oct/2018:20:03:51 +0800] "GET /website/layui/css/modules/layer/default/layer.css?v=3.1.1 HTTP/1.1" 200 14425 http-bio-8080-exec-2 16
118.89.164.185 - - [28/Oct/2018:20:03:51 +0800] "GET /website/layui/css/modules/code.css HTTP/1.1" 200 1063 http-bio-8080-exec-10 7
118.89.164.185 - - [28/Oct/2018:20:03:51 +0800] "GET /website/jsp/img/qrcode.jpg HTTP/1.1" 404 949 http-bio-8080-exec-10 8
118.89.164.185 - - [28/Oct/2018:20:03:51 +0800] "GET /website/jsp/img/icon.png HTTP/1.1" 404 949 http-bio-8080-exec-6 14
118.89.164.185 - - [28/Oct/2018:20:03:52 +0800] "POST /website/basedict/findBycode HTTP/1.1" 200 221 http-bio-8080-exec-6 352
61.176.223.98 - - [28/Oct/2018:20:06:40 +0800] "GET /Ip/Up?Ip=118.89.164.185&Port=8080&Check=91&Order=61.176.223.98 HTTP/1.1" 404 - http-bio-8080-exec-4 0
61.176.223.98 - - [28/Oct/2018:20:15:07 +0800] "GET /Ip/Up?Ip=118.89.164.185&Port=8080&Check=91&Order=61.176.223.98 HTTP/1.1" 404 - http-bio-8080-exec-3 0
61.176.222.170 - - [28/Oct/2018:20:23:42 +0800] "GET /Ip/Up?Ip=118.89.164.185&Port=8080&Check=91&Order=61.176.222.170 HTTP/1.1" 404 - http-bio-8080-exec-5 0
61.176.223.98 - - [28/Oct/2018:20:40:38 +0800] "GET /Ip/Up?Ip=118.89.164.185&Port=8080&Check=91&Order=61.176.223.98 HTTP/1.1" 404 - http-bio-8080-exec-15 0
61.176.223.98 - - [28/Oct/2018:20:49:14 +0800] "GET /Ip/Up?Ip=118.89.164.185&Port=8080&Check=91&Order=61.176.223.98 HTTP/1.1" 404 - http-bio-8080-exec-2 0
61.176.223.98 - - [28/Oct/2018:20:57:40 +0800] "GET /Ip/Up?Ip=118.89.164.185&Port=8080&Check=91&Order=61.176.223.98 HTTP/1.1" 404 - http-bio-8080-exec-11 0
61.176.223.98 - - [28/Oct/2018:21:06:15 +0800] "GET /Ip/Up?Ip=118.89.164.185&Port=8080&Check=91&Order=61.176.223.98 HTTP/1.1" 404 - http-bio-8080-exec-13 0
183.205.143.108 - - [28/Oct/2018:21:14:05 +0800] "GET / HTTP/1.1" 404 - http-bio-8080-exec-7 0
61.176.223.98 - - [28/Oct/2018:21:14:44 +0800] "GET /Ip/Up?Ip=118.89.164.185&Port=8080&Check=91&Order=61.176.223.98 HTTP/1.1" 404 - http-bio-8080-exec-10 0
61.176.223.98 - - [28/Oct/2018:21:23:13 +0800] "GET /Ip/Up?Ip=118.89.164.185&Port=8080&Check=91&Order=61.176.223.98 HTTP/1.1" 404 - http-bio-8080-exec-6 0
93.179.68.40 - - [28/Oct/2018:21:24:08 +0800] "GET /phpMyAdmin/scripts/setup.php HTTP/1.1" 404 - http-bio-8080-exec-4 0
61.176.223.98 - - [28/Oct/2018:21:31:44 +0800] "GET /Ip/Up?Ip=118.89.164.185&Port=8080&Check=91&Order=61.176.223.98 HTTP/1.1" 404 - http-bio-8080-exec-11 0
61.176.222.170 - - [28/Oct/2018:21:40:12 +0800] "GET /Ip/Up?Ip=118.89.164.185&Port=8080&Check=91&Order=61.176.222.170 HTTP/1.1" 404 - http-bio-8080-exec-13 0
