47.94.43.182 - - [28/Oct/2018:00:07:07 +0800] "CONNECT dnspod.qcloud.com:443 HTTP/1.0" 400 - http-bio-8080-exec-7 0
58.218.200.24 - - [28/Oct/2018:00:07:47 +0800] "GET /Ip/Up?Ip=118.89.164.185&Port=8080&Check=91&Order=58.218.200.24 HTTP/1.1" 404 - http-bio-8080-exec-11 0
61.176.223.98 - - [28/Oct/2018:00:25:48 +0800] "GET /Ip/Up?Ip=118.89.164.185&Port=8080&Check=91&Order=61.176.223.98 HTTP/1.1" 404 - http-bio-8080-exec-4 0
58.218.200.24 - - [28/Oct/2018:00:34:53 +0800] "GET /Ip/Up?Ip=118.89.164.185&Port=8080&Check=91&Order=58.218.200.24 HTTP/1.1" 404 - http-bio-8080-exec-3 0
103.40.20.84 - - [28/Oct/2018:00:36:45 +0800] "GET / HTTP/1.1" 404 - http-bio-8080-exec-10 0
103.40.20.84 - - [28/Oct/2018:00:36:45 +0800] "GET / HTTP/1.1" 404 - http-bio-8080-exec-10 0
58.218.200.24 - - [28/Oct/2018:00:43:57 +0800] "GET /Ip/Up?Ip=118.89.164.185&Port=8080&Check=91&Order=58.218.200.24 HTTP/1.1" 404 - http-bio-8080-exec-7 0
58.218.200.24 - - [28/Oct/2018:00:52:59 +0800] "GET /Ip/Up?Ip=118.89.164.185&Port=8080&Check=91&Order=58.218.200.24 HTTP/1.1" 404 - http-bio-8080-exec-11 0
58.218.200.24 - - [28/Oct/2018:01:02:04 +0800] "GET /Ip/Up?Ip=118.89.164.185&Port=8080&Check=91&Order=58.218.200.24 HTTP/1.1" 404 - http-bio-8080-exec-4 0
58.218.200.24 - - [28/Oct/2018:01:11:04 +0800] "GET /Ip/Up?Ip=118.89.164.185&Port=8080&Check=91&Order=58.218.200.24 HTTP/1.1" 404 - http-bio-8080-exec-3 0
58.218.200.24 - - [28/Oct/2018:01:20:10 +0800] "GET /Ip/Up?Ip=118.89.164.185&Port=8080&Check=91&Order=58.218.200.24 HTTP/1.1" 404 - http-bio-8080-exec-5 0
61.176.223.98 - - [28/Oct/2018:01:29:11 +0800] "GET /Ip/Up?Ip=118.89.164.185&Port=8080&Check=91&Order=61.176.223.98 HTTP/1.1" 404 - http-bio-8080-exec-1 0
168.90.29.35 - - [28/Oct/2018:01:33:40 +0800] "GET / HTTP/1.1" 404 - http-bio-8080-exec-6 0
61.176.223.98 - - [28/Oct/2018:01:38:45 +0800] "GET /Ip/Up?Ip=118.89.164.185&Port=8080&Check=91&Order=61.176.223.98 HTTP/1.1" 404 - http-bio-8080-exec-8 0
183.205.143.45 - - [28/Oct/2018:01:56:05 +0800] "GET / HTTP/1.1" 404 - http-bio-8080-exec-9 0
61.176.223.98 - - [28/Oct/2018:01:56:48 +0800] "GET /Ip/Up?Ip=118.89.164.185&Port=8080&Check=91&Order=61.176.223.98 HTTP/1.1" 404 - http-bio-8080-exec-10 0
61.176.223.98 - - [28/Oct/2018:02:14:46 +0800] "GET /Ip/Up?Ip=118.89.164.185&Port=8080&Check=91&Order=61.176.223.98 HTTP/1.1" 404 - http-bio-8080-exec-7 0
58.218.200.24 - - [28/Oct/2018:02:23:52 +0800] "GET /Ip/Up?Ip=118.89.164.185&Port=8080&Check=91&Order=58.218.200.24 HTTP/1.1" 404 - http-bio-8080-exec-11 0
58.218.200.24 - - [28/Oct/2018:02:32:55 +0800] "GET /Ip/Up?Ip=118.89.164.185&Port=8080&Check=91&Order=58.218.200.24 HTTP/1.1" 404 - http-bio-8080-exec-4 0
58.218.200.24 - - [28/Oct/2018:02:42:07 +0800] "GET /Ip/Up?Ip=118.89.164.185&Port=8080&Check=91&Order=58.218.200.24 HTTP/1.1" 404 - http-bio-8080-exec-3 0
58.218.200.24 - - [28/Oct/2018:02:51:06 +0800] "GET /Ip/Up?Ip=118.89.164.185&Port=8080&Check=91&Order=58.218.200.24 HTTP/1.1" 404 - http-bio-8080-exec-10 0
58.218.200.24 - - [28/Oct/2018:03:00:15 +0800] "GET /Ip/Up?Ip=118.89.164.185&Port=8080&Check=91&Order=58.218.200.24 HTTP/1.1" 404 - http-bio-8080-exec-1 0
58.218.200.24 - - [28/Oct/2018:03:09:20 +0800] "GET /Ip/Up?Ip=118.89.164.185&Port=8080&Check=91&Order=58.218.200.24 HTTP/1.1" 404 - http-bio-8080-exec-6 0
58.218.200.24 - - [28/Oct/2018:03:18:26 +0800] "GET /Ip/Up?Ip=118.89.164.185&Port=8080&Check=91&Order=58.218.200.24 HTTP/1.1" 404 - http-bio-8080-exec-8 0
58.218.200.24 - - [28/Oct/2018:03:45:03 +0800] "GET /Ip/Up?Ip=118.89.164.185&Port=8080&Check=91&Order=58.218.200.24 HTTP/1.1" 404 - http-bio-8080-exec-5 0
58.218.200.24 - - [28/Oct/2018:03:54:03 +0800] "GET /Ip/Up?Ip=118.89.164.185&Port=8080&Check=91&Order=58.218.200.24 HTTP/1.1" 404 - http-bio-8080-exec-9 0
61.176.223.98 - - [28/Oct/2018:04:02:41 +0800] "GET /Ip/Up?Ip=118.89.164.185&Port=8080&Check=91&Order=61.176.223.98 HTTP/1.1" 404 - http-bio-8080-exec-7 0
58.218.200.24 - - [28/Oct/2018:04:11:35 +0800] "GET /Ip/Up?Ip=118.89.164.185&Port=8080&Check=91&Order=58.218.200.24 HTTP/1.1" 404 - http-bio-8080-exec-11 0
171.38.7.245 - - [28/Oct/2018:04:18:47 +0800] "GET / HTTP/1.1" 404 - http-bio-8080-exec-4 0
183.205.143.45 - - [28/Oct/2018:04:20:40 +0800] "GET / HTTP/1.1" 404 - http-bio-8080-exec-3 0
61.176.223.98 - - [28/Oct/2018:04:29:25 +0800] "GET /Ip/Up?Ip=118.89.164.185&Port=8080&Check=91&Order=61.176.223.98 HTTP/1.1" 404 - http-bio-8080-exec-10 0
58.218.200.24 - - [28/Oct/2018:04:38:23 +0800] "GET /Ip/Up?Ip=118.89.164.185&Port=8080&Check=91&Order=58.218.200.24 HTTP/1.1" 404 - http-bio-8080-exec-1 0
61.176.223.98 - - [28/Oct/2018:04:47:16 +0800] "GET /Ip/Up?Ip=118.89.164.185&Port=8080&Check=91&Order=61.176.223.98 HTTP/1.1" 404 - http-bio-8080-exec-6 0
61.176.222.170 - - [28/Oct/2018:04:56:16 +0800] "GET /Ip/Up?Ip=118.89.164.185&Port=8080&Check=91&Order=61.176.222.170 HTTP/1.1" 404 - http-bio-8080-exec-8 0
200.100.255.243 - - [28/Oct/2018:05:03:32 +0800] "GET / HTTP/1.1" 404 - http-bio-8080-exec-5 0
58.218.200.24 - - [28/Oct/2018:05:05:06 +0800] "GET /Ip/Up?Ip=118.89.164.185&Port=8080&Check=91&Order=58.218.200.24 HTTP/1.1" 404 - http-bio-8080-exec-9 0
61.176.222.170 - - [28/Oct/2018:05:22:53 +0800] "GET /Ip/Up?Ip=118.89.164.185&Port=8080&Check=91&Order=61.176.222.170 HTTP/1.1" 404 - http-bio-8080-exec-7 0
61.176.222.170 - - [28/Oct/2018:05:31:55 +0800] "GET /Ip/Up?Ip=118.89.164.185&Port=8080&Check=91&Order=61.176.222.170 HTTP/1.1" 404 - http-bio-8080-exec-11 0
61.176.223.98 - - [28/Oct/2018:05:40:58 +0800] "GET /Ip/Up?Ip=118.89.164.185&Port=8080&Check=91&Order=61.176.223.98 HTTP/1.1" 404 - http-bio-8080-exec-4 0
58.218.200.24 - - [28/Oct/2018:05:49:42 +0800] "GET /Ip/Up?Ip=118.89.164.185&Port=8080&Check=91&Order=58.218.200.24 HTTP/1.1" 404 - http-bio-8080-exec-3 0
58.218.200.24 - - [28/Oct/2018:05:58:50 +0800] "GET /Ip/Up?Ip=118.89.164.185&Port=8080&Check=91&Order=58.218.200.24 HTTP/1.1" 404 - http-bio-8080-exec-10 0
58.218.200.24 - - [28/Oct/2018:06:07:34 +0800] "GET /Ip/Up?Ip=118.89.164.185&Port=8080&Check=91&Order=58.218.200.24 HTTP/1.1" 404 - http-bio-8080-exec-1 0
47.94.43.182 - - [28/Oct/2018:06:07:50 +0800] "CONNECT dnspod.qcloud.com:443 HTTP/1.0" 400 - http-bio-8080-exec-11 0
158.69.253.11 - - [28/Oct/2018:06:14:42 +0800] "GET / HTTP/1.1" 404 - http-bio-8080-exec-8 0
61.176.223.98 - - [28/Oct/2018:06:16:35 +0800] "GET /Ip/Up?Ip=118.89.164.185&Port=8080&Check=91&Order=61.176.223.98 HTTP/1.1" 404 - http-bio-8080-exec-5 0
61.176.222.170 - - [28/Oct/2018:06:25:31 +0800] "GET /Ip/Up?Ip=118.89.164.185&Port=8080&Check=91&Order=61.176.222.170 HTTP/1.1" 404 - http-bio-8080-exec-9 0
61.176.223.98 - - [28/Oct/2018:06:34:28 +0800] "GET /Ip/Up?Ip=118.89.164.185&Port=8080&Check=91&Order=61.176.223.98 HTTP/1.1" 404 - http-bio-8080-exec-7 0
139.162.79.87 - - [28/Oct/2018:06:35:45 +0800] "GET / HTTP/1.1" 404 - http-bio-8080-exec-6 0
80.82.70.187 - - [28/Oct/2018:06:38:03 +0800] "GET /cache/global/img/gs.gif HTTP/1.1" 404 - http-bio-8080-exec-11 0
58.218.200.24 - - [28/Oct/2018:06:43:24 +0800] "GET /Ip/Up?Ip=118.89.164.185&Port=8080&Check=91&Order=58.218.200.24 HTTP/1.1" 404 - http-bio-8080-exec-8 0
58.218.200.24 - - [28/Oct/2018:06:52:35 +0800] "GET /Ip/Up?Ip=118.89.164.185&Port=8080&Check=91&Order=58.218.200.24 HTTP/1.1" 404 - http-bio-8080-exec-5 0
58.218.200.24 - - [28/Oct/2018:07:01:14 +0800] "GET /Ip/Up?Ip=118.89.164.185&Port=8080&Check=91&Order=58.218.200.24 HTTP/1.1" 404 - http-bio-8080-exec-9 0
2.179.209.111 - - [28/Oct/2018:07:05:05 +0800] "GET / HTTP/1.1" 404 - http-bio-8080-exec-7 0
183.205.143.45 - - [28/Oct/2018:07:07:44 +0800] "GET / HTTP/1.1" 404 - http-bio-8080-exec-4 0
58.218.200.24 - - [28/Oct/2018:07:28:04 +0800] "GET /Ip/Up?Ip=118.89.164.185&Port=8080&Check=91&Order=58.218.200.24 HTTP/1.1" 404 - http-bio-8080-exec-3 0
61.176.222.170 - - [28/Oct/2018:07:36:50 +0800] "GET /Ip/Up?Ip=118.89.164.185&Port=8080&Check=91&Order=61.176.222.170 HTTP/1.1" 404 - http-bio-8080-exec-10 0
58.218.200.24 - - [28/Oct/2018:07:45:48 +0800] "GET /Ip/Up?Ip=118.89.164.185&Port=8080&Check=91&Order=58.218.200.24 HTTP/1.1" 404 - http-bio-8080-exec-1 0
61.176.223.98 - - [28/Oct/2018:08:03:17 +0800] "GET /Ip/Up?Ip=118.89.164.185&Port=8080&Check=91&Order=61.176.223.98 HTTP/1.1" 404 - http-bio-8080-exec-6 0
61.176.222.170 - - [28/Oct/2018:08:11:56 +0800] "GET /Ip/Up?Ip=118.89.164.185&Port=8080&Check=91&Order=61.176.222.170 HTTP/1.1" 404 - http-bio-8080-exec-11 0
189.46.139.109 - - [28/Oct/2018:08:18:43 +0800] "GET / HTTP/1.1" 404 - http-bio-8080-exec-8 0
58.218.200.24 - - [28/Oct/2018:08:20:38 +0800] "GET /Ip/Up?Ip=118.89.164.185&Port=8080&Check=91&Order=58.218.200.24 HTTP/1.1" 404 - http-bio-8080-exec-5 0
216.218.206.69 - - [28/Oct/2018:08:22:48 +0800] "GET / HTTP/1.1" 404 - http-bio-8080-exec-9 0
61.176.223.98 - - [28/Oct/2018:08:29:22 +0800] "GET /Ip/Up?Ip=118.89.164.185&Port=8080&Check=91&Order=61.176.223.98 HTTP/1.1" 404 - http-bio-8080-exec-7 0
213.143.126.87 - - [28/Oct/2018:08:36:03 +0800] "GET / HTTP/1.1" 404 - http-bio-8080-exec-4 0
58.218.200.24 - - [28/Oct/2018:08:38:15 +0800] "GET /Ip/Up?Ip=118.89.164.185&Port=8080&Check=91&Order=58.218.200.24 HTTP/1.1" 404 - http-bio-8080-exec-3 0
61.176.223.98 - - [28/Oct/2018:08:46:58 +0800] "GET /Ip/Up?Ip=118.89.164.185&Port=8080&Check=91&Order=61.176.223.98 HTTP/1.1" 404 - http-bio-8080-exec-10 0
61.176.223.98 - - [28/Oct/2018:09:04:30 +0800] "GET /Ip/Up?Ip=118.89.164.185&Port=8080&Check=91&Order=61.176.223.98 HTTP/1.1" 404 - http-bio-8080-exec-1 0
5.59.153.194 - - [28/Oct/2018:09:08:29 +0800] "GET / HTTP/1.1" 404 - http-bio-8080-exec-6 0
5.59.153.194 - - [28/Oct/2018:09:08:41 +0800] "GET / HTTP/1.1" 404 - http-bio-8080-exec-11 0
217.61.99.154 - - [28/Oct/2018:09:09:42 +0800] "CONNECT www.google.com:443 HTTP/1.1" 400 - http-bio-8080-exec-8 0
36.34.10.194 - - [28/Oct/2018:09:09:42 +0800] "GET / HTTP/1.1" 404 - http-bio-8080-exec-3 0
123.145.13.189 - - [28/Oct/2018:09:09:42 +0800] "CONNECT www.baidu.com HTTP/1.1" 400 - http-bio-8080-exec-5 0
175.152.34.94 - - [28/Oct/2018:09:09:42 +0800] "GET / HTTP/1.1" 404 - http-bio-8080-exec-10 0
58.218.200.24 - - [28/Oct/2018:09:13:04 +0800] "GET /Ip/Up?Ip=118.89.164.185&Port=8080&Check=91&Order=58.218.200.24 HTTP/1.1" 404 - http-bio-8080-exec-1 0
61.176.222.170 - - [28/Oct/2018:09:21:55 +0800] "GET /Ip/Up?Ip=118.89.164.185&Port=8080&Check=91&Order=61.176.222.170 HTTP/1.1" 404 - http-bio-8080-exec-6 0
61.176.223.98 - - [28/Oct/2018:09:30:29 +0800] "GET /Ip/Up?Ip=118.89.164.185&Port=8080&Check=91&Order=61.176.223.98 HTTP/1.1" 404 - http-bio-8080-exec-11 0
58.218.200.24 - - [28/Oct/2018:09:39:14 +0800] "GET /Ip/Up?Ip=118.89.164.185&Port=8080&Check=91&Order=58.218.200.24 HTTP/1.1" 404 - http-bio-8080-exec-5 0
183.205.143.45 - - [28/Oct/2018:09:39:37 +0800] "GET / HTTP/1.1" 404 - http-bio-8080-exec-10 0
58.218.200.24 - - [28/Oct/2018:09:47:55 +0800] "GET /Ip/Up?Ip=118.89.164.185&Port=8080&Check=91&Order=58.218.200.24 HTTP/1.1" 404 - http-bio-8080-exec-7 0
58.218.200.24 - - [28/Oct/2018:09:56:27 +0800] "GET /Ip/Up?Ip=118.89.164.185&Port=8080&Check=91&Order=58.218.200.24 HTTP/1.1" 404 - http-bio-8080-exec-4 0
61.176.222.170 - - [28/Oct/2018:10:05:18 +0800] "GET /Ip/Up?Ip=118.89.164.185&Port=8080&Check=91&Order=61.176.222.170 HTTP/1.1" 404 - http-bio-8080-exec-8 0
80.82.78.50 - - [28/Oct/2018:10:07:20 +0800] "GET /cache/global/img/gs.gif HTTP/1.1" 404 - http-bio-8080-exec-9 0
58.218.200.24 - - [28/Oct/2018:10:22:41 +0800] "GET /Ip/Up?Ip=118.89.164.185&Port=8080&Check=91&Order=58.218.200.24 HTTP/1.1" 404 - http-bio-8080-exec-3 0
66.240.205.34 - - [28/Oct/2018:10:24:15 +0800] "GET / HTTP/1.1" 404 - http-bio-8080-exec-1 0
66.240.205.34 - - [28/Oct/2018:10:24:15 +0800] "GET /robots.txt HTTP/1.1" 404 - http-bio-8080-exec-6 0
66.240.205.34 - - [28/Oct/2018:10:24:16 +0800] "GET /sitemap.xml HTTP/1.1" 404 - http-bio-8080-exec-11 0
66.240.205.34 - - [28/Oct/2018:10:24:16 +0800] "GET /.well-known/security.txt HTTP/1.1" 404 - http-bio-8080-exec-5 0
61.176.222.170 - - [28/Oct/2018:10:31:16 +0800] "GET /Ip/Up?Ip=118.89.164.185&Port=8080&Check=91&Order=61.176.222.170 HTTP/1.1" 404 - http-bio-8080-exec-10 0
61.176.223.98 - - [28/Oct/2018:10:40:00 +0800] "GET /Ip/Up?Ip=118.89.164.185&Port=8080&Check=91&Order=61.176.223.98 HTTP/1.1" 404 - http-bio-8080-exec-7 0
61.176.222.170 - - [28/Oct/2018:10:48:48 +0800] "GET /Ip/Up?Ip=118.89.164.185&Port=8080&Check=91&Order=61.176.222.170 HTTP/1.1" 404 - http-bio-8080-exec-4 0
58.218.200.24 - - [28/Oct/2018:10:57:22 +0800] "GET /Ip/Up?Ip=118.89.164.185&Port=8080&Check=91&Order=58.218.200.24 HTTP/1.1" 404 - http-bio-8080-exec-8 0
47.94.43.182 - - [28/Oct/2018:11:03:52 +0800] "CONNECT dnspod.qcloud.com:443 HTTP/1.0" 400 - http-bio-8080-exec-5 0
58.218.200.24 - - [28/Oct/2018:11:06:00 +0800] "GET /Ip/Up?Ip=118.89.164.185&Port=8080&Check=91&Order=58.218.200.24 HTTP/1.1" 404 - http-bio-8080-exec-3 0
61.176.222.170 - - [28/Oct/2018:11:14:44 +0800] "GET /Ip/Up?Ip=118.89.164.185&Port=8080&Check=91&Order=61.176.222.170 HTTP/1.1" 404 - http-bio-8080-exec-1 0
61.176.223.98 - - [28/Oct/2018:11:23:31 +0800] "GET /Ip/Up?Ip=118.89.164.185&Port=8080&Check=91&Order=61.176.223.98 HTTP/1.1" 404 - http-bio-8080-exec-6 0
61.176.223.98 - - [28/Oct/2018:11:32:06 +0800] "GET /Ip/Up?Ip=118.89.164.185&Port=8080&Check=91&Order=61.176.223.98 HTTP/1.1" 404 - http-bio-8080-exec-11 0
61.176.223.98 - - [28/Oct/2018:11:40:35 +0800] "GET /Ip/Up?Ip=118.89.164.185&Port=8080&Check=91&Order=61.176.223.98 HTTP/1.1" 404 - http-bio-8080-exec-9 0
61.176.223.98 - - [28/Oct/2018:11:49:36 +0800] "GET /Ip/Up?Ip=118.89.164.185&Port=8080&Check=91&Order=61.176.223.98 HTTP/1.1" 404 - http-bio-8080-exec-10 0
61.176.223.98 - - [28/Oct/2018:11:58:04 +0800] "GET /Ip/Up?Ip=118.89.164.185&Port=8080&Check=91&Order=61.176.223.98 HTTP/1.1" 404 - http-bio-8080-exec-7 0
58.218.200.24 - - [28/Oct/2018:12:06:54 +0800] "GET /Ip/Up?Ip=118.89.164.185&Port=8080&Check=91&Order=58.218.200.24 HTTP/1.1" 404 - http-bio-8080-exec-4 0
183.205.143.45 - - [28/Oct/2018:12:07:44 +0800] "GET / HTTP/1.1" 404 - http-bio-8080-exec-8 0
61.176.222.170 - - [28/Oct/2018:12:15:36 +0800] "GET /Ip/Up?Ip=118.89.164.185&Port=8080&Check=91&Order=61.176.222.170 HTTP/1.1" 404 - http-bio-8080-exec-5 0
211.67.55.207 - - [28/Oct/2018:12:17:49 +0800] "GET /website/jsp/login.jsp HTTP/1.1" 200 1207 http-bio-8080-exec-1 441
211.67.55.207 - - [28/Oct/2018:12:17:49 +0800] "GET /website/css/login.css HTTP/1.1" 200 319 http-bio-8080-exec-2 92
211.67.55.207 - - [28/Oct/2018:12:17:49 +0800] "GET /website/css/reset.css HTTP/1.1" 200 1311 http-bio-8080-exec-3 93
211.67.55.207 - - [28/Oct/2018:12:17:49 +0800] "GET /favicon.ico HTTP/1.1" 404 - http-bio-8080-exec-5 0
211.67.55.207 - - [28/Oct/2018:12:17:55 +0800] "POST /website/user/login HTTP/1.1" 302 - http-bio-8080-exec-6 780
211.67.55.207 - - [28/Oct/2018:12:17:55 +0800] "GET /website/jsp/index.jsp HTTP/1.1" 200 16307 http-bio-8080-exec-7 43
211.67.55.207 - - [28/Oct/2018:12:17:55 +0800] "GET /website/css/index.css HTTP/1.1" 200 2514 http-bio-8080-exec-4 28
211.67.55.207 - - [28/Oct/2018:12:17:55 +0800] "GET /website/jsp/js/jquery.SuperSlide.2.1.1.js HTTP/1.1" 404 949 http-bio-8080-exec-10 16
211.67.55.207 - - [28/Oct/2018:12:17:55 +0800] "GET /website/img/user.png HTTP/1.1" 200 787 http-bio-8080-exec-1 14
211.67.55.207 - - [28/Oct/2018:12:17:55 +0800] "GET /website/js/jquery-1.4.4.min.js HTTP/1.1" 200 78601 http-bio-8080-exec-8 56
211.67.55.207 - - [28/Oct/2018:12:17:55 +0800] "GET /website/jsp/img/search.png HTTP/1.1" 404 949 http-bio-8080-exec-8 6
211.67.55.207 - - [28/Oct/2018:12:17:56 +0800] "GET /website/jsp/img/logo.png HTTP/1.1" 404 949 http-bio-8080-exec-9 32
211.67.55.207 - - [28/Oct/2018:12:17:56 +0800] "GET /website/jsp/js/jquery.SuperSlide.2.1.1.js HTTP/1.1" 404 949 http-bio-8080-exec-1 9
211.67.55.207 - - [28/Oct/2018:12:17:56 +0800] "GET /website/websocket/socketServer HTTP/1.1" 101 - http-bio-8080-exec-1 69
211.67.55.207 - - [28/Oct/2018:12:17:56 +0800] "GET /website/jsp/img/qrcode.jpg HTTP/1.1" 404 949 http-bio-8080-exec-7 5
211.67.55.207 - - [28/Oct/2018:12:17:56 +0800] "GET /website/jsp/img/icon.png HTTP/1.1" 404 949 http-bio-8080-exec-9 4
211.67.55.207 - - [28/Oct/2018:12:17:56 +0800] "POST /website/image/findAllToJsp HTTP/1.1" 200 893 http-bio-8080-exec-7 102
211.67.55.207 - - [28/Oct/2018:12:17:56 +0800] "POST /website/source/getVideoToIndex HTTP/1.1" 200 3824 http-bio-8080-exec-8 224
211.67.55.207 - - [28/Oct/2018:12:17:56 +0800] "GET /website/image/db280d3dda2a41a68bee61636a0c5faf.jpg HTTP/1.1" 200 54575 http-bio-8080-exec-9 118
211.67.55.207 - - [28/Oct/2018:12:17:56 +0800] "GET /website/image/qianli.jpg HTTP/1.1" 200 54575 http-bio-8080-exec-7 125
211.67.55.207 - - [28/Oct/2018:12:17:56 +0800] "GET /website/image/da92814a52454e02a264bb49979fc630.jpg HTTP/1.1" 200 54575 http-bio-8080-exec-10 130
211.67.55.207 - - [28/Oct/2018:12:17:56 +0800] "GET /website/image/d0df703ac0b74baa8574ff6d229367e0.jpg HTTP/1.1" 200 54575 http-bio-8080-exec-8 55
211.67.55.207 - - [28/Oct/2018:12:17:56 +0800] "GET /website/image/c996bcc1dc304e2f9289cd88c058bebd.jpg HTTP/1.1" 200 54575 http-bio-8080-exec-2 189
211.67.55.207 - - [28/Oct/2018:12:17:57 +0800] "GET /website/source/video/videoImg/5b00cc07420f45a9bb81e461cf47e7d7.jpg HTTP/1.1" 200 11434 http-bio-8080-exec-9 19
211.67.55.207 - - [28/Oct/2018:12:17:57 +0800] "GET /website/image/f8ea1b3a06294445b50570ab46839131.jpg HTTP/1.1" 200 20052 http-bio-8080-exec-7 6
211.67.55.207 - - [28/Oct/2018:12:17:58 +0800] "GET /website/source/video/videoImg/096888d87d2a4b89807b577066d927bd.jpg HTTP/1.1" 200 54575 http-bio-8080-exec-7 6
211.67.55.207 - - [28/Oct/2018:12:17:58 +0800] "GET /website/source/video/videoImg/8818d070df884b759593cbbdaf6311c1.jpg HTTP/1.1" 200 54575 http-bio-8080-exec-9 14
211.67.55.207 - - [28/Oct/2018:12:17:58 +0800] "GET /website/source/video/videoImg/b252849288ea470ab84b9b864b2d41f2.jpg HTTP/1.1" 200 54575 http-bio-8080-exec-8 8
211.67.55.207 - - [28/Oct/2018:12:17:59 +0800] "GET /website/source/video/videoImg/0eaf09f8d3214ee78c3fc81f0c2f1161.jpg HTTP/1.1" 200 54575 http-bio-8080-exec-2 14
211.67.55.207 - - [28/Oct/2018:12:17:59 +0800] "GET /website/image/2faa730c2ef5497b9336d3206a4dad94.JPG HTTP/1.1" 200 166727 http-bio-8080-exec-5 3179
211.67.55.207 - - [28/Oct/2018:12:18:07 +0800] "GET /website/jsp/userInfo.jsp HTTP/1.1" 200 1768 http-bio-8080-exec-5 17
211.67.55.207 - - [28/Oct/2018:12:18:07 +0800] "GET /website/css/userInfo.css HTTP/1.1" 200 675 http-bio-8080-exec-5 10
211.67.55.207 - - [28/Oct/2018:12:18:07 +0800] "GET /website/photo/67c5177e4b1b47cda11efec03b8394be.jpg HTTP/1.1" 200 24422 http-bio-8080-exec-8 15
211.67.55.207 - - [28/Oct/2018:12:18:15 +0800] "GET /website/jsp/alterInfo.jsp HTTP/1.1" 200 1620 http-bio-8080-exec-8 2430
211.67.55.207 - - [28/Oct/2018:12:18:16 +0800] "GET /website/css/alterInfo.css HTTP/1.1" 200 573 http-bio-8080-exec-8 4
211.67.55.207 - - [28/Oct/2018:12:18:20 +0800] "POST /website/user/updateInfo HTTP/1.1" 200 1768 http-bio-8080-exec-8 157
211.67.55.207 - - [28/Oct/2018:12:18:27 +0800] "GET /website/jsp/userInfo.jsp HTTP/1.1" 200 1768 http-bio-8080-exec-8 2
211.67.55.207 - - [28/Oct/2018:12:18:30 +0800] "GET /website/jsp/userInfo.jsp HTTP/1.1" 200 1768 http-bio-8080-exec-8 1
211.67.55.207 - - [28/Oct/2018:12:18:31 +0800] "GET /website/jsp/alterInfo.jsp HTTP/1.1" 200 1620 http-bio-8080-exec-8 2
211.67.55.207 - - [28/Oct/2018:12:18:56 +0800] "GET /website/post/mypost?uid=16 HTTP/1.1" 200 3405 http-bio-8080-exec-8 91
211.67.55.207 - - [28/Oct/2018:12:18:56 +0800] "GET /website/css/postRecord.css HTTP/1.1" 200 1786 http-bio-8080-exec-8 103
211.67.55.207 - - [28/Oct/2018:12:18:57 +0800] "GET /website/layui/layui.all.js HTTP/1.1" 200 231198 http-bio-8080-exec-5 763
211.67.55.207 - - [28/Oct/2018:12:18:57 +0800] "GET /website/layui/css/modules/laydate/default/laydate.css?v=5.0.9 HTTP/1.1" 200 7537 http-bio-8080-exec-5 4
211.67.55.207 - - [28/Oct/2018:12:18:57 +0800] "GET /website/layui/css/modules/layer/default/layer.css?v=3.1.1 HTTP/1.1" 200 14425 http-bio-8080-exec-8 6
211.67.55.207 - - [28/Oct/2018:12:18:57 +0800] "GET /website/layui/css/modules/code.css HTTP/1.1" 200 1063 http-bio-8080-exec-2 6
211.67.55.207 - - [28/Oct/2018:12:18:58 +0800] "GET /website/flag/AnnunceList?uid=16 HTTP/1.1" 200 2597 http-bio-8080-exec-8 41
211.67.55.207 - - [28/Oct/2018:12:18:58 +0800] "GET /website/css/userMsg.css HTTP/1.1" 200 471 http-bio-8080-exec-8 10
211.67.55.207 - - [28/Oct/2018:12:19:16 +0800] "GET /website/jsp/userInfo.jsp HTTP/1.1" 200 1768 http-bio-8080-exec-8 2
183.57.53.222 - - [28/Oct/2018:12:19:52 +0800] "GET / HTTP/1.1" 404 - http-bio-8080-exec-10 0
211.67.55.207 - - [28/Oct/2018:12:20:17 +0800] "GET /website/jsp/alterInfo.jsp HTTP/1.1" 200 1620 http-bio-8080-exec-7 213
211.67.55.207 - - [28/Oct/2018:12:20:19 +0800] "GET /website/jsp/alterPsw.jsp HTTP/1.1" 200 1545 http-bio-8080-exec-7 161
211.67.55.207 - - [28/Oct/2018:12:20:19 +0800] "GET /website/css/alterPsw.css HTTP/1.1" 200 560 http-bio-8080-exec-7 81
211.67.55.207 - - [28/Oct/2018:12:20:20 +0800] "GET /website/post/mypost?uid=16 HTTP/1.1" 200 3405 http-bio-8080-exec-7 367
211.67.55.207 - - [28/Oct/2018:12:20:22 +0800] "GET /website/flag/AnnunceList?uid=16 HTTP/1.1" 200 2597 http-bio-8080-exec-7 86
58.218.200.24 - - [28/Oct/2018:12:24:05 +0800] "GET /Ip/Up?Ip=118.89.164.185&Port=8080&Check=91&Order=58.218.200.24 HTTP/1.1" 404 - http-bio-8080-exec-2 0
211.67.55.207 - - [28/Oct/2018:12:29:21 +0800] "GET /website/jsp/login.jsp HTTP/1.1" 200 1207 http-bio-8080-exec-2 494
211.67.55.207 - - [28/Oct/2018:12:29:26 +0800] "POST /website/user/login HTTP/1.1" 302 - http-bio-8080-exec-3 874
211.67.55.207 - - [28/Oct/2018:12:29:29 +0800] "GET /website/jsp/index.jsp HTTP/1.1" 200 15352 http-bio-8080-exec-4 3000
211.67.55.207 - - [28/Oct/2018:12:29:29 +0800] "GET /website/jsp/js/jquery.SuperSlide.2.1.1.js HTTP/1.1" 404 949 http-bio-8080-exec-5 27
211.67.55.207 - - [28/Oct/2018:12:29:29 +0800] "GET /website/jsp/img/search.png HTTP/1.1" 404 949 http-bio-8080-exec-1 17
211.67.55.207 - - [28/Oct/2018:12:29:29 +0800] "GET /website/jsp/img/qrcode.jpg HTTP/1.1" 404 949 http-bio-8080-exec-6 6
211.67.55.207 - - [28/Oct/2018:12:29:29 +0800] "POST /website/image/findAllToJsp HTTP/1.1" 200 893 http-bio-8080-exec-7 91
211.67.55.207 - - [28/Oct/2018:12:29:29 +0800] "GET /website/jsp/img/logo.png HTTP/1.1" 404 949 http-bio-8080-exec-9 109
211.67.55.207 - - [28/Oct/2018:12:29:29 +0800] "GET /website/jsp/img/icon.png HTTP/1.1" 404 949 http-bio-8080-exec-3 34
211.67.55.207 - - [28/Oct/2018:12:29:29 +0800] "POST /website/source/getVideoToIndex HTTP/1.1" 200 3824 http-bio-8080-exec-7 141
211.67.55.207 - - [28/Oct/2018:12:29:29 +0800] "GET /website/websocket/socketServer HTTP/1.1" 101 - http-bio-8080-exec-8 172
211.67.55.207 - - [28/Oct/2018:12:29:31 +0800] "GET /website/user/findByUid?uid= HTTP/1.1" 400 968 http-bio-8080-exec-7 25
211.67.55.207 - - [28/Oct/2018:12:30:17 +0800] "GET /website/jsp/index.jsp HTTP/1.1" 200 15351 http-bio-8080-exec-4 962
211.67.55.207 - - [28/Oct/2018:12:30:17 +0800] "GET /website/jsp/js/jquery.SuperSlide.2.1.1.js HTTP/1.1" 404 949 http-bio-8080-exec-4 35
211.67.55.207 - - [28/Oct/2018:12:30:17 +0800] "GET /website/jsp/img/search.png HTTP/1.1" 404 949 http-bio-8080-exec-2 4
211.67.55.207 - - [28/Oct/2018:12:30:17 +0800] "GET /website/jsp/img/logo.png HTTP/1.1" 404 949 http-bio-8080-exec-9 2
211.67.55.207 - - [28/Oct/2018:12:30:17 +0800] "GET /website/websocket/socketServer HTTP/1.1" 101 - http-bio-8080-exec-6 5
211.67.55.207 - - [28/Oct/2018:12:30:17 +0800] "GET /website/jsp/img/qrcode.jpg HTTP/1.1" 404 949 http-bio-8080-exec-9 3
211.67.55.207 - - [28/Oct/2018:12:30:17 +0800] "GET /website/jsp/img/icon.png HTTP/1.1" 404 949 http-bio-8080-exec-2 3
211.67.55.207 - - [28/Oct/2018:12:30:17 +0800] "POST /website/image/findAllToJsp HTTP/1.1" 200 893 http-bio-8080-exec-4 54
211.67.55.207 - - [28/Oct/2018:12:30:17 +0800] "POST /website/source/getVideoToIndex HTTP/1.1" 200 3824 http-bio-8080-exec-10 68
211.67.55.207 - - [28/Oct/2018:12:30:20 +0800] "GET /website/user/findByUid?uid=16 HTTP/1.1" 200 1766 http-bio-8080-exec-10 358
211.67.55.207 - - [28/Oct/2018:12:30:20 +0800] "GET /website/photo/ef587f0a1edc47188c49f6c977080b96. HTTP/1.1" 404 949 http-bio-8080-exec-10 6
211.67.55.207 - - [28/Oct/2018:12:30:27 +0800] "GET /website/user/findByUid?uid=16 HTTP/1.1" 200 1766 http-bio-8080-exec-10 11
211.67.55.207 - - [28/Oct/2018:12:30:27 +0800] "GET /website/photo/ef587f0a1edc47188c49f6c977080b96. HTTP/1.1" 404 949 http-bio-8080-exec-10 5
211.67.55.207 - - [28/Oct/2018:12:31:51 +0800] "GET /website/jsp/index.jsp HTTP/1.1" 200 15351 http-bio-8080-exec-7 5
211.67.55.207 - - [28/Oct/2018:12:31:51 +0800] "GET /website/jsp/js/jquery.SuperSlide.2.1.1.js HTTP/1.1" 404 949 http-bio-8080-exec-7 4
211.67.55.207 - - [28/Oct/2018:12:31:51 +0800] "GET /website/jsp/img/search.png HTTP/1.1" 404 949 http-bio-8080-exec-3 6
211.67.55.207 - - [28/Oct/2018:12:31:51 +0800] "GET /website/jsp/img/logo.png HTTP/1.1" 404 949 http-bio-8080-exec-7 32
211.67.55.207 - - [28/Oct/2018:12:31:51 +0800] "GET /website/websocket/socketServer HTTP/1.1" 101 - http-bio-8080-exec-5 64
211.67.55.207 - - [28/Oct/2018:12:31:51 +0800] "GET /website/jsp/img/qrcode.jpg HTTP/1.1" 404 949 http-bio-8080-exec-9 9
211.67.55.207 - - [28/Oct/2018:12:31:51 +0800] "GET /website/jsp/img/icon.png HTTP/1.1" 404 949 http-bio-8080-exec-10 6
211.67.55.207 - - [28/Oct/2018:12:31:51 +0800] "POST /website/image/findAllToJsp HTTP/1.1" 200 893 http-bio-8080-exec-3 87
211.67.55.207 - - [28/Oct/2018:12:31:51 +0800] "POST /website/source/getVideoToIndex HTTP/1.1" 200 3824 http-bio-8080-exec-4 122
211.67.55.207 - - [28/Oct/2018:12:31:52 +0800] "GET /website/user/findByUid?uid=16 HTTP/1.1" 200 1769 http-bio-8080-exec-4 47
211.67.55.207 - - [28/Oct/2018:12:31:52 +0800] "GET /website/photo/ef587f0a1edc47188c49f6c977080b96.jpg HTTP/1.1" 404 949 http-bio-8080-exec-4 4
211.67.55.207 - - [28/Oct/2018:12:31:56 +0800] "GET /website/jsp/alterInfo.jsp HTTP/1.1" 200 1618 http-bio-8080-exec-4 48
211.67.55.207 - - [28/Oct/2018:12:32:12 +0800] "POST /website/user/updateInfo HTTP/1.1" 200 1766 http-bio-8080-exec-4 249
211.67.55.207 - - [28/Oct/2018:12:32:12 +0800] "GET /website/photo/ef587f0a1edc47188c49f6c977080b96. HTTP/1.1" 404 949 http-bio-8080-exec-4 5
211.67.55.207 - - [28/Oct/2018:12:32:17 +0800] "GET /website/user/updateInfo HTTP/1.1" 500 4618 http-bio-8080-exec-4 1518
211.67.55.207 - - [28/Oct/2018:12:33:27 +0800] "GET /website/jsp/index.jsp HTTP/1.1" 200 15351 http-bio-8080-exec-8 5
211.67.55.207 - - [28/Oct/2018:12:33:28 +0800] "GET /website/jsp/js/jquery.SuperSlide.2.1.1.js HTTP/1.1" 404 949 http-bio-8080-exec-8 31
211.67.55.207 - - [28/Oct/2018:12:33:28 +0800] "GET /website/jsp/img/search.png HTTP/1.1" 404 949 http-bio-8080-exec-1 3
211.67.55.207 - - [28/Oct/2018:12:33:28 +0800] "GET /website/jsp/img/logo.png HTTP/1.1" 404 949 http-bio-8080-exec-9 3
211.67.55.207 - - [28/Oct/2018:12:33:28 +0800] "GET /website/websocket/socketServer HTTP/1.1" 101 - http-bio-8080-exec-6 9
211.67.55.207 - - [28/Oct/2018:12:33:28 +0800] "GET /website/jsp/img/qrcode.jpg HTTP/1.1" 404 949 http-bio-8080-exec-1 3
211.67.55.207 - - [28/Oct/2018:12:33:28 +0800] "GET /website/jsp/img/icon.png HTTP/1.1" 404 949 http-bio-8080-exec-8 5
211.67.55.207 - - [28/Oct/2018:12:33:28 +0800] "POST /website/image/findAllToJsp HTTP/1.1" 200 893 http-bio-8080-exec-9 10
211.67.55.207 - - [28/Oct/2018:12:33:28 +0800] "POST /website/source/getVideoToIndex HTTP/1.1" 200 3824 http-bio-8080-exec-1 29
211.67.55.207 - - [28/Oct/2018:12:33:29 +0800] "GET /website/user/findByUid?uid=16 HTTP/1.1" 200 1724 http-bio-8080-exec-1 6
211.67.55.207 - - [28/Oct/2018:12:33:31 +0800] "GET /website/jsp/alterInfo.jsp HTTP/1.1" 200 1618 http-bio-8080-exec-1 2
211.67.55.207 - - [28/Oct/2018:12:33:36 +0800] "POST /website/user/updateInfo HTTP/1.1" 200 1766 http-bio-8080-exec-1 60
211.67.55.207 - - [28/Oct/2018:12:33:36 +0800] "GET /website/photo/ef587f0a1edc47188c49f6c977080b96. HTTP/1.1" 404 949 http-bio-8080-exec-1 15
211.67.55.207 - - [28/Oct/2018:12:34:05 +0800] "GET /website/jsp/index.jsp HTTP/1.1" 200 15351 http-bio-8080-exec-1 4
211.67.55.207 - - [28/Oct/2018:12:34:05 +0800] "GET /website/jsp/js/jquery.SuperSlide.2.1.1.js HTTP/1.1" 404 949 http-bio-8080-exec-1 5
211.67.55.207 - - [28/Oct/2018:12:34:05 +0800] "GET /website/jsp/img/search.png HTTP/1.1" 404 949 http-bio-8080-exec-1 22
211.67.55.207 - - [28/Oct/2018:12:34:05 +0800] "GET /website/jsp/img/logo.png HTTP/1.1" 404 949 http-bio-8080-exec-9 34
211.67.55.207 - - [28/Oct/2018:12:34:05 +0800] "GET /website/jsp/js/jquery.SuperSlide.2.1.1.js HTTP/1.1" 404 949 http-bio-8080-exec-8 129
211.67.55.207 - - [28/Oct/2018:12:34:05 +0800] "GET /website/websocket/socketServer HTTP/1.1" 101 - http-bio-8080-exec-9 128
211.67.55.207 - - [28/Oct/2018:12:34:05 +0800] "GET /website/jsp/img/icon.png HTTP/1.1" 404 949 http-bio-8080-exec-8 7
211.67.55.207 - - [28/Oct/2018:12:34:05 +0800] "GET /website/jsp/img/qrcode.jpg HTTP/1.1" 404 949 http-bio-8080-exec-8 9
211.67.55.207 - - [28/Oct/2018:12:34:05 +0800] "POST /website/image/findAllToJsp HTTP/1.1" 200 893 http-bio-8080-exec-1 34
211.67.55.207 - - [28/Oct/2018:12:34:05 +0800] "POST /website/source/getVideoToIndex HTTP/1.1" 200 3824 http-bio-8080-exec-8 35
211.67.55.207 - - [28/Oct/2018:12:34:05 +0800] "GET /website/jsp/index.jsp HTTP/1.1" 200 15351 http-bio-8080-exec-8 2
211.67.55.207 - - [28/Oct/2018:12:34:05 +0800] "GET /website/jsp/js/jquery.SuperSlide.2.1.1.js HTTP/1.1" 404 949 http-bio-8080-exec-8 3
211.67.55.207 - - [28/Oct/2018:12:34:05 +0800] "GET /website/jsp/img/search.png HTTP/1.1" 404 949 http-bio-8080-exec-1 2
211.67.55.207 - - [28/Oct/2018:12:34:05 +0800] "GET /website/jsp/img/logo.png HTTP/1.1" 404 949 http-bio-8080-exec-2 2
211.67.55.207 - - [28/Oct/2018:12:34:05 +0800] "GET /website/websocket/socketServer HTTP/1.1" 101 - http-bio-8080-exec-5 4
211.67.55.207 - - [28/Oct/2018:12:34:05 +0800] "POST /website/image/findAllToJsp HTTP/1.1" 200 893 http-bio-8080-exec-8 8
211.67.55.207 - - [28/Oct/2018:12:34:05 +0800] "GET /website/jsp/img/qrcode.jpg HTTP/1.1" 404 949 http-bio-8080-exec-1 3
211.67.55.207 - - [28/Oct/2018:12:34:05 +0800] "GET /website/jsp/img/icon.png HTTP/1.1" 404 949 http-bio-8080-exec-2 2
211.67.55.207 - - [28/Oct/2018:12:34:05 +0800] "POST /website/source/getVideoToIndex HTTP/1.1" 200 3824 http-bio-8080-exec-3 28
211.67.55.207 - - [28/Oct/2018:12:34:05 +0800] "GET /website/jsp/index.jsp HTTP/1.1" 200 15351 http-bio-8080-exec-3 2
211.67.55.207 - - [28/Oct/2018:12:34:05 +0800] "GET /website/jsp/js/jquery.SuperSlide.2.1.1.js HTTP/1.1" 404 949 http-bio-8080-exec-2 4
211.67.55.207 - - [28/Oct/2018:12:34:05 +0800] "GET /website/jsp/js/jquery.SuperSlide.2.1.1.js HTTP/1.1" 404 949 http-bio-8080-exec-2 11
211.67.55.207 - - [28/Oct/2018:12:34:05 +0800] "GET /website/jsp/img/logo.png HTTP/1.1" 404 949 http-bio-8080-exec-1 32
211.67.55.207 - - [28/Oct/2018:12:34:05 +0800] "GET /website/jsp/img/search.png HTTP/1.1" 404 949 http-bio-8080-exec-3 3
211.67.55.207 - - [28/Oct/2018:12:34:05 +0800] "POST /website/image/findAllToJsp HTTP/1.1" 200 893 http-bio-8080-exec-4 8
211.67.55.207 - - [28/Oct/2018:12:34:05 +0800] "GET /website/jsp/img/qrcode.jpg HTTP/1.1" 404 949 http-bio-8080-exec-2 16
211.67.55.207 - - [28/Oct/2018:12:34:05 +0800] "GET /website/jsp/img/icon.png HTTP/1.1" 404 949 http-bio-8080-exec-8 17
211.67.55.207 - - [28/Oct/2018:12:34:05 +0800] "GET /website/websocket/socketServer HTTP/1.1" 101 - http-bio-8080-exec-4 9
211.67.55.207 - - [28/Oct/2018:12:34:05 +0800] "POST /website/source/getVideoToIndex HTTP/1.1" 200 3824 http-bio-8080-exec-9 36
211.67.55.207 - - [28/Oct/2018:12:34:06 +0800] "GET /website/jsp/index.jsp HTTP/1.1" 200 15351 http-bio-8080-exec-10 2
211.67.55.207 - - [28/Oct/2018:12:34:06 +0800] "GET /website/jsp/js/jquery.SuperSlide.2.1.1.js HTTP/1.1" 404 949 http-bio-8080-exec-10 4
211.67.55.207 - - [28/Oct/2018:12:34:06 +0800] "GET /website/jsp/img/search.png HTTP/1.1" 404 949 http-bio-8080-exec-9 2
211.67.55.207 - - [28/Oct/2018:12:34:06 +0800] "GET /website/jsp/img/logo.png HTTP/1.1" 404 949 http-bio-8080-exec-8 8
211.67.55.207 - - [28/Oct/2018:12:34:06 +0800] "GET /website/jsp/img/qrcode.jpg HTTP/1.1" 404 949 http-bio-8080-exec-10 2
211.67.55.207 - - [28/Oct/2018:12:34:06 +0800] "GET /website/jsp/img/icon.png HTTP/1.1" 404 949 http-bio-8080-exec-2 3
211.67.55.207 - - [28/Oct/2018:12:34:06 +0800] "GET /website/websocket/socketServer HTTP/1.1" 101 - http-bio-8080-exec-10 30
211.67.55.207 - - [28/Oct/2018:12:34:06 +0800] "POST /website/image/findAllToJsp HTTP/1.1" 200 893 http-bio-8080-exec-3 38
211.67.55.207 - - [28/Oct/2018:12:34:06 +0800] "POST /website/source/getVideoToIndex HTTP/1.1" 200 3824 http-bio-8080-exec-1 76
211.67.55.207 - - [28/Oct/2018:12:34:06 +0800] "GET /website/jsp/index.jsp HTTP/1.1" 200 15351 http-bio-8080-exec-3 5
211.67.55.207 - - [28/Oct/2018:12:34:06 +0800] "GET /website/jsp/js/jquery.SuperSlide.2.1.1.js HTTP/1.1" 404 949 http-bio-8080-exec-3 33
211.67.55.207 - - [28/Oct/2018:12:34:06 +0800] "GET /website/jsp/img/search.png HTTP/1.1" 404 949 http-bio-8080-exec-1 1
211.67.55.207 - - [28/Oct/2018:12:34:06 +0800] "GET /website/jsp/img/logo.png HTTP/1.1" 404 949 http-bio-8080-exec-6 3
211.67.55.207 - - [28/Oct/2018:12:34:06 +0800] "GET /website/websocket/socketServer HTTP/1.1" 101 - http-bio-8080-exec-4 6
211.67.55.207 - - [28/Oct/2018:12:34:06 +0800] "GET /website/jsp/img/qrcode.jpg HTTP/1.1" 404 949 http-bio-8080-exec-3 8
211.67.55.207 - - [28/Oct/2018:12:34:06 +0800] "GET /website/jsp/img/icon.png HTTP/1.1" 404 949 http-bio-8080-exec-2 13
211.67.55.207 - - [28/Oct/2018:12:34:06 +0800] "POST /website/image/findAllToJsp HTTP/1.1" 200 893 http-bio-8080-exec-8 17
211.67.55.207 - - [28/Oct/2018:12:34:06 +0800] "POST /website/source/getVideoToIndex HTTP/1.1" 200 3824 http-bio-8080-exec-9 45
211.67.55.207 - - [28/Oct/2018:12:34:06 +0800] "GET /website/jsp/index.jsp HTTP/1.1" 200 15351 http-bio-8080-exec-9 7
211.67.55.207 - - [28/Oct/2018:12:34:06 +0800] "GET /website/jsp/js/jquery.SuperSlide.2.1.1.js HTTP/1.1" 404 949 http-bio-8080-exec-9 12
211.67.55.207 - - [28/Oct/2018:12:34:06 +0800] "GET /website/jsp/img/qrcode.jpg HTTP/1.1" 404 949 http-bio-8080-exec-9 8
211.67.55.207 - - [28/Oct/2018:12:34:06 +0800] "GET /website/jsp/img/icon.png HTTP/1.1" 404 949 http-bio-8080-exec-8 40
211.67.55.207 - - [28/Oct/2018:12:34:06 +0800] "GET /website/jsp/img/logo.png HTTP/1.1" 404 949 http-bio-8080-exec-3 41
211.67.55.207 - - [28/Oct/2018:12:34:06 +0800] "GET /website/jsp/img/search.png HTTP/1.1" 404 949 http-bio-8080-exec-2 42
211.67.55.207 - - [28/Oct/2018:12:34:06 +0800] "POST /website/image/findAllToJsp HTTP/1.1" 200 893 http-bio-8080-exec-6 42
211.67.55.207 - - [28/Oct/2018:12:34:06 +0800] "GET /website/websocket/socketServer HTTP/1.1" 101 - http-bio-8080-exec-7 51
211.67.55.207 - - [28/Oct/2018:12:34:06 +0800] "POST /website/source/getVideoToIndex HTTP/1.1" 200 3824 http-bio-8080-exec-1 57
211.67.55.207 - - [28/Oct/2018:12:34:06 +0800] "GET /website/jsp/index.jsp HTTP/1.1" 200 15351 http-bio-8080-exec-1 1
211.67.55.207 - - [28/Oct/2018:12:34:06 +0800] "GET /website/jsp/js/jquery.SuperSlide.2.1.1.js HTTP/1.1" 404 949 http-bio-8080-exec-1 5
211.67.55.207 - - [28/Oct/2018:12:34:06 +0800] "GET /website/jsp/img/search.png HTTP/1.1" 404 949 http-bio-8080-exec-6 7
211.67.55.207 - - [28/Oct/2018:12:34:06 +0800] "GET /website/jsp/img/logo.png HTTP/1.1" 404 949 http-bio-8080-exec-2 8
211.67.55.207 - - [28/Oct/2018:12:34:06 +0800] "GET /website/jsp/img/qrcode.jpg HTTP/1.1" 404 949 http-bio-8080-exec-1 7
211.67.55.207 - - [28/Oct/2018:12:34:06 +0800] "GET /website/jsp/img/icon.png HTTP/1.1" 404 949 http-bio-8080-exec-3 11
211.67.55.207 - - [28/Oct/2018:12:34:06 +0800] "POST /website/image/findAllToJsp HTTP/1.1" 200 893 http-bio-8080-exec-8 18
211.67.55.207 - - [28/Oct/2018:12:34:06 +0800] "GET /website/websocket/socketServer HTTP/1.1" 101 - http-bio-8080-exec-7 27
211.67.55.207 - - [28/Oct/2018:12:34:06 +0800] "POST /website/source/getVideoToIndex HTTP/1.1" 200 3824 http-bio-8080-exec-9 38
211.67.55.207 - - [28/Oct/2018:12:34:06 +0800] "GET /website/jsp/index.jsp HTTP/1.1" 200 15351 http-bio-8080-exec-9 2
211.67.55.207 - - [28/Oct/2018:12:34:06 +0800] "GET /website/jsp/js/jquery.SuperSlide.2.1.1.js HTTP/1.1" 404 949 http-bio-8080-exec-9 6
211.67.55.207 - - [28/Oct/2018:12:34:06 +0800] "GET /website/jsp/img/qrcode.jpg HTTP/1.1" 404 949 http-bio-8080-exec-3 3
211.67.55.207 - - [28/Oct/2018:12:34:06 +0800] "GET /website/websocket/socketServer HTTP/1.1" 101 - http-bio-8080-exec-3 4
211.67.55.207 - - [28/Oct/2018:12:34:06 +0800] "GET /website/jsp/img/search.png HTTP/1.1" 404 949 http-bio-8080-exec-9 20
211.67.55.207 - - [28/Oct/2018:12:34:06 +0800] "GET /website/jsp/img/logo.png HTTP/1.1" 404 949 http-bio-8080-exec-8 23
211.67.55.207 - - [28/Oct/2018:12:34:06 +0800] "POST /website/image/findAllToJsp HTTP/1.1" 200 893 http-bio-8080-exec-2 12
211.67.55.207 - - [28/Oct/2018:12:34:06 +0800] "GET /website/jsp/img/icon.png HTTP/1.1" 404 949 http-bio-8080-exec-1 19
211.67.55.207 - - [28/Oct/2018:12:34:06 +0800] "POST /website/source/getVideoToIndex HTTP/1.1" 200 3824 http-bio-8080-exec-6 22
211.67.55.207 - - [28/Oct/2018:12:34:08 +0800] "GET /website/jsp/region.jsp HTTP/1.1" 200 12426 http-bio-8080-exec-6 340
211.67.55.207 - - [28/Oct/2018:12:34:08 +0800] "GET /website/jsp/img/line.png HTTP/1.1" 404 949 http-bio-8080-exec-5 3
211.67.55.207 - - [28/Oct/2018:12:34:08 +0800] "GET /website/css/region.css HTTP/1.1" 200 1361 http-bio-8080-exec-6 16
211.67.55.207 - - [28/Oct/2018:12:34:08 +0800] "GET /website/jsp/img/qrcode.jpg HTTP/1.1" 404 949 http-bio-8080-exec-6 2
211.67.55.207 - - [28/Oct/2018:12:34:08 +0800] "GET /website/jsp/img/icon.png HTTP/1.1" 404 949 http-bio-8080-exec-5 2
211.67.55.207 - - [28/Oct/2018:12:34:08 +0800] "GET /website/jsp/img/logo.png HTTP/1.1" 404 949 http-bio-8080-exec-8 1
211.67.55.207 - - [28/Oct/2018:12:34:08 +0800] "GET /website/jsp/img/search.png HTTP/1.1" 404 949 http-bio-8080-exec-1 1
211.67.55.207 - - [28/Oct/2018:12:34:08 +0800] "GET /website/websocket/socketServer HTTP/1.1" 101 - http-bio-8080-exec-10 4
211.67.55.207 - - [28/Oct/2018:12:34:09 +0800] "GET /website/img/intr.jpg HTTP/1.1" 200 199342 http-bio-8080-exec-2 439
211.67.55.207 - - [28/Oct/2018:12:34:17 +0800] "GET /website/user/findByUid?uid=16 HTTP/1.1" 200 1769 http-bio-8080-exec-2 8
211.67.55.207 - - [28/Oct/2018:12:34:17 +0800] "GET /website/photo/94d7248db1434a0bae42a2e4b7cd45b7.jpg HTTP/1.1" 200 24422 http-bio-8080-exec-2 3
211.67.55.207 - - [28/Oct/2018:12:34:30 +0800] "GET /website/jsp/register.jsp HTTP/1.1" 200 2571 http-bio-8080-exec-2 230
211.67.55.207 - - [28/Oct/2018:12:34:30 +0800] "GET /website/css/register.css HTTP/1.1" 200 325 http-bio-8080-exec-2 7
211.67.55.207 - - [28/Oct/2018:12:34:30 +0800] "GET /website/js/my.js HTTP/1.1" 200 1117 http-bio-8080-exec-1 5
211.67.55.207 - - [28/Oct/2018:12:34:30 +0800] "POST /website/basedict/findBycode HTTP/1.1" 200 631 http-bio-8080-exec-1 42
211.67.55.207 - - [28/Oct/2018:12:34:58 +0800] "POST /website/user/regist HTTP/1.1" 200 2589 http-bio-8080-exec-1 24
211.67.55.207 - - [28/Oct/2018:12:34:58 +0800] "POST /website/basedict/findBycode HTTP/1.1" 200 631 http-bio-8080-exec-1 7
211.67.55.207 - - [28/Oct/2018:12:35:01 +0800] "POST /website/basedict/findBycode HTTP/1.1" 200 631 http-bio-8080-exec-1 6
211.67.55.207 - - [28/Oct/2018:12:35:44 +0800] "POST /website/user/regist HTTP/1.1" 200 542 http-bio-8080-exec-1 2571
119.36.86.18 - - [28/Oct/2018:12:35:56 +0800] "GET /website/img/qianli.jpg HTTP/1.1" 206 54575 http-bio-8080-exec-10 8
119.36.86.18 - - [28/Oct/2018:12:35:58 +0800] "GET /website/user/active?code=c5f922af-b556-413a-817e-a1cc7da3c022 HTTP/1.1" 200 551 http-bio-8080-exec-4 12
119.36.86.18 - - [28/Oct/2018:12:35:59 +0800] "GET /favicon.ico HTTP/1.1" 404 - http-bio-8080-exec-4 0
211.67.55.207 - - [28/Oct/2018:12:36:02 +0800] "GET /website/jsp/login.jsp HTTP/1.1" 200 1207 http-bio-8080-exec-1 1
211.67.55.207 - - [28/Oct/2018:12:36:07 +0800] "POST /website/user/login HTTP/1.1" 302 - http-bio-8080-exec-1 5
211.67.55.207 - - [28/Oct/2018:12:36:07 +0800] "GET /website/jsp/index.jsp HTTP/1.1" 200 15351 http-bio-8080-exec-1 1
211.67.55.207 - - [28/Oct/2018:12:36:07 +0800] "GET /website/jsp/js/jquery.SuperSlide.2.1.1.js HTTP/1.1" 404 949 http-bio-8080-exec-1 2
211.67.55.207 - - [28/Oct/2018:12:36:07 +0800] "GET /website/jsp/img/search.png HTTP/1.1" 404 949 http-bio-8080-exec-1 2
211.67.55.207 - - [28/Oct/2018:12:36:07 +0800] "GET /website/jsp/img/logo.png HTTP/1.1" 404 949 http-bio-8080-exec-8 2
211.67.55.207 - - [28/Oct/2018:12:36:07 +0800] "GET /website/jsp/js/jquery.SuperSlide.2.1.1.js HTTP/1.1" 404 949 http-bio-8080-exec-1 1
211.67.55.207 - - [28/Oct/2018:12:36:07 +0800] "GET /website/websocket/socketServer HTTP/1.1" 101 - http-bio-8080-exec-3 3
211.67.55.207 - - [28/Oct/2018:12:36:07 +0800] "GET /website/jsp/img/qrcode.jpg HTTP/1.1" 404 949 http-bio-8080-exec-1 2
211.67.55.207 - - [28/Oct/2018:12:36:07 +0800] "GET /website/jsp/img/icon.png HTTP/1.1" 404 949 http-bio-8080-exec-8 2
211.67.55.207 - - [28/Oct/2018:12:36:07 +0800] "POST /website/image/findAllToJsp HTTP/1.1" 200 893 http-bio-8080-exec-5 4
211.67.55.207 - - [28/Oct/2018:12:36:07 +0800] "POST /website/source/getVideoToIndex HTTP/1.1" 200 3824 http-bio-8080-exec-1 70
211.67.55.207 - - [28/Oct/2018:12:36:09 +0800] "GET /website/user/findByUid?uid=20 HTTP/1.1" 200 1806 http-bio-8080-exec-1 5
211.67.55.207 - - [28/Oct/2018:12:36:19 +0800] "GET /website/jsp/alterInfo.jsp HTTP/1.1" 200 1618 http-bio-8080-exec-1 2
211.67.55.207 - - [28/Oct/2018:12:36:23 +0800] "POST /website/user/updateInfo HTTP/1.1" 200 1807 http-bio-8080-exec-1 12
211.67.55.207 - - [28/Oct/2018:12:36:29 +0800] "GET /website/jsp/index.jsp HTTP/1.1" 200 15351 http-bio-8080-exec-1 2
211.67.55.207 - - [28/Oct/2018:12:36:29 +0800] "GET /website/jsp/js/jquery.SuperSlide.2.1.1.js HTTP/1.1" 404 949 http-bio-8080-exec-1 2
211.67.55.207 - - [28/Oct/2018:12:36:29 +0800] "GET /website/jsp/img/search.png HTTP/1.1" 404 949 http-bio-8080-exec-1 3
211.67.55.207 - - [28/Oct/2018:12:36:29 +0800] "GET /website/jsp/img/logo.png HTTP/1.1" 404 949 http-bio-8080-exec-5 3
211.67.55.207 - - [28/Oct/2018:12:36:29 +0800] "GET /website/jsp/js/jquery.SuperSlide.2.1.1.js HTTP/1.1" 404 949 http-bio-8080-exec-8 19
211.67.55.207 - - [28/Oct/2018:12:36:29 +0800] "GET /website/websocket/socketServer HTTP/1.1" 101 - http-bio-8080-exec-9 4
211.67.55.207 - - [28/Oct/2018:12:36:29 +0800] "GET /website/jsp/img/qrcode.jpg HTTP/1.1" 404 949 http-bio-8080-exec-8 2
211.67.55.207 - - [28/Oct/2018:12:36:29 +0800] "GET /website/jsp/img/icon.png HTTP/1.1" 404 949 http-bio-8080-exec-5 2
211.67.55.207 - - [28/Oct/2018:12:36:29 +0800] "POST /website/image/findAllToJsp HTTP/1.1" 200 893 http-bio-8080-exec-1 7
211.67.55.207 - - [28/Oct/2018:12:36:29 +0800] "POST /website/source/getVideoToIndex HTTP/1.1" 200 3824 http-bio-8080-exec-8 15
211.67.55.207 - - [28/Oct/2018:12:36:30 +0800] "GET /website/jsp/index.jsp HTTP/1.1" 200 15351 http-bio-8080-exec-10 1
211.67.55.207 - - [28/Oct/2018:12:36:30 +0800] "GET /website/jsp/js/jquery.SuperSlide.2.1.1.js HTTP/1.1" 404 949 http-bio-8080-exec-1 14
211.67.55.207 - - [28/Oct/2018:12:36:30 +0800] "GET /website/jsp/img/search.png HTTP/1.1" 404 949 http-bio-8080-exec-10 9
211.67.55.207 - - [28/Oct/2018:12:36:30 +0800] "GET /website/jsp/img/logo.png HTTP/1.1" 404 949 http-bio-8080-exec-5 28
211.67.55.207 - - [28/Oct/2018:12:36:30 +0800] "GET /website/jsp/img/icon.png HTTP/1.1" 404 949 http-bio-8080-exec-8 2
211.67.55.207 - - [28/Oct/2018:12:36:30 +0800] "GET /website/jsp/img/qrcode.jpg HTTP/1.1" 404 949 http-bio-8080-exec-1 1
211.67.55.207 - - [28/Oct/2018:12:36:30 +0800] "POST /website/image/findAllToJsp HTTP/1.1" 200 893 http-bio-8080-exec-10 7
211.67.55.207 - - [28/Oct/2018:12:36:30 +0800] "GET /website/websocket/socketServer HTTP/1.1" 101 - http-bio-8080-exec-8 4
211.67.55.207 - - [28/Oct/2018:12:36:30 +0800] "POST /website/source/getVideoToIndex HTTP/1.1" 200 3824 http-bio-8080-exec-10 18
211.67.55.207 - - [28/Oct/2018:12:36:32 +0800] "GET /website/user/findByUid?uid=20 HTTP/1.1" 200 1851 http-bio-8080-exec-3 56
211.67.55.207 - - [28/Oct/2018:12:36:32 +0800] "GET /website/photo/601487d0b9034b7785daa33481c3b297.jpg HTTP/1.1" 200 24422 http-bio-8080-exec-3 7
211.67.55.207 - - [28/Oct/2018:14:10:23 +0800] "GET /website/jsp/login.jsp HTTP/1.1" 200 1207 http-bio-8080-exec-1 405
211.67.55.207 - - [28/Oct/2018:14:10:23 +0800] "GET /website/css/login.css HTTP/1.1" 200 319 http-bio-8080-exec-2 107
211.67.55.207 - - [28/Oct/2018:14:10:23 +0800] "GET /website/css/reset.css HTTP/1.1" 200 1311 http-bio-8080-exec-3 109
211.67.55.207 - - [28/Oct/2018:14:10:23 +0800] "GET /favicon.ico HTTP/1.1" 404 - http-bio-8080-exec-5 0
211.67.55.207 - - [28/Oct/2018:14:10:28 +0800] "GET /website/jsp/register.jsp HTTP/1.1" 200 2571 http-bio-8080-exec-6 32
211.67.55.207 - - [28/Oct/2018:14:10:28 +0800] "GET /website/css/register.css HTTP/1.1" 200 325 http-bio-8080-exec-7 17
211.67.55.207 - - [28/Oct/2018:14:10:28 +0800] "GET /website/js/my.js HTTP/1.1" 200 1117 http-bio-8080-exec-9 7
211.67.55.207 - - [28/Oct/2018:14:10:28 +0800] "GET /website/js/jquery-1.4.4.min.js HTTP/1.1" 200 78601 http-bio-8080-exec-4 53
211.67.55.207 - - [28/Oct/2018:14:10:29 +0800] "POST /website/basedict/findBycode HTTP/1.1" 200 631 http-bio-8080-exec-4 1014
211.67.55.207 - - [28/Oct/2018:14:10:37 +0800] "POST /website/user/regist HTTP/1.1" 500 4419 http-bio-8080-exec-4 260
211.67.55.207 - - [28/Oct/2018:14:10:42 +0800] "POST /website/basedict/findBycode HTTP/1.1" 200 631 http-bio-8080-exec-10 8
211.67.55.207 - - [28/Oct/2018:14:10:50 +0800] "GET /website/jsp/login.jsp HTTP/1.1" 200 1207 http-bio-8080-exec-10 1
211.67.55.207 - - [28/Oct/2018:14:10:55 +0800] "POST /website/user/login HTTP/1.1" 302 - http-bio-8080-exec-10 10
211.67.55.207 - - [28/Oct/2018:14:10:55 +0800] "GET /website/jsp/index.jsp HTTP/1.1" 200 15351 http-bio-8080-exec-10 31
211.67.55.207 - - [28/Oct/2018:14:10:55 +0800] "GET /website/css/index.css HTTP/1.1" 200 2514 http-bio-8080-exec-8 6
211.67.55.207 - - [28/Oct/2018:14:10:55 +0800] "GET /website/img/user.png HTTP/1.1" 200 787 http-bio-8080-exec-10 6
211.67.55.207 - - [28/Oct/2018:14:10:55 +0800] "GET /website/jsp/js/jquery.SuperSlide.2.1.1.js HTTP/1.1" 404 949 http-bio-8080-exec-2 7
211.67.55.207 - - [28/Oct/2018:14:10:55 +0800] "GET /website/jsp/img/logo.png HTTP/1.1" 404 949 http-bio-8080-exec-10 34
211.67.55.207 - - [28/Oct/2018:14:10:55 +0800] "GET /website/jsp/img/search.png HTTP/1.1" 404 949 http-bio-8080-exec-2 3
211.67.55.207 - - [28/Oct/2018:14:10:55 +0800] "GET /website/jsp/js/jquery.SuperSlide.2.1.1.js HTTP/1.1" 404 949 http-bio-8080-exec-8 3
211.67.55.207 - - [28/Oct/2018:14:10:55 +0800] "GET /website/websocket/socketServer HTTP/1.1" 101 - http-bio-8080-exec-8 38
211.67.55.207 - - [28/Oct/2018:14:10:55 +0800] "GET /website/jsp/img/qrcode.jpg HTTP/1.1" 404 949 http-bio-8080-exec-5 24
211.67.55.207 - - [28/Oct/2018:14:10:55 +0800] "GET /website/jsp/img/icon.png HTTP/1.1" 404 949 http-bio-8080-exec-2 7
211.67.55.207 - - [28/Oct/2018:14:10:55 +0800] "POST /website/image/findAllToJsp HTTP/1.1" 200 893 http-bio-8080-exec-10 28
211.67.55.207 - - [28/Oct/2018:14:10:55 +0800] "GET /website/image/qianli.jpg HTTP/1.1" 200 54575 http-bio-8080-exec-10 223
211.67.55.207 - - [28/Oct/2018:14:10:55 +0800] "GET /website/image/c996bcc1dc304e2f9289cd88c058bebd.jpg HTTP/1.1" 200 54575 http-bio-8080-exec-5 228
211.67.55.207 - - [28/Oct/2018:14:10:55 +0800] "POST /website/source/getVideoToIndex HTTP/1.1" 200 3824 http-bio-8080-exec-3 379
211.67.55.207 - - [28/Oct/2018:14:10:55 +0800] "GET /website/image/f8ea1b3a06294445b50570ab46839131.jpg HTTP/1.1" 200 20052 http-bio-8080-exec-5 6
211.67.55.207 - - [28/Oct/2018:14:10:55 +0800] "GET /website/image/db280d3dda2a41a68bee61636a0c5faf.jpg HTTP/1.1" 200 54575 http-bio-8080-exec-2 344
211.67.55.207 - - [28/Oct/2018:14:10:55 +0800] "GET /website/image/da92814a52454e02a264bb49979fc630.jpg HTTP/1.1" 200 54575 http-bio-8080-exec-7 135
211.67.55.207 - - [28/Oct/2018:14:10:55 +0800] "GET /website/source/video/videoImg/5b00cc07420f45a9bb81e461cf47e7d7.jpg HTTP/1.1" 200 11434 http-bio-8080-exec-3 20
211.67.55.207 - - [28/Oct/2018:14:10:55 +0800] "GET /website/image/d0df703ac0b74baa8574ff6d229367e0.jpg HTTP/1.1" 200 54575 http-bio-8080-exec-9 146
211.67.55.207 - - [28/Oct/2018:14:10:55 +0800] "GET /website/source/video/videoImg/096888d87d2a4b89807b577066d927bd.jpg HTTP/1.1" 200 54575 http-bio-8080-exec-5 11
211.67.55.207 - - [28/Oct/2018:14:10:57 +0800] "GET /website/source/video/videoImg/8818d070df884b759593cbbdaf6311c1.jpg HTTP/1.1" 200 54575 http-bio-8080-exec-7 7
211.67.55.207 - - [28/Oct/2018:14:10:57 +0800] "GET /website/source/video/videoImg/b252849288ea470ab84b9b864b2d41f2.jpg HTTP/1.1" 200 54575 http-bio-8080-exec-3 9
211.67.55.207 - - [28/Oct/2018:14:10:58 +0800] "GET /website/source/video/videoImg/0eaf09f8d3214ee78c3fc81f0c2f1161.jpg HTTP/1.1" 200 54575 http-bio-8080-exec-3 127
211.67.55.207 - - [28/Oct/2018:14:11:00 +0800] "POST /website/user/login HTTP/1.1" 302 - http-bio-8080-exec-5 7
211.67.55.207 - - [28/Oct/2018:14:11:00 +0800] "GET /website/jsp/index.jsp HTTP/1.1" 200 15351 http-bio-8080-exec-5 2
211.67.55.207 - - [28/Oct/2018:14:11:00 +0800] "GET /website/jsp/js/jquery.SuperSlide.2.1.1.js HTTP/1.1" 404 949 http-bio-8080-exec-4 3
211.67.55.207 - - [28/Oct/2018:14:11:00 +0800] "GET /website/jsp/img/search.png HTTP/1.1" 404 949 http-bio-8080-exec-5 5
211.67.55.207 - - [28/Oct/2018:14:11:00 +0800] "GET /website/jsp/img/logo.png HTTP/1.1" 404 949 http-bio-8080-exec-4 3
211.67.55.207 - - [28/Oct/2018:14:11:00 +0800] "GET /website/websocket/socketServer HTTP/1.1" 101 - http-bio-8080-exec-2 5
211.67.55.207 - - [28/Oct/2018:14:11:00 +0800] "POST /website/image/findAllToJsp HTTP/1.1" 200 893 http-bio-8080-exec-8 15
211.67.55.207 - - [28/Oct/2018:14:11:00 +0800] "GET /website/jsp/img/qrcode.jpg HTTP/1.1" 404 949 http-bio-8080-exec-8 2
