119.36.86.20 - - [25/Oct/2018:14:25:15 +0800] "POST /website/basedict/findBycode HTTP/1.1" 200 417 http-bio-8080-exec-6 13
119.36.86.20 - - [25/Oct/2018:14:25:21 +0800] "POST /website/source/getToAdmin HTTP/1.1" 200 12990 http-bio-8080-exec-6 96
119.36.86.20 - - [25/Oct/2018:14:25:21 +0800] "POST /website/basedict/findBycode HTTP/1.1" 200 417 http-bio-8080-exec-6 7
119.36.86.20 - - [25/Oct/2018:14:25:25 +0800] "POST /website/source/getToAdmin HTTP/1.1" 200 13032 http-bio-8080-exec-6 22
119.36.86.20 - - [25/Oct/2018:14:25:25 +0800] "POST /website/basedict/findBycode HTTP/1.1" 200 417 http-bio-8080-exec-6 5
119.36.86.20 - - [25/Oct/2018:14:25:38 +0800] "GET /website/source/getToAdmin?pn=2&bbid=6 HTTP/1.1" 200 13075 http-bio-8080-exec-6 39
119.36.86.20 - - [25/Oct/2018:14:25:38 +0800] "GET /website/source/picture/0aaca1f2d2674590871bf49c6c840c10.jpg HTTP/1.1" 304 - http-bio-8080-exec-1 40
119.36.86.20 - - [25/Oct/2018:14:25:38 +0800] "GET /website/source/picture/243331f7a6ec4fd19e4d28616a56eab4.jpg HTTP/1.1" 304 - http-bio-8080-exec-6 6
119.36.86.20 - - [25/Oct/2018:14:25:38 +0800] "GET /website/source/picture/27a574e985fd483ea050ceb9267c9a90.png HTTP/1.1" 304 - http-bio-8080-exec-5 7
119.36.86.20 - - [25/Oct/2018:14:25:38 +0800] "POST /website/basedict/findBycode HTTP/1.1" 200 417 http-bio-8080-exec-7 4
119.36.86.20 - - [25/Oct/2018:14:25:38 +0800] "GET /website/source/picture/7726559fec5547c5ab85eac596f96c56.jpg HTTP/1.1" 304 - http-bio-8080-exec-2 15
119.36.86.20 - - [25/Oct/2018:14:25:38 +0800] "GET /website/source/picture/309abdcd1ce1433bafab1b11eab62ee6.jpg HTTP/1.1" 304 - http-bio-8080-exec-8 12
119.36.86.20 - - [25/Oct/2018:14:25:41 +0800] "GET /website/source/getToAdmin?pn=3&bbid=6 HTTP/1.1" 200 13090 http-bio-8080-exec-8 56
119.36.86.20 - - [25/Oct/2018:14:25:41 +0800] "GET /website/source/picture/c7a930e9d0744bceb97d8e22e3d39dad.jpg HTTP/1.1" 304 - http-bio-8080-exec-7 11
119.36.86.20 - - [25/Oct/2018:14:25:41 +0800] "GET /website/source/picture/7938feef832e48818b60d03ca9b9dd55.jpg HTTP/1.1" 304 - http-bio-8080-exec-5 20
119.36.86.20 - - [25/Oct/2018:14:25:41 +0800] "GET /website/source/picture/5084984f16df455588ac97a6ddc0aeb4.jpg HTTP/1.1" 304 - http-bio-8080-exec-8 28
119.36.86.20 - - [25/Oct/2018:14:25:41 +0800] "GET /website/source/picture/a87b854a2d374d8bacc0106a9a952a94.jpg HTTP/1.1" 304 - http-bio-8080-exec-2 37
119.36.86.20 - - [25/Oct/2018:14:25:41 +0800] "GET /website/source/picture/f414a6d6e3154f03a65d1903ccf93eed.png HTTP/1.1" 304 - http-bio-8080-exec-6 39
119.36.86.20 - - [25/Oct/2018:14:25:41 +0800] "POST /website/basedict/findBycode HTTP/1.1" 200 417 http-bio-8080-exec-1 7
119.36.86.20 - - [25/Oct/2018:14:25:44 +0800] "GET /website/source/getToAdmin?pn=4&bbid=6 HTTP/1.1" 200 7975 http-bio-8080-exec-6 11
119.36.86.20 - - [25/Oct/2018:14:25:44 +0800] "POST /website/basedict/findBycode HTTP/1.1" 200 417 http-bio-8080-exec-2 16
119.36.86.20 - - [25/Oct/2018:14:25:44 +0800] "GET /website/source/picture/4c1747d4103c41f3ad4482766b58b176.png HTTP/1.1" 304 - http-bio-8080-exec-6 57
119.36.86.20 - - [25/Oct/2018:14:25:48 +0800] "GET /website/source/getToAdmin?pn=3&bbid=6 HTTP/1.1" 200 13090 http-bio-8080-exec-6 26
119.36.86.20 - - [25/Oct/2018:14:25:49 +0800] "POST /website/basedict/findBycode HTTP/1.1" 200 417 http-bio-8080-exec-6 5
119.36.86.20 - - [25/Oct/2018:14:25:50 +0800] "GET /website/source/getToAdmin?pn=2&bbid=6 HTTP/1.1" 200 13075 http-bio-8080-exec-6 103
119.36.86.20 - - [25/Oct/2018:14:25:50 +0800] "POST /website/basedict/findBycode HTTP/1.1" 200 417 http-bio-8080-exec-6 6
119.36.86.20 - - [25/Oct/2018:14:25:59 +0800] "POST /website/source/getToAdmin HTTP/1.1" 200 12990 http-bio-8080-exec-6 21
119.36.86.20 - - [25/Oct/2018:14:26:00 +0800] "POST /website/basedict/findBycode HTTP/1.1" 200 417 http-bio-8080-exec-6 8
119.36.86.20 - - [25/Oct/2018:14:26:02 +0800] "GET /website/source/getToAdmin?pn=2&bbid=6 HTTP/1.1" 200 13075 http-bio-8080-exec-6 37
119.36.86.20 - - [25/Oct/2018:14:26:02 +0800] "POST /website/basedict/findBycode HTTP/1.1" 200 417 http-bio-8080-exec-6 5
119.36.86.20 - - [25/Oct/2018:14:26:03 +0800] "GET /website/source/getToAdmin?pn=3&bbid=6 HTTP/1.1" 200 13090 http-bio-8080-exec-6 15
119.36.86.20 - - [25/Oct/2018:14:26:03 +0800] "POST /website/basedict/findBycode HTTP/1.1" 200 417 http-bio-8080-exec-6 5
119.36.86.20 - - [25/Oct/2018:14:26:03 +0800] "GET /website/source/getToAdmin?pn=4&bbid=6 HTTP/1.1" 200 7975 http-bio-8080-exec-6 32
119.36.86.20 - - [25/Oct/2018:14:26:03 +0800] "POST /website/basedict/findBycode HTTP/1.1" 200 417 http-bio-8080-exec-6 4
119.36.86.20 - - [25/Oct/2018:14:26:05 +0800] "GET /website/source/getToAdmin?pn=3&bbid=6 HTTP/1.1" 200 13090 http-bio-8080-exec-6 17
119.36.86.20 - - [25/Oct/2018:14:26:05 +0800] "POST /website/basedict/findBycode HTTP/1.1" 200 417 http-bio-8080-exec-6 4
119.36.86.20 - - [25/Oct/2018:14:26:06 +0800] "GET /website/source/getToAdmin?pn=2&bbid=6 HTTP/1.1" 200 13075 http-bio-8080-exec-6 17
119.36.86.20 - - [25/Oct/2018:14:26:06 +0800] "POST /website/basedict/findBycode HTTP/1.1" 200 417 http-bio-8080-exec-6 11
119.36.86.20 - - [25/Oct/2018:14:26:11 +0800] "POST /website/source/getToAdmin HTTP/1.1" 200 7897 http-bio-8080-exec-6 20
119.36.86.20 - - [25/Oct/2018:14:26:12 +0800] "POST /website/basedict/findBycode HTTP/1.1" 200 417 http-bio-8080-exec-6 4
119.36.86.20 - - [25/Oct/2018:14:26:19 +0800] "GET /website/image/findAll HTTP/1.1" 200 11852 http-bio-8080-exec-6 125
119.36.86.20 - - [25/Oct/2018:14:26:19 +0800] "GET /website/adminjsp/layui/layui.all.js HTTP/1.1" 404 949 http-bio-8080-exec-6 1
119.36.86.20 - - [25/Oct/2018:14:26:23 +0800] "GET /website/image/findAll?pn=2 HTTP/1.1" 200 9536 http-bio-8080-exec-6 62
119.36.86.20 - - [25/Oct/2018:14:26:24 +0800] "GET /website/adminjsp/layui/layui.all.js HTTP/1.1" 404 949 http-bio-8080-exec-6 1
119.36.86.20 - - [25/Oct/2018:14:26:26 +0800] "GET /website/image/findAll?pn=1 HTTP/1.1" 200 11852 http-bio-8080-exec-6 8
119.36.86.20 - - [25/Oct/2018:14:26:26 +0800] "GET /website/adminjsp/layui/layui.all.js HTTP/1.1" 404 949 http-bio-8080-exec-6 2
119.36.86.20 - - [25/Oct/2018:14:29:57 +0800] "GET /favicon.ico HTTP/1.1" 404 - http-bio-8080-exec-9 0
119.36.86.20 - - [25/Oct/2018:14:30:02 +0800] "GET /website/jsp/index.jsp HTTP/1.1" 200 16307 http-bio-8080-exec-4 3
119.36.86.20 - - [25/Oct/2018:14:30:02 +0800] "GET /website/jsp/js/jquery.SuperSlide.2.1.1.js HTTP/1.1" 404 949 http-bio-8080-exec-9 2
119.36.86.20 - - [25/Oct/2018:14:30:02 +0800] "GET /website/jsp/img/logo.png HTTP/1.1" 404 949 http-bio-8080-exec-4 2
119.36.86.20 - - [25/Oct/2018:14:30:02 +0800] "GET /website/jsp/img/search.png HTTP/1.1" 404 949 http-bio-8080-exec-5 2
119.36.86.20 - - [25/Oct/2018:14:30:02 +0800] "GET /website/websocket/socketServer HTTP/1.1" 101 - http-bio-8080-exec-4 8
119.36.86.20 - - [25/Oct/2018:14:30:02 +0800] "GET /website/jsp/img/qrcode.jpg HTTP/1.1" 404 949 http-bio-8080-exec-5 3
119.36.86.20 - - [25/Oct/2018:14:30:02 +0800] "GET /website/jsp/img/icon.png HTTP/1.1" 404 949 http-bio-8080-exec-6 2
119.36.86.20 - - [25/Oct/2018:14:30:02 +0800] "POST /website/source/getVideoToIndex HTTP/1.1" 200 3824 http-bio-8080-exec-5 21
119.36.86.20 - - [25/Oct/2018:14:30:02 +0800] "POST /website/image/findAllToJsp HTTP/1.1" 200 893 http-bio-8080-exec-6 18
119.36.86.20 - - [25/Oct/2018:14:30:06 +0800] "GET /website/flag/AnnunceList?uid=16 HTTP/1.1" 200 2682 http-bio-8080-exec-6 85
119.36.86.20 - - [25/Oct/2018:14:30:06 +0800] "GET /website/css/userMsg.css HTTP/1.1" 304 - http-bio-8080-exec-6 4
119.36.86.20 - - [25/Oct/2018:14:30:09 +0800] "GET /website/flag/AnnunceList?uid=16 HTTP/1.1" 200 2682 http-bio-8080-exec-6 18
119.36.86.20 - - [25/Oct/2018:14:30:14 +0800] "GET /website/flag/updateStatus?fid=4&uid=16 HTTP/1.1" 302 - http-bio-8080-exec-6 199
119.36.86.20 - - [25/Oct/2018:14:30:14 +0800] "GET /website/flag/AnnunceList?uid=16 HTTP/1.1" 200 2597 http-bio-8080-exec-6 23
119.36.86.20 - - [25/Oct/2018:14:30:16 +0800] "GET /website/jsp/userInfo.jsp HTTP/1.1" 200 1768 http-bio-8080-exec-6 11
119.36.86.20 - - [25/Oct/2018:14:30:28 +0800] "GET /website/jsp/alterInfo.jsp HTTP/1.1" 200 1608 http-bio-8080-exec-6 22
119.36.86.20 - - [25/Oct/2018:14:30:29 +0800] "GET /website/jsp/alterPsw.jsp HTTP/1.1" 200 1545 http-bio-8080-exec-6 107
119.36.86.20 - - [25/Oct/2018:14:30:29 +0800] "GET /website/css/alterPsw.css HTTP/1.1" 304 - http-bio-8080-exec-6 3
119.36.86.20 - - [25/Oct/2018:14:30:31 +0800] "GET /website/post/mypost?uid=16 HTTP/1.1" 200 3405 http-bio-8080-exec-6 166
119.36.86.20 - - [25/Oct/2018:14:30:31 +0800] "GET /website/css/postRecord.css HTTP/1.1" 304 - http-bio-8080-exec-6 3
119.36.86.20 - - [25/Oct/2018:14:30:39 +0800] "GET /website/jsp/index.jsp HTTP/1.1" 200 16307 http-bio-8080-exec-6 11
119.36.86.20 - - [25/Oct/2018:14:30:39 +0800] "GET /website/jsp/js/jquery.SuperSlide.2.1.1.js HTTP/1.1" 404 949 http-bio-8080-exec-6 2
119.36.86.20 - - [25/Oct/2018:14:30:39 +0800] "GET /website/jsp/img/logo.png HTTP/1.1" 404 949 http-bio-8080-exec-5 2
119.36.86.20 - - [25/Oct/2018:14:30:39 +0800] "GET /website/jsp/img/search.png HTTP/1.1" 404 949 http-bio-8080-exec-9 2
119.36.86.20 - - [25/Oct/2018:14:30:39 +0800] "GET /website/jsp/img/qrcode.jpg HTTP/1.1" 404 949 http-bio-8080-exec-3 1
119.36.86.20 - - [25/Oct/2018:14:30:39 +0800] "POST /website/image/findAllToJsp HTTP/1.1" 200 893 http-bio-8080-exec-6 3
119.36.86.20 - - [25/Oct/2018:14:30:39 +0800] "GET /website/jsp/img/icon.png HTTP/1.1" 404 949 http-bio-8080-exec-4 1
119.36.86.20 - - [25/Oct/2018:14:30:39 +0800] "POST /website/source/getVideoToIndex HTTP/1.1" 200 3824 http-bio-8080-exec-7 12
119.36.86.20 - - [25/Oct/2018:14:30:39 +0800] "GET /website/websocket/socketServer HTTP/1.1" 101 - http-bio-8080-exec-8 24
119.36.86.20 - - [25/Oct/2018:14:30:53 +0800] "GET /website/source/getAllSource HTTP/1.1" 200 17243 http-bio-8080-exec-7 22
119.36.86.20 - - [25/Oct/2018:14:30:53 +0800] "GET /website/source/img/logo.png HTTP/1.1" 404 949 http-bio-8080-exec-7 2
119.36.86.20 - - [25/Oct/2018:14:30:53 +0800] "GET /website/source/img/search.png HTTP/1.1" 404 949 http-bio-8080-exec-4 2
119.36.86.20 - - [25/Oct/2018:14:30:53 +0800] "GET /website/websocket/socketServer HTTP/1.1" 101 - http-bio-8080-exec-1 4
119.36.86.20 - - [25/Oct/2018:14:30:53 +0800] "POST /website/basedict/findBycode HTTP/1.1" 200 417 http-bio-8080-exec-4 6
119.36.86.20 - - [25/Oct/2018:14:32:39 +0800] "POST /website/source/getAllSource HTTP/1.1" 200 15135 http-bio-8080-exec-10 35
119.36.86.20 - - [25/Oct/2018:14:32:39 +0800] "POST /website/basedict/findBycode HTTP/1.1" 200 417 http-bio-8080-exec-10 5
119.36.86.20 - - [25/Oct/2018:14:32:39 +0800] "GET /website/websocket/socketServer HTTP/1.1" 101 - http-bio-8080-exec-9 5
119.36.86.20 - - [25/Oct/2018:14:32:39 +0800] "GET /website/source/img/logo.png HTTP/1.1" 404 949 http-bio-8080-exec-10 2
119.36.86.20 - - [25/Oct/2018:14:32:39 +0800] "GET /website/source/img/search.png HTTP/1.1" 404 949 http-bio-8080-exec-6 2
119.36.86.20 - - [25/Oct/2018:14:32:44 +0800] "POST /website/source/getAllSource HTTP/1.1" 200 15135 http-bio-8080-exec-6 16
119.36.86.20 - - [25/Oct/2018:14:32:44 +0800] "GET /website/source/img/logo.png HTTP/1.1" 404 949 http-bio-8080-exec-6 2
119.36.86.20 - - [25/Oct/2018:14:32:44 +0800] "GET /website/source/img/search.png HTTP/1.1" 404 949 http-bio-8080-exec-10 1
119.36.86.20 - - [25/Oct/2018:14:32:44 +0800] "POST /website/basedict/findBycode HTTP/1.1" 200 417 http-bio-8080-exec-6 6
119.36.86.20 - - [25/Oct/2018:14:32:44 +0800] "GET /website/websocket/socketServer HTTP/1.1" 101 - http-bio-8080-exec-5 3
119.36.86.20 - - [25/Oct/2018:14:32:49 +0800] "POST /website/source/getAllSource HTTP/1.1" 200 17243 http-bio-8080-exec-3 20
119.36.86.20 - - [25/Oct/2018:14:32:49 +0800] "GET /website/source/img/search.png HTTP/1.1" 404 949 http-bio-8080-exec-6 2
119.36.86.20 - - [25/Oct/2018:14:32:49 +0800] "GET /website/source/img/logo.png HTTP/1.1" 404 949 http-bio-8080-exec-10 2
119.36.86.20 - - [25/Oct/2018:14:32:49 +0800] "POST /website/basedict/findBycode HTTP/1.1" 200 417 http-bio-8080-exec-3 7
119.36.86.20 - - [25/Oct/2018:14:32:49 +0800] "GET /website/websocket/socketServer HTTP/1.1" 101 - http-bio-8080-exec-3 3
61.176.223.98 - - [25/Oct/2018:14:34:17 +0800] "GET /Ip/Up?Ip=118.89.164.185&Port=8080&Check=91&Order=61.176.223.98 HTTP/1.1" 404 - http-bio-8080-exec-4 0
42.236.10.117 - - [25/Oct/2018:14:37:57 +0800] "GET /website/source/lookVid HTTP/1.1" 500 5030 http-bio-8080-exec-9 35
113.10.244.66 - - [25/Oct/2018:14:38:28 +0800] "GET /website/source/lookVid HTTP/1.1" 500 5030 http-bio-8080-exec-2 21
61.176.222.170 - - [25/Oct/2018:14:45:51 +0800] "GET /Ip/Up?Ip=118.89.164.185&Port=8080&Check=91&Order=61.176.222.170 HTTP/1.1" 404 - http-bio-8080-exec-7 0
61.176.223.98 - - [25/Oct/2018:14:56:58 +0800] "GET /Ip/Up?Ip=118.89.164.185&Port=8080&Check=91&Order=61.176.223.98 HTTP/1.1" 404 - http-bio-8080-exec-3 0
5.188.210.12 - - [25/Oct/2018:14:59:28 +0800] "GET /echo.php HTTP/1.1" 404 - http-bio-8080-exec-8 0
35.200.104.16 - - [25/Oct/2018:15:18:26 +0800] "GET / HTTP/1.1" 404 - http-bio-8080-exec-7 0
61.176.222.170 - - [25/Oct/2018:15:31:14 +0800] "GET /Ip/Up?Ip=118.89.164.185&Port=8080&Check=91&Order=61.176.222.170 HTTP/1.1" 404 - http-bio-8080-exec-3 0
61.176.222.170 - - [25/Oct/2018:15:53:57 +0800] "GET /Ip/Up?Ip=118.89.164.185&Port=8080&Check=91&Order=61.176.222.170 HTTP/1.1" 404 - http-bio-8080-exec-1 0
58.218.200.24 - - [25/Oct/2018:16:05:26 +0800] "GET /Ip/Up?Ip=118.89.164.185&Port=8080&Check=91&Order=58.218.200.24 HTTP/1.1" 404 - http-bio-8080-exec-4 0
61.176.223.98 - - [25/Oct/2018:16:16:39 +0800] "GET /Ip/Up?Ip=118.89.164.185&Port=8080&Check=91&Order=61.176.223.98 HTTP/1.1" 404 - http-bio-8080-exec-2 0
61.176.223.98 - - [25/Oct/2018:16:28:09 +0800] "GET /Ip/Up?Ip=118.89.164.185&Port=8080&Check=91&Order=61.176.223.98 HTTP/1.1" 404 - http-bio-8080-exec-6 0
101.199.121.77 - - [25/Oct/2018:16:28:45 +0800] "GET / HTTP/1.1" 404 - http-bio-8080-exec-10 0
61.176.222.170 - - [25/Oct/2018:16:39:20 +0800] "GET /Ip/Up?Ip=118.89.164.185&Port=8080&Check=91&Order=61.176.222.170 HTTP/1.1" 404 - http-bio-8080-exec-5 0
58.218.200.24 - - [25/Oct/2018:16:50:41 +0800] "GET /Ip/Up?Ip=118.89.164.185&Port=8080&Check=91&Order=58.218.200.24 HTTP/1.1" 404 - http-bio-8080-exec-9 0
61.176.222.170 - - [25/Oct/2018:17:02:07 +0800] "GET /Ip/Up?Ip=118.89.164.185&Port=8080&Check=91&Order=61.176.222.170 HTTP/1.1" 404 - http-bio-8080-exec-8 0
58.218.200.24 - - [25/Oct/2018:17:13:16 +0800] "GET /Ip/Up?Ip=118.89.164.185&Port=8080&Check=91&Order=58.218.200.24 HTTP/1.1" 404 - http-bio-8080-exec-7 0
61.176.223.98 - - [25/Oct/2018:17:24:44 +0800] "GET /Ip/Up?Ip=118.89.164.185&Port=8080&Check=91&Order=61.176.223.98 HTTP/1.1" 404 - http-bio-8080-exec-3 0
61.176.222.170 - - [25/Oct/2018:17:35:56 +0800] "GET /Ip/Up?Ip=118.89.164.185&Port=8080&Check=91&Order=61.176.222.170 HTTP/1.1" 404 - http-bio-8080-exec-1 0
85.204.210.3 - - [25/Oct/2018:17:39:23 +0800] "GET / HTTP/1.1" 404 - http-bio-8080-exec-4 0
58.218.200.24 - - [25/Oct/2018:17:47:00 +0800] "GET /Ip/Up?Ip=118.89.164.185&Port=8080&Check=91&Order=58.218.200.24 HTTP/1.1" 404 - http-bio-8080-exec-2 0
183.57.53.177 - - [25/Oct/2018:17:53:40 +0800] "GET /website/websocket/socketServer HTTP/1.1" 200 - http-bio-8080-exec-6 2
61.176.223.98 - - [25/Oct/2018:17:58:11 +0800] "GET /Ip/Up?Ip=118.89.164.185&Port=8080&Check=91&Order=61.176.223.98 HTTP/1.1" 404 - http-bio-8080-exec-7 0
47.94.43.182 - - [25/Oct/2018:18:00:27 +0800] "CONNECT dnspod.qcloud.com:443 HTTP/1.0" 400 - http-bio-8080-exec-5 0
58.218.200.24 - - [25/Oct/2018:18:09:29 +0800] "GET /Ip/Up?Ip=118.89.164.185&Port=8080&Check=91&Order=58.218.200.24 HTTP/1.1" 404 - http-bio-8080-exec-1 0
61.176.223.98 - - [25/Oct/2018:18:20:39 +0800] "GET /Ip/Up?Ip=118.89.164.185&Port=8080&Check=91&Order=61.176.223.98 HTTP/1.1" 404 - http-bio-8080-exec-4 0
58.218.200.24 - - [25/Oct/2018:18:43:04 +0800] "GET /Ip/Up?Ip=118.89.164.185&Port=8080&Check=91&Order=58.218.200.24 HTTP/1.1" 404 - http-bio-8080-exec-2 0
14.102.102.66 - - [25/Oct/2018:18:50:53 +0800] "GET / HTTP/1.1" 404 - http-bio-8080-exec-10 0
187.94.35.33 - - [25/Oct/2018:18:53:10 +0800] "GET / HTTP/1.1" 404 - http-bio-8080-exec-3 0
61.176.223.98 - - [25/Oct/2018:18:54:08 +0800] "GET /Ip/Up?Ip=118.89.164.185&Port=8080&Check=91&Order=61.176.223.98 HTTP/1.1" 404 - http-bio-8080-exec-9 0
58.218.200.24 - - [25/Oct/2018:19:05:14 +0800] "GET /Ip/Up?Ip=118.89.164.185&Port=8080&Check=91&Order=58.218.200.24 HTTP/1.1" 404 - http-bio-8080-exec-8 0
58.218.200.24 - - [25/Oct/2018:19:27:50 +0800] "GET /Ip/Up?Ip=118.89.164.185&Port=8080&Check=91&Order=58.218.200.24 HTTP/1.1" 404 - http-bio-8080-exec-6 0
58.218.200.24 - - [25/Oct/2018:19:38:54 +0800] "GET /Ip/Up?Ip=118.89.164.185&Port=8080&Check=91&Order=58.218.200.24 HTTP/1.1" 404 - http-bio-8080-exec-7 0
61.176.222.170 - - [25/Oct/2018:19:50:14 +0800] "GET /Ip/Up?Ip=118.89.164.185&Port=8080&Check=91&Order=61.176.222.170 HTTP/1.1" 404 - http-bio-8080-exec-5 0
60.191.38.77 - - [25/Oct/2018:20:00:00 +0800] "GET / HTTP/1.1" 404 - http-bio-8080-exec-1 0
61.176.222.170 - - [25/Oct/2018:20:01:18 +0800] "GET /Ip/Up?Ip=118.89.164.185&Port=8080&Check=91&Order=61.176.222.170 HTTP/1.1" 404 - http-bio-8080-exec-4 0
61.176.222.170 - - [25/Oct/2018:20:12:15 +0800] "GET /Ip/Up?Ip=118.89.164.185&Port=8080&Check=91&Order=61.176.222.170 HTTP/1.1" 404 - http-bio-8080-exec-2 0
61.176.222.170 - - [25/Oct/2018:20:23:19 +0800] "GET /Ip/Up?Ip=118.89.164.185&Port=8080&Check=91&Order=61.176.222.170 HTTP/1.1" 404 - http-bio-8080-exec-10 0
61.176.222.170 - - [25/Oct/2018:20:34:19 +0800] "GET /Ip/Up?Ip=118.89.164.185&Port=8080&Check=91&Order=61.176.222.170 HTTP/1.1" 404 - http-bio-8080-exec-5 0
61.176.222.170 - - [25/Oct/2018:20:45:21 +0800] "GET /Ip/Up?Ip=118.89.164.185&Port=8080&Check=91&Order=61.176.222.170 HTTP/1.1" 404 - http-bio-8080-exec-1 0
61.176.223.98 - - [25/Oct/2018:20:56:18 +0800] "GET /Ip/Up?Ip=118.89.164.185&Port=8080&Check=91&Order=61.176.223.98 HTTP/1.1" 404 - http-bio-8080-exec-4 0
58.218.200.24 - - [25/Oct/2018:21:07:11 +0800] "GET /Ip/Up?Ip=118.89.164.185&Port=8080&Check=91&Order=58.218.200.24 HTTP/1.1" 404 - http-bio-8080-exec-2 0
61.176.222.170 - - [25/Oct/2018:21:28:52 +0800] "GET /Ip/Up?Ip=118.89.164.185&Port=8080&Check=91&Order=61.176.222.170 HTTP/1.1" 404 - http-bio-8080-exec-10 0
58.218.200.24 - - [25/Oct/2018:21:39:46 +0800] "GET /Ip/Up?Ip=118.89.164.185&Port=8080&Check=91&Order=58.218.200.24 HTTP/1.1" 404 - http-bio-8080-exec-9 0
47.94.43.182 - - [25/Oct/2018:21:43:48 +0800] "CONNECT dnspod.qcloud.com:443 HTTP/1.0" 400 - http-bio-8080-exec-1 0
60.191.66.218 - - [25/Oct/2018:21:49:44 +0800] "GET /manager/html HTTP/1.1" 404 - http-bio-8080-exec-6 0
58.218.200.24 - - [25/Oct/2018:21:50:21 +0800] "GET /Ip/Up?Ip=118.89.164.185&Port=8080&Check=91&Order=58.218.200.24 HTTP/1.1" 404 - http-bio-8080-exec-7 0
61.176.223.98 - - [25/Oct/2018:22:12:18 +0800] "GET /Ip/Up?Ip=118.89.164.185&Port=8080&Check=91&Order=61.176.223.98 HTTP/1.1" 404 - http-bio-8080-exec-3 0
58.218.200.24 - - [25/Oct/2018:22:23:11 +0800] "GET /Ip/Up?Ip=118.89.164.185&Port=8080&Check=91&Order=58.218.200.24 HTTP/1.1" 404 - http-bio-8080-exec-5 0
61.176.222.170 - - [25/Oct/2018:22:33:52 +0800] "GET /Ip/Up?Ip=118.89.164.185&Port=8080&Check=91&Order=61.176.222.170 HTTP/1.1" 404 - http-bio-8080-exec-8 0
61.176.223.98 - - [25/Oct/2018:22:44:42 +0800] "GET /Ip/Up?Ip=118.89.164.185&Port=8080&Check=91&Order=61.176.223.98 HTTP/1.1" 404 - http-bio-8080-exec-4 0
112.66.106.141 - - [25/Oct/2018:22:49:34 +0800] "GET / HTTP/1.1" 404 - http-bio-8080-exec-7 0
61.176.222.170 - - [25/Oct/2018:22:55:15 +0800] "GET /Ip/Up?Ip=118.89.164.185&Port=8080&Check=91&Order=61.176.222.170 HTTP/1.1" 404 - http-bio-8080-exec-3 0
61.176.223.98 - - [25/Oct/2018:23:06:11 +0800] "GET /Ip/Up?Ip=118.89.164.185&Port=8080&Check=91&Order=61.176.223.98 HTTP/1.1" 404 - http-bio-8080-exec-5 0
58.218.200.24 - - [25/Oct/2018:23:17:02 +0800] "GET /Ip/Up?Ip=118.89.164.185&Port=8080&Check=91&Order=58.218.200.24 HTTP/1.1" 404 - http-bio-8080-exec-8 0
222.124.190.202 - - [25/Oct/2018:23:17:50 +0800] "GET / HTTP/1.1" 404 - http-bio-8080-exec-4 0
58.218.200.24 - - [25/Oct/2018:23:27:44 +0800] "GET /Ip/Up?Ip=118.89.164.185&Port=8080&Check=91&Order=58.218.200.24 HTTP/1.1" 404 - http-bio-8080-exec-10 0
123.249.0.210 - - [25/Oct/2018:23:37:42 +0800] "GET / HTTP/1.1" 404 - http-bio-8080-exec-9 0
123.249.0.210 - - [25/Oct/2018:23:37:42 +0800] "GET / HTTP/1.1" 404 - http-bio-8080-exec-9 0
61.176.222.170 - - [25/Oct/2018:23:38:45 +0800] "GET /Ip/Up?Ip=118.89.164.185&Port=8080&Check=91&Order=61.176.222.170 HTTP/1.1" 404 - http-bio-8080-exec-5 0
80.82.70.187 - - [25/Oct/2018:23:44:21 +0800] "GET /cache/global/img/gs.gif HTTP/1.1" 404 - http-bio-8080-exec-8 0
61.176.223.98 - - [25/Oct/2018:23:49:17 +0800] "GET /Ip/Up?Ip=118.89.164.185&Port=8080&Check=91&Order=61.176.223.98 HTTP/1.1" 404 - http-bio-8080-exec-4 0
103.212.90.116 - - [25/Oct/2018:23:55:13 +0800] "GET / HTTP/1.1" 404 - http-bio-8080-exec-10 0
