61.176.223.98 - - [30/Oct/2018:05:58:37 +0800] "GET /Ip/Up?Ip=118.89.164.185&Port=8080&Check=91&Order=61.176.223.98 HTTP/1.1" 404 - http-bio-8080-exec-6 0
58.218.200.24 - - [30/Oct/2018:06:04:25 +0800] "GET /Ip/Up?Ip=118.89.164.185&Port=8080&Check=91&Order=58.218.200.24 HTTP/1.1" 404 - http-bio-8080-exec-10 0
61.176.223.98 - - [30/Oct/2018:06:10:02 +0800] "GET /Ip/Up?Ip=118.89.164.185&Port=8080&Check=91&Order=61.176.223.98 HTTP/1.1" 404 - http-bio-8080-exec-7 0
61.176.223.98 - - [30/Oct/2018:06:15:38 +0800] "GET /Ip/Up?Ip=118.89.164.185&Port=8080&Check=91&Order=61.176.223.98 HTTP/1.1" 404 - http-bio-8080-exec-2 0
122.114.81.174 - - [30/Oct/2018:06:17:44 +0800] "GET /manager/html HTTP/1.1" 404 - http-bio-8080-exec-5 0
122.114.81.174 - - [30/Oct/2018:06:17:54 +0800] "GET /manager/html HTTP/1.1" 404 - http-bio-8080-exec-3 0
183.205.143.210 - - [30/Oct/2018:06:19:59 +0800] "GET / HTTP/1.1" 404 - http-bio-8080-exec-1 0
58.218.200.24 - - [30/Oct/2018:06:21:14 +0800] "GET /Ip/Up?Ip=118.89.164.185&Port=8080&Check=91&Order=58.218.200.24 HTTP/1.1" 404 - http-bio-8080-exec-8 0
61.176.222.170 - - [30/Oct/2018:06:27:02 +0800] "GET /Ip/Up?Ip=118.89.164.185&Port=8080&Check=91&Order=61.176.222.170 HTTP/1.1" 404 - http-bio-8080-exec-9 0
61.176.222.170 - - [30/Oct/2018:06:32:51 +0800] "GET /Ip/Up?Ip=118.89.164.185&Port=8080&Check=91&Order=61.176.222.170 HTTP/1.1" 404 - http-bio-8080-exec-4 0
61.176.222.170 - - [30/Oct/2018:06:49:40 +0800] "GET /Ip/Up?Ip=118.89.164.185&Port=8080&Check=91&Order=61.176.222.170 HTTP/1.1" 404 - http-bio-8080-exec-6 0
58.218.200.24 - - [30/Oct/2018:07:01:04 +0800] "GET /Ip/Up?Ip=118.89.164.185&Port=8080&Check=91&Order=58.218.200.24 HTTP/1.1" 404 - http-bio-8080-exec-10 0
58.218.200.24 - - [30/Oct/2018:07:06:40 +0800] "GET /Ip/Up?Ip=118.89.164.185&Port=8080&Check=91&Order=58.218.200.24 HTTP/1.1" 404 - http-bio-8080-exec-7 0
58.218.200.24 - - [30/Oct/2018:07:12:11 +0800] "GET /Ip/Up?Ip=118.89.164.185&Port=8080&Check=91&Order=58.218.200.24 HTTP/1.1" 404 - http-bio-8080-exec-2 0
58.218.200.24 - - [30/Oct/2018:07:17:56 +0800] "GET /Ip/Up?Ip=118.89.164.185&Port=8080&Check=91&Order=58.218.200.24 HTTP/1.1" 404 - http-bio-8080-exec-5 0
58.218.200.24 - - [30/Oct/2018:07:23:35 +0800] "GET /Ip/Up?Ip=118.89.164.185&Port=8080&Check=91&Order=58.218.200.24 HTTP/1.1" 404 - http-bio-8080-exec-3 0
58.218.200.24 - - [30/Oct/2018:07:29:14 +0800] "GET /Ip/Up?Ip=118.89.164.185&Port=8080&Check=91&Order=58.218.200.24 HTTP/1.1" 404 - http-bio-8080-exec-1 0
80.82.78.50 - - [30/Oct/2018:07:31:29 +0800] "GET /cache/global/img/gs.gif HTTP/1.1" 404 - http-bio-8080-exec-8 0
61.176.222.170 - - [30/Oct/2018:07:34:54 +0800] "GET /Ip/Up?Ip=118.89.164.185&Port=8080&Check=91&Order=61.176.222.170 HTTP/1.1" 404 - http-bio-8080-exec-9 0
61.176.223.98 - - [30/Oct/2018:07:40:42 +0800] "GET /Ip/Up?Ip=118.89.164.185&Port=8080&Check=91&Order=61.176.223.98 HTTP/1.1" 404 - http-bio-8080-exec-4 0
43.229.73.134 - - [30/Oct/2018:07:45:49 +0800] "GET / HTTP/1.1" 404 - http-bio-8080-exec-6 0
58.218.200.24 - - [30/Oct/2018:07:51:53 +0800] "GET /Ip/Up?Ip=118.89.164.185&Port=8080&Check=91&Order=58.218.200.24 HTTP/1.1" 404 - http-bio-8080-exec-10 0
61.176.222.170 - - [30/Oct/2018:07:57:47 +0800] "GET /Ip/Up?Ip=118.89.164.185&Port=8080&Check=91&Order=61.176.222.170 HTTP/1.1" 404 - http-bio-8080-exec-7 0
61.176.223.98 - - [30/Oct/2018:08:03:30 +0800] "GET /Ip/Up?Ip=118.89.164.185&Port=8080&Check=91&Order=61.176.223.98 HTTP/1.1" 404 - http-bio-8080-exec-2 0
61.176.223.98 - - [30/Oct/2018:08:09:02 +0800] "GET /Ip/Up?Ip=118.89.164.185&Port=8080&Check=91&Order=61.176.223.98 HTTP/1.1" 404 - http-bio-8080-exec-5 0
58.218.200.24 - - [30/Oct/2018:08:14:44 +0800] "GET /Ip/Up?Ip=118.89.164.185&Port=8080&Check=91&Order=58.218.200.24 HTTP/1.1" 404 - http-bio-8080-exec-3 0
184.105.247.194 - - [30/Oct/2018:08:15:03 +0800] "GET / HTTP/1.1" 404 - http-bio-8080-exec-1 0
61.176.222.170 - - [30/Oct/2018:08:20:36 +0800] "GET /Ip/Up?Ip=118.89.164.185&Port=8080&Check=91&Order=61.176.222.170 HTTP/1.1" 404 - http-bio-8080-exec-8 0
61.176.223.98 - - [30/Oct/2018:08:26:14 +0800] "GET /Ip/Up?Ip=118.89.164.185&Port=8080&Check=91&Order=61.176.223.98 HTTP/1.1" 404 - http-bio-8080-exec-9 0
58.218.200.24 - - [30/Oct/2018:08:31:47 +0800] "GET /Ip/Up?Ip=118.89.164.185&Port=8080&Check=91&Order=58.218.200.24 HTTP/1.1" 404 - http-bio-8080-exec-4 0
58.218.200.24 - - [30/Oct/2018:08:37:31 +0800] "GET /Ip/Up?Ip=118.89.164.185&Port=8080&Check=91&Order=58.218.200.24 HTTP/1.1" 404 - http-bio-8080-exec-6 0
58.218.200.24 - - [30/Oct/2018:08:43:17 +0800] "GET /Ip/Up?Ip=118.89.164.185&Port=8080&Check=91&Order=58.218.200.24 HTTP/1.1" 404 - http-bio-8080-exec-10 0
183.205.143.210 - - [30/Oct/2018:08:43:55 +0800] "GET / HTTP/1.1" 404 - http-bio-8080-exec-7 0
189.110.79.235 - - [30/Oct/2018:08:53:23 +0800] "GET / HTTP/1.1" 404 - http-bio-8080-exec-2 0
58.218.200.24 - - [30/Oct/2018:08:54:37 +0800] "GET /Ip/Up?Ip=118.89.164.185&Port=8080&Check=91&Order=58.218.200.24 HTTP/1.1" 404 - http-bio-8080-exec-5 0
58.218.200.24 - - [30/Oct/2018:09:00:17 +0800] "GET /Ip/Up?Ip=118.89.164.185&Port=8080&Check=91&Order=58.218.200.24 HTTP/1.1" 404 - http-bio-8080-exec-3 0
142.93.108.113 - - [30/Oct/2018:09:03:24 +0800] "GET / HTTP/1.1" 404 - http-bio-8080-exec-1 0
61.176.222.170 - - [30/Oct/2018:09:05:58 +0800] "GET /Ip/Up?Ip=118.89.164.185&Port=8080&Check=91&Order=61.176.222.170 HTTP/1.1" 404 - http-bio-8080-exec-8 0
58.218.200.24 - - [30/Oct/2018:09:11:21 +0800] "GET /Ip/Up?Ip=118.89.164.185&Port=8080&Check=91&Order=58.218.200.24 HTTP/1.1" 404 - http-bio-8080-exec-9 0
60.191.38.77 - - [30/Oct/2018:09:14:31 +0800] "GET / HTTP/1.1" 404 - http-bio-8080-exec-4 0
58.218.200.24 - - [30/Oct/2018:09:22:16 +0800] "GET /Ip/Up?Ip=118.89.164.185&Port=8080&Check=91&Order=58.218.200.24 HTTP/1.1" 404 - http-bio-8080-exec-6 0
61.176.222.170 - - [30/Oct/2018:09:27:56 +0800] "GET /Ip/Up?Ip=118.89.164.185&Port=8080&Check=91&Order=61.176.222.170 HTTP/1.1" 404 - http-bio-8080-exec-10 0
61.176.223.98 - - [30/Oct/2018:09:33:19 +0800] "GET /Ip/Up?Ip=118.89.164.185&Port=8080&Check=91&Order=61.176.223.98 HTTP/1.1" 404 - http-bio-8080-exec-7 0
61.176.223.98 - - [30/Oct/2018:09:38:52 +0800] "GET /Ip/Up?Ip=118.89.164.185&Port=8080&Check=91&Order=61.176.223.98 HTTP/1.1" 404 - http-bio-8080-exec-2 0
61.176.223.98 - - [30/Oct/2018:09:44:25 +0800] "GET /Ip/Up?Ip=118.89.164.185&Port=8080&Check=91&Order=61.176.223.98 HTTP/1.1" 404 - http-bio-8080-exec-5 0
61.176.223.98 - - [30/Oct/2018:09:50:00 +0800] "GET /Ip/Up?Ip=118.89.164.185&Port=8080&Check=91&Order=61.176.223.98 HTTP/1.1" 404 - http-bio-8080-exec-3 0
58.218.200.24 - - [30/Oct/2018:09:55:31 +0800] "GET /Ip/Up?Ip=118.89.164.185&Port=8080&Check=91&Order=58.218.200.24 HTTP/1.1" 404 - http-bio-8080-exec-1 0
61.176.223.98 - - [30/Oct/2018:10:01:03 +0800] "GET /Ip/Up?Ip=118.89.164.185&Port=8080&Check=91&Order=61.176.223.98 HTTP/1.1" 404 - http-bio-8080-exec-8 0
58.218.200.24 - - [30/Oct/2018:10:06:22 +0800] "GET /Ip/Up?Ip=118.89.164.185&Port=8080&Check=91&Order=58.218.200.24 HTTP/1.1" 404 - http-bio-8080-exec-9 0
61.176.223.98 - - [30/Oct/2018:10:11:37 +0800] "GET /Ip/Up?Ip=118.89.164.185&Port=8080&Check=91&Order=61.176.223.98 HTTP/1.1" 404 - http-bio-8080-exec-4 0
61.176.222.170 - - [30/Oct/2018:10:17:34 +0800] "GET /Ip/Up?Ip=118.89.164.185&Port=8080&Check=91&Order=61.176.222.170 HTTP/1.1" 404 - http-bio-8080-exec-6 0
58.218.200.24 - - [30/Oct/2018:10:22:58 +0800] "GET /Ip/Up?Ip=118.89.164.185&Port=8080&Check=91&Order=58.218.200.24 HTTP/1.1" 404 - http-bio-8080-exec-10 0
61.176.222.170 - - [30/Oct/2018:10:28:39 +0800] "GET /Ip/Up?Ip=118.89.164.185&Port=8080&Check=91&Order=61.176.222.170 HTTP/1.1" 404 - http-bio-8080-exec-7 0
58.218.200.24 - - [30/Oct/2018:10:34:15 +0800] "GET /Ip/Up?Ip=118.89.164.185&Port=8080&Check=91&Order=58.218.200.24 HTTP/1.1" 404 - http-bio-8080-exec-2 0
183.57.53.196 - - [30/Oct/2018:10:34:20 +0800] "GET /website/adminjsp/index.jsp HTTP/1.1" 200 3517 http-bio-8080-exec-5 14
61.176.222.170 - - [30/Oct/2018:10:39:51 +0800] "GET /Ip/Up?Ip=118.89.164.185&Port=8080&Check=91&Order=61.176.222.170 HTTP/1.1" 404 - http-bio-8080-exec-4 0
58.218.200.24 - - [30/Oct/2018:10:50:58 +0800] "GET /Ip/Up?Ip=118.89.164.185&Port=8080&Check=91&Order=58.218.200.24 HTTP/1.1" 404 - http-bio-8080-exec-6 0
61.176.222.170 - - [30/Oct/2018:10:56:51 +0800] "GET /Ip/Up?Ip=118.89.164.185&Port=8080&Check=91&Order=61.176.222.170 HTTP/1.1" 404 - http-bio-8080-exec-10 0
61.176.222.170 - - [30/Oct/2018:11:02:26 +0800] "GET /Ip/Up?Ip=118.89.164.185&Port=8080&Check=91&Order=61.176.222.170 HTTP/1.1" 404 - http-bio-8080-exec-7 0
195.19.28.244 - - [30/Oct/2018:11:03:35 +0800] "GET / HTTP/1.1" 404 - http-bio-8080-exec-2 0
58.218.200.24 - - [30/Oct/2018:11:07:50 +0800] "GET /Ip/Up?Ip=118.89.164.185&Port=8080&Check=91&Order=58.218.200.24 HTTP/1.1" 404 - http-bio-8080-exec-3 0
58.218.200.24 - - [30/Oct/2018:11:13:36 +0800] "GET /Ip/Up?Ip=118.89.164.185&Port=8080&Check=91&Order=58.218.200.24 HTTP/1.1" 404 - http-bio-8080-exec-1 0
183.205.143.210 - - [30/Oct/2018:11:18:59 +0800] "GET / HTTP/1.1" 404 - http-bio-8080-exec-8 0
61.176.223.98 - - [30/Oct/2018:11:19:18 +0800] "GET /Ip/Up?Ip=118.89.164.185&Port=8080&Check=91&Order=61.176.223.98 HTTP/1.1" 404 - http-bio-8080-exec-9 0
36.67.198.7 - - [30/Oct/2018:11:19:58 +0800] "GET / HTTP/1.1" 404 - http-bio-8080-exec-5 0
61.176.223.98 - - [30/Oct/2018:11:25:01 +0800] "GET /Ip/Up?Ip=118.89.164.185&Port=8080&Check=91&Order=61.176.223.98 HTTP/1.1" 404 - http-bio-8080-exec-4 0
58.218.200.24 - - [30/Oct/2018:11:30:14 +0800] "GET /Ip/Up?Ip=118.89.164.185&Port=8080&Check=91&Order=58.218.200.24 HTTP/1.1" 404 - http-bio-8080-exec-6 0
58.218.200.24 - - [30/Oct/2018:11:36:00 +0800] "GET /Ip/Up?Ip=118.89.164.185&Port=8080&Check=91&Order=58.218.200.24 HTTP/1.1" 404 - http-bio-8080-exec-10 0
61.176.223.98 - - [30/Oct/2018:11:41:21 +0800] "GET /Ip/Up?Ip=118.89.164.185&Port=8080&Check=91&Order=61.176.223.98 HTTP/1.1" 404 - http-bio-8080-exec-9 0
61.176.223.98 - - [30/Oct/2018:11:46:59 +0800] "GET /Ip/Up?Ip=118.89.164.185&Port=8080&Check=91&Order=61.176.223.98 HTTP/1.1" 404 - http-bio-8080-exec-8 0
61.176.223.98 - - [30/Oct/2018:11:52:34 +0800] "GET /Ip/Up?Ip=118.89.164.185&Port=8080&Check=91&Order=61.176.223.98 HTTP/1.1" 404 - http-bio-8080-exec-3 0
119.36.86.3 - - [30/Oct/2018:12:00:20 +0800] "GET /favicon.ico HTTP/1.1" 404 - http-bio-8080-exec-1 0
61.176.222.170 - - [30/Oct/2018:12:03:50 +0800] "GET /Ip/Up?Ip=118.89.164.185&Port=8080&Check=91&Order=61.176.222.170 HTTP/1.1" 404 - http-bio-8080-exec-7 0
61.176.223.98 - - [30/Oct/2018:12:09:34 +0800] "GET /Ip/Up?Ip=118.89.164.185&Port=8080&Check=91&Order=61.176.223.98 HTTP/1.1" 404 - http-bio-8080-exec-2 0
61.176.223.98 - - [30/Oct/2018:12:14:55 +0800] "GET /Ip/Up?Ip=118.89.164.185&Port=8080&Check=91&Order=61.176.223.98 HTTP/1.1" 404 - http-bio-8080-exec-5 0
61.176.223.98 - - [30/Oct/2018:12:20:31 +0800] "GET /Ip/Up?Ip=118.89.164.185&Port=8080&Check=91&Order=61.176.223.98 HTTP/1.1" 404 - http-bio-8080-exec-4 0
61.41.4.8 - - [30/Oct/2018:12:24:45 +0800] "GET / HTTP/1.1" 404 - http-bio-8080-exec-6 0
61.41.4.8 - - [30/Oct/2018:12:24:45 +0800] "GET /index.action HTTP/1.1" 404 - http-bio-8080-exec-6 0
58.218.200.24 - - [30/Oct/2018:12:26:00 +0800] "GET /Ip/Up?Ip=118.89.164.185&Port=8080&Check=91&Order=58.218.200.24 HTTP/1.1" 404 - http-bio-8080-exec-7 0
61.176.222.170 - - [30/Oct/2018:12:31:33 +0800] "GET /Ip/Up?Ip=118.89.164.185&Port=8080&Check=91&Order=61.176.222.170 HTTP/1.1" 404 - http-bio-8080-exec-2 0
119.36.85.132 - - [30/Oct/2018:12:35:31 +0800] "GET /website/adminjsp/index.jsp HTTP/1.1" 200 3517 http-bio-8080-exec-5 42
119.36.85.132 - - [30/Oct/2018:12:35:32 +0800] "GET /website/static/css/font.css HTTP/1.1" 200 505 http-bio-8080-exec-3 85
119.36.85.132 - - [30/Oct/2018:12:35:32 +0800] "GET /website/layui/css/layui.css HTTP/1.1" 200 60772 http-bio-8080-exec-5 86
119.36.85.132 - - [30/Oct/2018:12:35:32 +0800] "GET /website/static/css/style.css HTTP/1.1" 200 9847 http-bio-8080-exec-10 40
119.36.85.132 - - [30/Oct/2018:12:35:32 +0800] "GET /website/js/jquery-1.4.4.min.js HTTP/1.1" 200 78601 http-bio-8080-exec-1 89
119.36.85.132 - - [30/Oct/2018:12:35:33 +0800] "GET /website/layui/layui.all.js HTTP/1.1" 200 231198 http-bio-8080-exec-6 1953
119.36.85.132 - - [30/Oct/2018:12:35:34 +0800] "GET /website/layui/css/modules/laydate/default/laydate.css?v=5.0.9 HTTP/1.1" 200 7537 http-bio-8080-exec-6 15
119.36.85.132 - - [30/Oct/2018:12:35:34 +0800] "GET /website/layui/css/modules/layer/default/layer.css?v=3.1.1 HTTP/1.1" 200 14425 http-bio-8080-exec-1 9
119.36.85.132 - - [30/Oct/2018:12:35:34 +0800] "GET /website/layui/css/modules/code.css HTTP/1.1" 200 1063 http-bio-8080-exec-5 10
119.36.85.132 - - [30/Oct/2018:12:35:34 +0800] "GET /favicon.ico HTTP/1.1" 404 - http-bio-8080-exec-1 0
119.36.85.132 - - [30/Oct/2018:12:35:38 +0800] "GET /website/announce/find HTTP/1.1" 200 7589 http-bio-8080-exec-1 318
119.36.85.132 - - [30/Oct/2018:12:35:38 +0800] "GET /website/layui/css/layui.css HTTP/1.1" 200 60772 http-bio-8080-exec-5 19
119.36.85.132 - - [30/Oct/2018:12:35:38 +0800] "GET /website/static/css/style.css HTTP/1.1" 200 9847 http-bio-8080-exec-10 19
119.36.85.132 - - [30/Oct/2018:12:35:38 +0800] "GET /website/static/css/font.css HTTP/1.1" 200 505 http-bio-8080-exec-6 17
119.36.85.132 - - [30/Oct/2018:12:35:38 +0800] "GET /website/js/jquery-1.4.4.min.js HTTP/1.1" 200 78601 http-bio-8080-exec-3 61
119.36.85.132 - - [30/Oct/2018:12:35:39 +0800] "GET /website/layui/font/iconfont.woff?v=230 HTTP/1.1" 200 26328 http-bio-8080-exec-3 27
119.36.85.132 - - [30/Oct/2018:12:35:40 +0800] "GET /website/layui/layui.all.js HTTP/1.1" 200 231198 http-bio-8080-exec-1 2053
119.36.85.132 - - [30/Oct/2018:12:35:41 +0800] "GET /website/layui/css/modules/laydate/default/laydate.css?v=5.0.9 HTTP/1.1" 200 7537 http-bio-8080-exec-1 7
119.36.85.132 - - [30/Oct/2018:12:35:41 +0800] "GET /website/layui/css/modules/layer/default/layer.css?v=3.1.1 HTTP/1.1" 200 14425 http-bio-8080-exec-3 7
119.36.85.132 - - [30/Oct/2018:12:35:41 +0800] "GET /website/layui/css/modules/code.css HTTP/1.1" 200 1063 http-bio-8080-exec-1 5
119.36.85.132 - - [30/Oct/2018:12:35:46 +0800] "POST /website/announce/find HTTP/1.1" 400 968 http-bio-8080-exec-1 13
119.36.85.132 - - [30/Oct/2018:12:35:58 +0800] "GET /website/announce/find HTTP/1.1" 200 7589 http-bio-8080-exec-3 36
119.36.85.132 - - [30/Oct/2018:12:35:58 +0800] "GET /website/layui/css/layui.css HTTP/1.1" 200 60772 http-bio-8080-exec-3 23
119.36.85.132 - - [30/Oct/2018:12:35:58 +0800] "GET /website/static/css/font.css HTTP/1.1" 200 505 http-bio-8080-exec-5 22
119.36.85.132 - - [30/Oct/2018:12:35:58 +0800] "GET /website/static/css/style.css HTTP/1.1" 200 9847 http-bio-8080-exec-6 23
119.36.85.132 - - [30/Oct/2018:12:35:58 +0800] "GET /website/js/jquery-1.4.4.min.js HTTP/1.1" 200 78601 http-bio-8080-exec-10 49
119.36.85.132 - - [30/Oct/2018:12:35:58 +0800] "GET /website/layui/font/iconfont.woff?v=230 HTTP/1.1" 200 26328 http-bio-8080-exec-10 12
119.36.85.132 - - [30/Oct/2018:12:36:01 +0800] "GET /website/announce/find HTTP/1.1" 200 7589 http-bio-8080-exec-10 20
119.36.85.132 - - [30/Oct/2018:12:36:01 +0800] "GET /website/static/css/font.css HTTP/1.1" 200 505 http-bio-8080-exec-3 290
119.36.85.132 - - [30/Oct/2018:12:36:01 +0800] "GET /website/static/css/style.css HTTP/1.1" 200 9847 http-bio-8080-exec-7 295
119.36.85.132 - - [30/Oct/2018:12:36:01 +0800] "GET /website/layui/css/layui.css HTTP/1.1" 200 60772 http-bio-8080-exec-10 301
119.36.85.132 - - [30/Oct/2018:12:36:01 +0800] "GET /website/js/jquery-1.4.4.min.js HTTP/1.1" 200 78601 http-bio-8080-exec-5 324
119.36.85.132 - - [30/Oct/2018:12:36:02 +0800] "GET /website/layui/font/iconfont.woff?v=230 HTTP/1.1" 200 26328 http-bio-8080-exec-10 12
119.36.85.132 - - [30/Oct/2018:12:36:03 +0800] "GET /website/layui/layui.all.js HTTP/1.1" 200 231198 http-bio-8080-exec-6 1829
119.36.85.132 - - [30/Oct/2018:12:36:04 +0800] "GET /website/layui/css/modules/laydate/default/laydate.css?v=5.0.9 HTTP/1.1" 200 7537 http-bio-8080-exec-6 5
119.36.85.132 - - [30/Oct/2018:12:36:04 +0800] "GET /website/layui/css/modules/layer/default/layer.css?v=3.1.1 HTTP/1.1" 200 14425 http-bio-8080-exec-10 10
119.36.85.132 - - [30/Oct/2018:12:36:04 +0800] "GET /website/layui/css/modules/code.css HTTP/1.1" 200 1063 http-bio-8080-exec-6 10
58.218.200.24 - - [30/Oct/2018:12:36:53 +0800] "GET /Ip/Up?Ip=118.89.164.185&Port=8080&Check=91&Order=58.218.200.24 HTTP/1.1" 404 - http-bio-8080-exec-9 0
119.36.85.132 - - [30/Oct/2018:12:42:03 +0800] "POST /website/announce/find HTTP/1.1" 404 1001 http-bio-8080-exec-1 475
61.176.222.170 - - [30/Oct/2018:12:42:31 +0800] "GET /Ip/Up?Ip=118.89.164.185&Port=8080&Check=91&Order=61.176.222.170 HTTP/1.1" 404 - http-bio-8080-exec-4 0
119.36.85.132 - - [30/Oct/2018:12:45:24 +0800] "GET /website/announce/find HTTP/1.1" 200 7589 http-bio-8080-exec-2 1577
119.36.85.132 - - [30/Oct/2018:12:45:24 +0800] "GET /website/layui/css/layui.css HTTP/1.1" 200 60772 http-bio-8080-exec-1 35
119.36.85.132 - - [30/Oct/2018:12:45:24 +0800] "GET /website/static/css/font.css HTTP/1.1" 200 505 http-bio-8080-exec-3 20
119.36.85.132 - - [30/Oct/2018:12:45:24 +0800] "GET /website/static/css/style.css HTTP/1.1" 200 9847 http-bio-8080-exec-5 56
119.36.85.132 - - [30/Oct/2018:12:45:24 +0800] "GET /website/js/jquery-1.4.4.min.js HTTP/1.1" 200 78601 http-bio-8080-exec-6 105
119.36.85.132 - - [30/Oct/2018:12:45:25 +0800] "GET /website/layui/font/iconfont.woff?v=230 HTTP/1.1" 200 26328 http-bio-8080-exec-10 26
119.36.85.132 - - [30/Oct/2018:12:45:26 +0800] "GET /website/layui/layui.all.js HTTP/1.1" 200 231198 http-bio-8080-exec-7 1771
119.36.85.132 - - [30/Oct/2018:12:45:26 +0800] "GET /website/layui/css/modules/laydate/default/laydate.css?v=5.0.9 HTTP/1.1" 200 7537 http-bio-8080-exec-7 28
119.36.85.132 - - [30/Oct/2018:12:45:26 +0800] "GET /website/layui/css/modules/layer/default/layer.css?v=3.1.1 HTTP/1.1" 200 14425 http-bio-8080-exec-10 7
119.36.85.132 - - [30/Oct/2018:12:45:26 +0800] "GET /website/layui/css/modules/code.css HTTP/1.1" 200 1063 http-bio-8080-exec-4 8
119.36.85.132 - - [30/Oct/2018:12:45:30 +0800] "POST /website/announce/find HTTP/1.1" 200 5987 http-bio-8080-exec-10 37
119.36.85.132 - - [30/Oct/2018:12:45:30 +0800] "GET /website/layui/css/layui.css HTTP/1.1" 200 60772 http-bio-8080-exec-10 4
119.36.85.132 - - [30/Oct/2018:12:45:30 +0800] "GET /website/static/css/font.css HTTP/1.1" 200 505 http-bio-8080-exec-4 4
119.36.85.132 - - [30/Oct/2018:12:45:30 +0800] "GET /website/static/css/style.css HTTP/1.1" 200 9847 http-bio-8080-exec-7 5
119.36.85.132 - - [30/Oct/2018:12:45:30 +0800] "GET /website/js/jquery-1.4.4.min.js HTTP/1.1" 200 78601 http-bio-8080-exec-9 25
119.36.85.132 - - [30/Oct/2018:12:45:31 +0800] "GET /website/layui/font/iconfont.woff?v=230 HTTP/1.1" 200 26328 http-bio-8080-exec-9 4
119.36.85.132 - - [30/Oct/2018:12:45:31 +0800] "GET /website/layui/layui.all.js HTTP/1.1" 200 231198 http-bio-8080-exec-8 1845
119.36.85.132 - - [30/Oct/2018:12:45:32 +0800] "GET /website/layui/css/modules/laydate/default/laydate.css?v=5.0.9 HTTP/1.1" 200 7537 http-bio-8080-exec-8 4
119.36.85.132 - - [30/Oct/2018:12:45:32 +0800] "GET /website/layui/css/modules/layer/default/layer.css?v=3.1.1 HTTP/1.1" 200 14425 http-bio-8080-exec-9 8
119.36.85.132 - - [30/Oct/2018:12:45:32 +0800] "GET /website/layui/css/modules/code.css HTTP/1.1" 200 1063 http-bio-8080-exec-8 41
119.36.85.132 - - [30/Oct/2018:12:45:37 +0800] "POST /website/announce/find HTTP/1.1" 200 5987 http-bio-8080-exec-8 34
119.36.85.132 - - [30/Oct/2018:12:45:37 +0800] "GET /website/layui/css/layui.css HTTP/1.1" 200 60772 http-bio-8080-exec-8 9
119.36.85.132 - - [30/Oct/2018:12:45:37 +0800] "GET /website/static/css/style.css HTTP/1.1" 200 9847 http-bio-8080-exec-10 3
119.36.85.132 - - [30/Oct/2018:12:45:37 +0800] "GET /website/static/css/font.css HTTP/1.1" 200 505 http-bio-8080-exec-9 2
119.36.85.132 - - [30/Oct/2018:12:45:38 +0800] "GET /website/js/jquery-1.4.4.min.js HTTP/1.1" 200 78601 http-bio-8080-exec-7 58
119.36.85.132 - - [30/Oct/2018:12:45:39 +0800] "GET /website/layui/layui.all.js HTTP/1.1" 200 231198 http-bio-8080-exec-4 1692
119.36.85.132 - - [30/Oct/2018:12:45:39 +0800] "GET /website/layui/font/iconfont.woff?v=230 HTTP/1.1" 200 26328 http-bio-8080-exec-7 4
119.36.85.132 - - [30/Oct/2018:12:45:40 +0800] "GET /website/layui/css/modules/laydate/default/laydate.css?v=5.0.9 HTTP/1.1" 200 7537 http-bio-8080-exec-4 4
119.36.85.132 - - [30/Oct/2018:12:45:40 +0800] "GET /website/layui/css/modules/layer/default/layer.css?v=3.1.1 HTTP/1.1" 200 14425 http-bio-8080-exec-7 4
119.36.85.132 - - [30/Oct/2018:12:45:40 +0800] "GET /website/layui/css/modules/code.css HTTP/1.1" 200 1063 http-bio-8080-exec-4 3
119.36.85.132 - - [30/Oct/2018:12:47:03 +0800] "POST /website/announce/find HTTP/1.1" 400 968 http-bio-8080-exec-2 347
119.36.85.132 - - [30/Oct/2018:12:47:40 +0800] "GET /website/announce/find HTTP/1.1" 200 7589 http-bio-8080-exec-3 1212
119.36.85.132 - - [30/Oct/2018:12:47:48 +0800] "POST /website/announce/find HTTP/1.1" 200 5987 http-bio-8080-exec-5 15
119.36.85.132 - - [30/Oct/2018:12:47:48 +0800] "GET /website/layui/css/layui.css HTTP/1.1" 200 60772 http-bio-8080-exec-6 49
119.36.85.132 - - [30/Oct/2018:12:47:48 +0800] "GET /website/static/css/font.css HTTP/1.1" 200 505 http-bio-8080-exec-4 23
119.36.85.132 - - [30/Oct/2018:12:47:48 +0800] "GET /website/static/css/style.css HTTP/1.1" 200 9847 http-bio-8080-exec-7 31
119.36.85.132 - - [30/Oct/2018:12:47:48 +0800] "GET /website/js/jquery-1.4.4.min.js HTTP/1.1" 200 78601 http-bio-8080-exec-8 85
119.36.85.132 - - [30/Oct/2018:12:47:49 +0800] "GET /website/layui/font/iconfont.woff?v=230 HTTP/1.1" 200 26328 http-bio-8080-exec-8 7
119.36.85.132 - - [30/Oct/2018:12:47:50 +0800] "GET /website/layui/layui.all.js HTTP/1.1" 200 231198 http-bio-8080-exec-9 1954
119.36.85.132 - - [30/Oct/2018:12:47:50 +0800] "GET /website/layui/css/modules/laydate/default/laydate.css?v=5.0.9 HTTP/1.1" 200 7537 http-bio-8080-exec-9 27
119.36.85.132 - - [30/Oct/2018:12:47:50 +0800] "GET /website/layui/css/modules/layer/default/layer.css?v=3.1.1 HTTP/1.1" 200 14425 http-bio-8080-exec-8 8
119.36.85.132 - - [30/Oct/2018:12:47:50 +0800] "GET /website/layui/css/modules/code.css HTTP/1.1" 200 1063 http-bio-8080-exec-10 5
119.36.85.132 - - [30/Oct/2018:12:51:39 +0800] "POST /website/announce/find HTTP/1.1" 200 5987 http-bio-8080-exec-5 19
119.36.85.132 - - [30/Oct/2018:12:51:39 +0800] "GET /website/layui/css/layui.css HTTP/1.1" 200 60772 http-bio-8080-exec-5 4
119.36.85.132 - - [30/Oct/2018:12:51:39 +0800] "GET /website/static/css/font.css HTTP/1.1" 200 505 http-bio-8080-exec-6 3
119.36.85.132 - - [30/Oct/2018:12:51:39 +0800] "GET /website/static/css/style.css HTTP/1.1" 200 9847 http-bio-8080-exec-4 4
119.36.85.132 - - [30/Oct/2018:12:51:39 +0800] "GET /website/js/jquery-1.4.4.min.js HTTP/1.1" 200 78601 http-bio-8080-exec-9 59
119.36.85.132 - - [30/Oct/2018:12:51:40 +0800] "GET /website/layui/font/iconfont.woff?v=230 HTTP/1.1" 200 26328 http-bio-8080-exec-9 5
119.36.85.132 - - [30/Oct/2018:12:51:41 +0800] "GET /website/layui/layui.all.js HTTP/1.1" 200 231198 http-bio-8080-exec-8 1692
119.36.85.132 - - [30/Oct/2018:12:51:42 +0800] "GET /website/layui/css/modules/laydate/default/laydate.css?v=5.0.9 HTTP/1.1" 200 7537 http-bio-8080-exec-8 5
119.36.85.132 - - [30/Oct/2018:12:51:42 +0800] "GET /website/layui/css/modules/layer/default/layer.css?v=3.1.1 HTTP/1.1" 200 14425 http-bio-8080-exec-9 25
119.36.85.132 - - [30/Oct/2018:12:51:42 +0800] "GET /website/layui/css/modules/code.css HTTP/1.1" 200 1063 http-bio-8080-exec-8 32
119.36.85.132 - - [30/Oct/2018:12:51:47 +0800] "POST /website/announce/find HTTP/1.1" 400 968 http-bio-8080-exec-9 3
61.176.223.98 - - [30/Oct/2018:12:53:46 +0800] "GET /Ip/Up?Ip=118.89.164.185&Port=8080&Check=91&Order=61.176.223.98 HTTP/1.1" 404 - http-bio-8080-exec-1 0
119.36.85.132 - - [30/Oct/2018:12:54:11 +0800] "POST /website/announce/find HTTP/1.1" 200 5586 http-bio-8080-exec-3 1581
119.36.85.132 - - [30/Oct/2018:12:54:12 +0800] "GET /website/layui/css/layui.css HTTP/1.1" 200 60772 http-bio-8080-exec-4 31
119.36.85.132 - - [30/Oct/2018:12:54:12 +0800] "GET /website/static/css/font.css HTTP/1.1" 200 505 http-bio-8080-exec-5 16
119.36.85.132 - - [30/Oct/2018:12:54:12 +0800] "GET /website/static/css/style.css HTTP/1.1" 200 9847 http-bio-8080-exec-7 21
119.36.85.132 - - [30/Oct/2018:12:54:12 +0800] "GET /website/js/jquery-1.4.4.min.js HTTP/1.1" 200 78601 http-bio-8080-exec-9 82
119.36.85.132 - - [30/Oct/2018:12:54:13 +0800] "GET /website/layui/font/iconfont.woff?v=230 HTTP/1.1" 200 26328 http-bio-8080-exec-9 6
119.36.85.132 - - [30/Oct/2018:12:54:14 +0800] "GET /website/layui/layui.all.js HTTP/1.1" 200 231198 http-bio-8080-exec-8 2005
119.36.85.132 - - [30/Oct/2018:12:54:14 +0800] "GET /website/layui/css/modules/laydate/default/laydate.css?v=5.0.9 HTTP/1.1" 200 7537 http-bio-8080-exec-8 30
119.36.85.132 - - [30/Oct/2018:12:54:14 +0800] "GET /website/layui/css/modules/code.css HTTP/1.1" 200 1063 http-bio-8080-exec-6 4
119.36.85.132 - - [30/Oct/2018:12:54:14 +0800] "GET /website/layui/css/modules/layer/default/layer.css?v=3.1.1 HTTP/1.1" 200 14425 http-bio-8080-exec-9 7
119.36.85.132 - - [30/Oct/2018:12:54:19 +0800] "POST /website/announce/find HTTP/1.1" 200 5586 http-bio-8080-exec-9 8
119.36.85.132 - - [30/Oct/2018:12:54:19 +0800] "GET /website/static/css/font.css HTTP/1.1" 200 505 http-bio-8080-exec-6 4
119.36.85.132 - - [30/Oct/2018:12:54:19 +0800] "GET /website/static/css/style.css HTTP/1.1" 200 9847 http-bio-8080-exec-8 3
119.36.85.132 - - [30/Oct/2018:12:54:19 +0800] "GET /website/layui/css/layui.css HTTP/1.1" 200 60772 http-bio-8080-exec-9 4
119.36.85.132 - - [30/Oct/2018:12:54:19 +0800] "GET /website/js/jquery-1.4.4.min.js HTTP/1.1" 200 78601 http-bio-8080-exec-1 33
119.36.85.132 - - [30/Oct/2018:12:54:21 +0800] "GET /website/layui/font/iconfont.woff?v=230 HTTP/1.1" 200 26328 http-bio-8080-exec-1 3
119.36.85.132 - - [30/Oct/2018:12:54:21 +0800] "GET /website/layui/layui.all.js HTTP/1.1" 200 231198 http-bio-8080-exec-10 1863
119.36.85.132 - - [30/Oct/2018:12:54:22 +0800] "GET /website/layui/css/modules/laydate/default/laydate.css?v=5.0.9 HTTP/1.1" 200 7537 http-bio-8080-exec-10 5
119.36.85.132 - - [30/Oct/2018:12:54:22 +0800] "GET /website/layui/css/modules/layer/default/layer.css?v=3.1.1 HTTP/1.1" 200 14425 http-bio-8080-exec-1 5
119.36.85.132 - - [30/Oct/2018:12:54:22 +0800] "GET /website/layui/css/modules/code.css HTTP/1.1" 200 1063 http-bio-8080-exec-10 33
119.36.85.132 - - [30/Oct/2018:12:54:24 +0800] "POST /website/announce/find HTTP/1.1" 200 5987 http-bio-8080-exec-1 38
119.36.85.132 - - [30/Oct/2018:12:54:24 +0800] "GET /website/static/css/font.css HTTP/1.1" 200 505 http-bio-8080-exec-10 4
119.36.85.132 - - [30/Oct/2018:12:54:24 +0800] "GET /website/layui/css/layui.css HTTP/1.1" 200 60772 http-bio-8080-exec-1 3
119.36.85.132 - - [30/Oct/2018:12:54:24 +0800] "GET /website/static/css/style.css HTTP/1.1" 200 9847 http-bio-8080-exec-9 3
119.36.85.132 - - [30/Oct/2018:12:54:24 +0800] "GET /website/js/jquery-1.4.4.min.js HTTP/1.1" 200 78601 http-bio-8080-exec-4 55
119.36.85.132 - - [30/Oct/2018:12:54:25 +0800] "GET /website/layui/font/iconfont.woff?v=230 HTTP/1.1" 200 26328 http-bio-8080-exec-4 4
119.36.85.132 - - [30/Oct/2018:12:54:26 +0800] "GET /website/layui/layui.all.js HTTP/1.1" 200 231198 http-bio-8080-exec-5 1944
119.36.85.132 - - [30/Oct/2018:12:54:26 +0800] "GET /website/layui/css/modules/laydate/default/laydate.css?v=5.0.9 HTTP/1.1" 200 7537 http-bio-8080-exec-5 3
119.36.85.132 - - [30/Oct/2018:12:54:26 +0800] "GET /website/layui/css/modules/layer/default/layer.css?v=3.1.1 HTTP/1.1" 200 14425 http-bio-8080-exec-4 3
119.36.85.132 - - [30/Oct/2018:12:54:26 +0800] "GET /website/layui/css/modules/code.css HTTP/1.1" 200 1063 http-bio-8080-exec-5 3
119.36.85.132 - - [30/Oct/2018:12:54:30 +0800] "POST /website/announce/find HTTP/1.1" 200 5987 http-bio-8080-exec-5 8
119.36.85.132 - - [30/Oct/2018:12:54:30 +0800] "GET /website/layui/css/layui.css HTTP/1.1" 200 60772 http-bio-8080-exec-5 53
119.36.85.132 - - [30/Oct/2018:12:54:30 +0800] "GET /website/static/css/font.css HTTP/1.1" 200 505 http-bio-8080-exec-4 2
119.36.85.132 - - [30/Oct/2018:12:54:30 +0800] "GET /website/static/css/style.css HTTP/1.1" 200 9847 http-bio-8080-exec-1 2
119.36.85.132 - - [30/Oct/2018:12:54:30 +0800] "GET /website/js/jquery-1.4.4.min.js HTTP/1.1" 200 78601 http-bio-8080-exec-9 29
119.36.85.132 - - [30/Oct/2018:12:54:31 +0800] "GET /website/layui/font/iconfont.woff?v=230 HTTP/1.1" 200 26328 http-bio-8080-exec-9 4
119.36.85.132 - - [30/Oct/2018:12:54:32 +0800] "GET /website/layui/layui.all.js HTTP/1.1" 200 231198 http-bio-8080-exec-10 2438
119.36.85.132 - - [30/Oct/2018:12:54:32 +0800] "GET /website/layui/css/modules/laydate/default/laydate.css?v=5.0.9 HTTP/1.1" 200 7537 http-bio-8080-exec-10 3
119.36.85.132 - - [30/Oct/2018:12:54:32 +0800] "GET /website/layui/css/modules/layer/default/layer.css?v=3.1.1 HTTP/1.1" 200 14425 http-bio-8080-exec-9 13
119.36.85.132 - - [30/Oct/2018:12:54:32 +0800] "GET /website/layui/css/modules/code.css HTTP/1.1" 200 1063 http-bio-8080-exec-10 3
119.36.85.132 - - [30/Oct/2018:12:54:37 +0800] "GET /website/announce/find HTTP/1.1" 200 7589 http-bio-8080-exec-9 20
119.36.85.132 - - [30/Oct/2018:12:54:37 +0800] "GET /website/static/css/font.css HTTP/1.1" 200 505 http-bio-8080-exec-10 3
119.36.85.132 - - [30/Oct/2018:12:54:37 +0800] "GET /website/static/css/style.css HTTP/1.1" 200 9847 http-bio-8080-exec-5 4
119.36.85.132 - - [30/Oct/2018:12:54:37 +0800] "GET /website/layui/css/layui.css HTTP/1.1" 200 60772 http-bio-8080-exec-9 11
119.36.85.132 - - [30/Oct/2018:12:54:37 +0800] "GET /website/js/jquery-1.4.4.min.js HTTP/1.1" 200 78601 http-bio-8080-exec-3 47
119.36.85.132 - - [30/Oct/2018:12:54:38 +0800] "GET /website/layui/font/iconfont.woff?v=230 HTTP/1.1" 200 26328 http-bio-8080-exec-3 3
119.36.85.132 - - [30/Oct/2018:12:54:39 +0800] "GET /website/layui/layui.all.js HTTP/1.1" 200 231198 http-bio-8080-exec-2 1954
119.36.85.132 - - [30/Oct/2018:12:54:40 +0800] "GET /website/layui/css/modules/laydate/default/laydate.css?v=5.0.9 HTTP/1.1" 200 7537 http-bio-8080-exec-2 3
119.36.85.132 - - [30/Oct/2018:12:54:40 +0800] "GET /website/layui/css/modules/layer/default/layer.css?v=3.1.1 HTTP/1.1" 200 14425 http-bio-8080-exec-3 2
119.36.85.132 - - [30/Oct/2018:12:54:40 +0800] "GET /website/layui/css/modules/code.css HTTP/1.1" 200 1063 http-bio-8080-exec-2 41
119.36.85.132 - - [30/Oct/2018:12:54:45 +0800] "POST /website/announce/find HTTP/1.1" 200 5586 http-bio-8080-exec-2 8
119.36.85.132 - - [30/Oct/2018:12:54:45 +0800] "GET /website/layui/css/layui.css HTTP/1.1" 200 60772 http-bio-8080-exec-2 4
119.36.85.132 - - [30/Oct/2018:12:54:45 +0800] "GET /website/static/css/font.css HTTP/1.1" 200 505 http-bio-8080-exec-3 2
119.36.85.132 - - [30/Oct/2018:12:54:45 +0800] "GET /website/static/css/style.css HTTP/1.1" 200 9847 http-bio-8080-exec-9 1
119.36.85.132 - - [30/Oct/2018:12:54:45 +0800] "GET /website/js/jquery-1.4.4.min.js HTTP/1.1" 200 78601 http-bio-8080-exec-5 39
119.36.85.132 - - [30/Oct/2018:12:54:46 +0800] "GET /website/layui/font/iconfont.woff?v=230 HTTP/1.1" 200 26328 http-bio-8080-exec-5 5
119.36.85.132 - - [30/Oct/2018:12:54:47 +0800] "GET /website/layui/layui.all.js HTTP/1.1" 200 231198 http-bio-8080-exec-10 1943
119.36.85.132 - - [30/Oct/2018:12:54:47 +0800] "GET /website/layui/css/modules/laydate/default/laydate.css?v=5.0.9 HTTP/1.1" 200 7537 http-bio-8080-exec-10 3
119.36.85.132 - - [30/Oct/2018:12:54:47 +0800] "GET /website/layui/css/modules/layer/default/layer.css?v=3.1.1 HTTP/1.1" 200 14425 http-bio-8080-exec-5 4
119.36.85.132 - - [30/Oct/2018:12:54:47 +0800] "GET /website/layui/css/modules/code.css HTTP/1.1" 200 1063 http-bio-8080-exec-10 2
61.176.223.98 - - [30/Oct/2018:12:58:53 +0800] "GET /Ip/Up?Ip=118.89.164.185&Port=8080&Check=91&Order=61.176.223.98 HTTP/1.1" 404 - http-bio-8080-exec-3 0
109.101.139.106 - - [30/Oct/2018:13:00:44 +0800] "GET / HTTP/1.1" 404 - http-bio-8080-exec-1 0
58.218.200.24 - - [30/Oct/2018:13:09:48 +0800] "GET /Ip/Up?Ip=118.89.164.185&Port=8080&Check=91&Order=58.218.200.24 HTTP/1.1" 404 - http-bio-8080-exec-7 0
61.176.222.170 - - [30/Oct/2018:13:15:25 +0800] "GET /Ip/Up?Ip=118.89.164.185&Port=8080&Check=91&Order=61.176.222.170 HTTP/1.1" 404 - http-bio-8080-exec-10 0
58.218.200.24 - - [30/Oct/2018:13:20:42 +0800] "GET /Ip/Up?Ip=118.89.164.185&Port=8080&Check=91&Order=58.218.200.24 HTTP/1.1" 404 - http-bio-8080-exec-2 0
66.79.179.194 - - [30/Oct/2018:13:22:22 +0800] "GET /manager/html HTTP/1.1" 404 - http-bio-8080-exec-4 0
212.112.134.9 - - [30/Oct/2018:13:25:23 +0800] "GET / HTTP/1.0" 404 - http-bio-8080-exec-1 0
61.176.222.170 - - [30/Oct/2018:13:26:23 +0800] "GET /Ip/Up?Ip=118.89.164.185&Port=8080&Check=91&Order=61.176.222.170 HTTP/1.1" 404 - http-bio-8080-exec-8 0
61.176.223.98 - - [30/Oct/2018:13:32:09 +0800] "GET /Ip/Up?Ip=118.89.164.185&Port=8080&Check=91&Order=61.176.223.98 HTTP/1.1" 404 - http-bio-8080-exec-5 0
58.218.200.24 - - [30/Oct/2018:13:43:11 +0800] "GET /Ip/Up?Ip=118.89.164.185&Port=8080&Check=91&Order=58.218.200.24 HTTP/1.1" 404 - http-bio-8080-exec-9 0
183.205.143.210 - - [30/Oct/2018:13:43:46 +0800] "GET / HTTP/1.1" 404 - http-bio-8080-exec-3 0
58.218.200.24 - - [30/Oct/2018:13:48:52 +0800] "GET /Ip/Up?Ip=118.89.164.185&Port=8080&Check=91&Order=58.218.200.24 HTTP/1.1" 404 - http-bio-8080-exec-6 0
61.176.222.170 - - [30/Oct/2018:13:54:13 +0800] "GET /Ip/Up?Ip=118.89.164.185&Port=8080&Check=91&Order=61.176.222.170 HTTP/1.1" 404 - http-bio-8080-exec-7 0
47.94.43.182 - - [30/Oct/2018:13:59:16 +0800] "CONNECT dnspod.qcloud.com:443 HTTP/1.0" 400 - http-bio-8080-exec-5 0
58.218.200.24 - - [30/Oct/2018:13:59:29 +0800] "GET /Ip/Up?Ip=118.89.164.185&Port=8080&Check=91&Order=58.218.200.24 HTTP/1.1" 404 - http-bio-8080-exec-2 0
61.176.223.98 - - [30/Oct/2018:14:04:59 +0800] "GET /Ip/Up?Ip=118.89.164.185&Port=8080&Check=91&Order=61.176.223.98 HTTP/1.1" 404 - http-bio-8080-exec-4 0
79.73.136.157 - - [30/Oct/2018:14:06:25 +0800] "GET / HTTP/1.1" 404 - http-bio-8080-exec-1 0
58.218.200.24 - - [30/Oct/2018:14:10:30 +0800] "GET /Ip/Up?Ip=118.89.164.185&Port=8080&Check=91&Order=58.218.200.24 HTTP/1.1" 404 - http-bio-8080-exec-8 0
61.176.223.98 - - [30/Oct/2018:14:15:38 +0800] "GET /Ip/Up?Ip=118.89.164.185&Port=8080&Check=91&Order=61.176.223.98 HTTP/1.1" 404 - http-bio-8080-exec-10 0
61.176.223.98 - - [30/Oct/2018:14:21:11 +0800] "GET /Ip/Up?Ip=118.89.164.185&Port=8080&Check=91&Order=61.176.223.98 HTTP/1.1" 404 - http-bio-8080-exec-9 0
61.176.222.170 - - [30/Oct/2018:14:26:30 +0800] "GET /Ip/Up?Ip=118.89.164.185&Port=8080&Check=91&Order=61.176.222.170 HTTP/1.1" 404 - http-bio-8080-exec-3 0
61.176.223.98 - - [30/Oct/2018:14:31:48 +0800] "GET /Ip/Up?Ip=118.89.164.185&Port=8080&Check=91&Order=61.176.223.98 HTTP/1.1" 404 - http-bio-8080-exec-6 0
58.218.200.24 - - [30/Oct/2018:14:36:59 +0800] "GET /Ip/Up?Ip=118.89.164.185&Port=8080&Check=91&Order=58.218.200.24 HTTP/1.1" 404 - http-bio-8080-exec-7 0
119.36.86.3 - - [30/Oct/2018:14:39:03 +0800] "GET /website/adminjsp/addCatego.jsp HTTP/1.1" 200 4263 http-bio-8080-exec-5 36
119.36.86.3 - - [30/Oct/2018:14:39:03 +0800] "GET /website/layui/css/layui.css HTTP/1.1" 200 60772 http-bio-8080-exec-5 5
119.36.86.3 - - [30/Oct/2018:14:39:03 +0800] "GET /website/static/css/font.css HTTP/1.1" 200 505 http-bio-8080-exec-10 2
119.36.86.3 - - [30/Oct/2018:14:39:03 +0800] "GET /website/static/css/style.css HTTP/1.1" 200 9847 http-bio-8080-exec-3 3
119.36.86.3 - - [30/Oct/2018:14:39:03 +0800] "GET /website/js/jquery-1.4.4.min.js HTTP/1.1" 200 78601 http-bio-8080-exec-6 63
119.36.86.3 - - [30/Oct/2018:14:39:05 +0800] "GET /website/layui/layui.all.js HTTP/1.1" 200 231198 http-bio-8080-exec-8 1681
119.36.86.3 - - [30/Oct/2018:14:39:05 +0800] "GET /website/layui/css/modules/laydate/default/laydate.css?v=5.0.9 HTTP/1.1" 200 7537 http-bio-8080-exec-8 3
119.36.86.3 - - [30/Oct/2018:14:39:05 +0800] "GET /website/layui/css/modules/layer/default/layer.css?v=3.1.1 HTTP/1.1" 200 14425 http-bio-8080-exec-6 2
119.36.86.3 - - [30/Oct/2018:14:39:05 +0800] "GET /website/layui/css/modules/code.css HTTP/1.1" 200 1063 http-bio-8080-exec-5 4
119.36.86.3 - - [30/Oct/2018:14:39:06 +0800] "GET /favicon.ico HTTP/1.1" 404 - http-bio-8080-exec-5 0
119.36.86.3 - - [30/Oct/2018:14:39:06 +0800] "GET /website/user/findAll HTTP/1.1" 200 7506 http-bio-8080-exec-5 53
119.36.86.3 - - [30/Oct/2018:14:39:06 +0800] "GET /website/js/my.js HTTP/1.1" 200 1117 http-bio-8080-exec-6 6
119.36.86.3 - - [30/Oct/2018:14:39:06 +0800] "GET /website/layui/font/iconfont.woff?v=230 HTTP/1.1" 200 26328 http-bio-8080-exec-6 3
119.36.86.3 - - [30/Oct/2018:14:39:10 +0800] "GET /website/user/findqlUser HTTP/1.1" 200 6782 http-bio-8080-exec-6 35
119.36.86.3 - - [30/Oct/2018:14:39:10 +0800] "POST /website/basedict/findBycode HTTP/1.1" 200 526 http-bio-8080-exec-6 80
119.36.86.3 - - [30/Oct/2018:14:39:12 +0800] "GET /website/basedict/list HTTP/1.1" 200 6796 http-bio-8080-exec-6 43
119.36.86.3 - - [30/Oct/2018:14:39:21 +0800] "GET /website/basedict/list HTTP/1.1" 200 6796 http-bio-8080-exec-6 8
119.36.86.3 - - [30/Oct/2018:14:39:22 +0800] "GET /website/basedict/list HTTP/1.1" 200 6796 http-bio-8080-exec-6 26
119.36.86.3 - - [30/Oct/2018:14:39:23 +0800] "GET /favicon.ico HTTP/1.1" 404 - http-bio-8080-exec-6 0
119.36.86.3 - - [30/Oct/2018:14:39:26 +0800] "POST /website/basedict/list HTTP/1.1" 200 6345 http-bio-8080-exec-6 52
119.36.86.3 - - [30/Oct/2018:14:39:28 +0800] "POST /website/basedict/list HTTP/1.1" 200 5499 http-bio-8080-exec-6 9
119.36.86.3 - - [30/Oct/2018:14:39:40 +0800] "GET /website/adminjsp/addCatego.jsp HTTP/1.1" 200 4263 http-bio-8080-exec-6 3
119.36.86.3 - - [30/Oct/2018:14:39:42 +0800] "GET /website/basedict/list HTTP/1.1" 200 6796 http-bio-8080-exec-6 8
119.36.86.3 - - [30/Oct/2018:14:39:43 +0800] "GET /website/user/findqlUser HTTP/1.1" 200 6782 http-bio-8080-exec-6 17
119.36.86.3 - - [30/Oct/2018:14:39:43 +0800] "POST /website/basedict/findBycode HTTP/1.1" 200 526 http-bio-8080-exec-6 6
119.36.86.3 - - [30/Oct/2018:14:39:45 +0800] "GET /website/user/findAll HTTP/1.1" 200 7506 http-bio-8080-exec-6 16
119.36.86.3 - - [30/Oct/2018:14:39:47 +0800] "GET /website/user/findqlUser HTTP/1.1" 200 6782 http-bio-8080-exec-6 12
119.36.86.3 - - [30/Oct/2018:14:39:47 +0800] "POST /website/basedict/findBycode HTTP/1.1" 200 526 http-bio-8080-exec-6 6
119.36.86.3 - - [30/Oct/2018:14:39:48 +0800] "GET /website/basedict/list HTTP/1.1" 200 6796 http-bio-8080-exec-6 10
119.36.86.3 - - [30/Oct/2018:14:39:49 +0800] "GET /website/adminjsp/addCatego.jsp HTTP/1.1" 200 4263 http-bio-8080-exec-6 3
119.36.86.3 - - [30/Oct/2018:14:39:51 +0800] "GET /website/post/flist HTTP/1.1" 200 5670 http-bio-8080-exec-6 37
119.36.86.3 - - [30/Oct/2018:14:39:51 +0800] "POST /website/basedict/findBycode HTTP/1.1" 200 221 http-bio-8080-exec-6 6
119.36.86.3 - - [30/Oct/2018:14:39:54 +0800] "GET /website/post/tlist HTTP/1.1" 200 5922 http-bio-8080-exec-6 112
119.36.86.3 - - [30/Oct/2018:14:39:54 +0800] "POST /website/basedict/findBycode HTTP/1.1" 200 221 http-bio-8080-exec-6 5
119.36.86.3 - - [30/Oct/2018:14:39:56 +0800] "GET /website/source/getToAdmin HTTP/1.1" 200 12502 http-bio-8080-exec-6 46
119.36.86.3 - - [30/Oct/2018:14:39:56 +0800] "GET /website/js/sockjs.min.js HTTP/1.1" 200 60644 http-bio-8080-exec-6 4
119.36.86.3 - - [30/Oct/2018:14:39:56 +0800] "GET /website/source/picture/fb56c24f6b39470b87f4e69e1ec41f3d.jpg HTTP/1.1" 200 54575 http-bio-8080-exec-5 21
119.36.86.3 - - [30/Oct/2018:14:39:56 +0800] "GET /website/source/picture/156c3187d7c44756a71a4a86990cbd57.jpg HTTP/1.1" 200 54575 http-bio-8080-exec-5 7
119.36.86.3 - - [30/Oct/2018:14:39:56 +0800] "GET /website/source/picture/66c65b0890894ac8879ea87ba5982664.jpg HTTP/1.1" 200 15447 http-bio-8080-exec-3 5
119.36.86.3 - - [30/Oct/2018:14:39:56 +0800] "GET /website/source/picture/26a25ed234fd4d10899b38cdc0b5d9c9.jpg HTTP/1.1" 200 15447 http-bio-8080-exec-6 7
119.36.86.3 - - [30/Oct/2018:14:39:56 +0800] "GET /website/source/picture/9390f59cc94a4adf9847ae6972ec44c9.jpg HTTP/1.1" 200 54575 http-bio-8080-exec-8 4
119.36.86.3 - - [30/Oct/2018:14:39:56 +0800] "POST /website/basedict/findBycode HTTP/1.1" 200 417 http-bio-8080-exec-10 6
119.36.86.3 - - [30/Oct/2018:14:39:56 +0800] "GET /website/websocket/socketServer HTTP/1.1" 200 - http-bio-8080-exec-10 4
119.36.86.3 - - [30/Oct/2018:14:39:59 +0800] "GET /website/adminjsp/new-announcement.jsp HTTP/1.1" 200 4649 http-bio-8080-exec-8 27
119.36.86.3 - - [30/Oct/2018:14:40:00 +0800] "GET /website/adminjsp/new-announcement.jsp HTTP/1.1" 200 4649 http-bio-8080-exec-8 1
119.36.86.3 - - [30/Oct/2018:14:39:58 +0800] "GET /website/announce/find HTTP/1.1" 200 7589 http-bio-8080-exec-8 43
119.36.86.3 - - [30/Oct/2018:14:40:00 +0800] "GET /website/source/getToAdmin HTTP/1.1" 200 12502 http-bio-8080-exec-8 50
119.36.86.3 - - [30/Oct/2018:14:40:00 +0800] "GET /website/websocket/socketServer HTTP/1.1" 200 - http-bio-8080-exec-1 2
119.36.86.3 - - [30/Oct/2018:14:40:00 +0800] "POST /website/basedict/findBycode HTTP/1.1" 200 417 http-bio-8080-exec-8 8
119.36.86.3 - - [30/Oct/2018:14:40:02 +0800] "GET /website/adminjsp/announcement.jsp HTTP/1.1" 200 5580 http-bio-8080-exec-8 2
119.36.86.3 - - [30/Oct/2018:14:40:05 +0800] "GET /website/image/findAll HTTP/1.1" 200 10629 http-bio-8080-exec-8 235
119.36.86.3 - - [30/Oct/2018:14:40:05 +0800] "GET /website/image/qianli.jpg HTTP/1.1" 200 54575 http-bio-8080-exec-6 7
119.36.86.3 - - [30/Oct/2018:14:40:05 +0800] "GET /website/adminjsp/layui/layui.all.js HTTP/1.1" 404 949 http-bio-8080-exec-8 3
119.36.86.3 - - [30/Oct/2018:14:40:05 +0800] "GET /website/image/c996bcc1dc304e2f9289cd88c058bebd.jpg HTTP/1.1" 200 54575 http-bio-8080-exec-5 19
119.36.86.3 - - [30/Oct/2018:14:40:05 +0800] "GET /website/image/da92814a52454e02a264bb49979fc630.jpg HTTP/1.1" 200 54575 http-bio-8080-exec-3 16
119.36.86.3 - - [30/Oct/2018:14:40:05 +0800] "GET /website/image/64a4e59d5c554242883685cef00771bc.png HTTP/1.1" 200 8120 http-bio-8080-exec-10 76
61.176.223.98 - - [30/Oct/2018:14:42:23 +0800] "GET /Ip/Up?Ip=118.89.164.185&Port=8080&Check=91&Order=61.176.223.98 HTTP/1.1" 404 - http-bio-8080-exec-9 0
61.176.223.98 - - [30/Oct/2018:14:53:00 +0800] "GET /Ip/Up?Ip=118.89.164.185&Port=8080&Check=91&Order=61.176.223.98 HTTP/1.1" 404 - http-bio-8080-exec-4 0
58.218.200.24 - - [30/Oct/2018:14:58:17 +0800] "GET /Ip/Up?Ip=118.89.164.185&Port=8080&Check=91&Order=58.218.200.24 HTTP/1.1" 404 - http-bio-8080-exec-2 0
61.176.223.98 - - [30/Oct/2018:15:03:34 +0800] "GET /Ip/Up?Ip=118.89.164.185&Port=8080&Check=91&Order=61.176.223.98 HTTP/1.1" 404 - http-bio-8080-exec-8 0
61.176.223.98 - - [30/Oct/2018:15:14:10 +0800] "GET /Ip/Up?Ip=118.89.164.185&Port=8080&Check=91&Order=61.176.223.98 HTTP/1.1" 404 - http-bio-8080-exec-3 0
116.206.92.71 - - [30/Oct/2018:15:15:14 +0800] "GET /manager/html HTTP/1.1" 404 - http-bio-8080-exec-1 0
61.176.222.170 - - [30/Oct/2018:15:19:26 +0800] "GET /Ip/Up?Ip=118.89.164.185&Port=8080&Check=91&Order=61.176.222.170 HTTP/1.1" 404 - http-bio-8080-exec-7 0
61.176.223.98 - - [30/Oct/2018:15:29:51 +0800] "GET /Ip/Up?Ip=118.89.164.185&Port=8080&Check=91&Order=61.176.223.98 HTTP/1.1" 404 - http-bio-8080-exec-6 0
61.216.152.133 - - [30/Oct/2018:15:32:58 +0800] "POST /10 HTTP/1.1" 404 - http-bio-8080-exec-5 0
58.218.200.24 - - [30/Oct/2018:15:35:15 +0800] "GET /Ip/Up?Ip=118.89.164.185&Port=8080&Check=91&Order=58.218.200.24 HTTP/1.1" 404 - http-bio-8080-exec-10 0
61.176.223.98 - - [30/Oct/2018:15:40:27 +0800] "GET /Ip/Up?Ip=118.89.164.185&Port=8080&Check=91&Order=61.176.223.98 HTTP/1.1" 404 - http-bio-8080-exec-9 0
61.176.222.170 - - [30/Oct/2018:15:45:59 +0800] "GET /Ip/Up?Ip=118.89.164.185&Port=8080&Check=91&Order=61.176.222.170 HTTP/1.1" 404 - http-bio-8080-exec-4 0
61.176.223.98 - - [30/Oct/2018:15:51:04 +0800] "GET /Ip/Up?Ip=118.89.164.185&Port=8080&Check=91&Order=61.176.223.98 HTTP/1.1" 404 - http-bio-8080-exec-2 0
183.205.143.210 - - [30/Oct/2018:15:52:51 +0800] "GET / HTTP/1.1" 404 - http-bio-8080-exec-8 0
61.176.222.170 - - [30/Oct/2018:15:56:19 +0800] "GET /Ip/Up?Ip=118.89.164.185&Port=8080&Check=91&Order=61.176.222.170 HTTP/1.1" 404 - http-bio-8080-exec-3 0
58.218.200.24 - - [30/Oct/2018:16:01:45 +0800] "GET /Ip/Up?Ip=118.89.164.185&Port=8080&Check=91&Order=58.218.200.24 HTTP/1.1" 404 - http-bio-8080-exec-1 0
58.218.200.24 - - [30/Oct/2018:16:06:49 +0800] "GET /Ip/Up?Ip=118.89.164.185&Port=8080&Check=91&Order=58.218.200.24 HTTP/1.1" 404 - http-bio-8080-exec-7 0
61.176.223.98 - - [30/Oct/2018:16:12:28 +0800] "GET /Ip/Up?Ip=118.89.164.185&Port=8080&Check=91&Order=61.176.223.98 HTTP/1.1" 404 - http-bio-8080-exec-6 0
61.176.222.170 - - [30/Oct/2018:16:22:58 +0800] "GET /Ip/Up?Ip=118.89.164.185&Port=8080&Check=91&Order=61.176.222.170 HTTP/1.1" 404 - http-bio-8080-exec-5 0
58.218.200.24 - - [30/Oct/2018:16:28:17 +0800] "GET /Ip/Up?Ip=118.89.164.185&Port=8080&Check=91&Order=58.218.200.24 HTTP/1.1" 404 - http-bio-8080-exec-10 0
61.176.223.98 - - [30/Oct/2018:16:33:41 +0800] "GET /Ip/Up?Ip=118.89.164.185&Port=8080&Check=91&Order=61.176.223.98 HTTP/1.1" 404 - http-bio-8080-exec-9 0
58.218.200.24 - - [30/Oct/2018:16:38:57 +0800] "GET /Ip/Up?Ip=118.89.164.185&Port=8080&Check=91&Order=58.218.200.24 HTTP/1.1" 404 - http-bio-8080-exec-4 0
202.194.184.11 - - [30/Oct/2018:16:50:19 +0800] "GET / HTTP/1.1" 404 - http-bio-8080-exec-2 0
202.194.184.11 - - [30/Oct/2018:16:50:19 +0800] "GET /index.action HTTP/1.1" 404 - http-bio-8080-exec-2 0
61.176.222.170 - - [30/Oct/2018:16:55:03 +0800] "GET /Ip/Up?Ip=118.89.164.185&Port=8080&Check=91&Order=61.176.222.170 HTTP/1.1" 404 - http-bio-8080-exec-5 0
61.176.223.98 - - [30/Oct/2018:17:00:21 +0800] "GET /Ip/Up?Ip=118.89.164.185&Port=8080&Check=91&Order=61.176.223.98 HTTP/1.1" 404 - http-bio-8080-exec-10 0
58.218.200.24 - - [30/Oct/2018:17:11:53 +0800] "GET /Ip/Up?Ip=118.89.164.185&Port=8080&Check=91&Order=58.218.200.24 HTTP/1.1" 404 - http-bio-8080-exec-9 0
61.176.223.98 - - [30/Oct/2018:17:17:29 +0800] "GET /Ip/Up?Ip=118.89.164.185&Port=8080&Check=91&Order=61.176.223.98 HTTP/1.1" 404 - http-bio-8080-exec-4 0
80.82.70.187 - - [30/Oct/2018:17:28:22 +0800] "GET /cache/global/img/gs.gif HTTP/1.1" 404 - http-bio-8080-exec-8 0
58.218.200.24 - - [30/Oct/2018:17:29:13 +0800] "GET /Ip/Up?Ip=118.89.164.185&Port=8080&Check=91&Order=58.218.200.24 HTTP/1.1" 404 - http-bio-8080-exec-3 0
61.176.222.170 - - [30/Oct/2018:17:35:14 +0800] "GET /Ip/Up?Ip=118.89.164.185&Port=8080&Check=91&Order=61.176.222.170 HTTP/1.1" 404 - http-bio-8080-exec-1 0
61.176.223.98 - - [30/Oct/2018:17:40:44 +0800] "GET /Ip/Up?Ip=118.89.164.185&Port=8080&Check=91&Order=61.176.223.98 HTTP/1.1" 404 - http-bio-8080-exec-7 0
61.176.222.170 - - [30/Oct/2018:17:46:29 +0800] "GET /Ip/Up?Ip=118.89.164.185&Port=8080&Check=91&Order=61.176.222.170 HTTP/1.1" 404 - http-bio-8080-exec-6 0
58.218.200.24 - - [30/Oct/2018:17:51:36 +0800] "GET /Ip/Up?Ip=118.89.164.185&Port=8080&Check=91&Order=58.218.200.24 HTTP/1.1" 404 - http-bio-8080-exec-2 0
61.176.222.170 - - [30/Oct/2018:18:02:07 +0800] "GET /Ip/Up?Ip=118.89.164.185&Port=8080&Check=91&Order=61.176.222.170 HTTP/1.1" 404 - http-bio-8080-exec-5 0
58.218.200.24 - - [30/Oct/2018:18:07:20 +0800] "GET /Ip/Up?Ip=118.89.164.185&Port=8080&Check=91&Order=58.218.200.24 HTTP/1.1" 404 - http-bio-8080-exec-10 0
61.176.223.98 - - [30/Oct/2018:18:12:29 +0800] "GET /Ip/Up?Ip=118.89.164.185&Port=8080&Check=91&Order=61.176.223.98 HTTP/1.1" 404 - http-bio-8080-exec-9 0
61.176.223.98 - - [30/Oct/2018:18:18:02 +0800] "GET /Ip/Up?Ip=118.89.164.185&Port=8080&Check=91&Order=61.176.223.98 HTTP/1.1" 404 - http-bio-8080-exec-4 0
183.205.143.210 - - [30/Oct/2018:18:19:03 +0800] "GET / HTTP/1.1" 404 - http-bio-8080-exec-8 0
189.18.92.4 - - [30/Oct/2018:18:21:33 +0800] "GET / HTTP/1.1" 404 - http-bio-8080-exec-3 0
45.7.118.50 - - [30/Oct/2018:18:22:15 +0800] "GET / HTTP/1.1" 404 - http-bio-8080-exec-1 0
58.218.200.24 - - [30/Oct/2018:18:23:14 +0800] "GET /Ip/Up?Ip=118.89.164.185&Port=8080&Check=91&Order=58.218.200.24 HTTP/1.1" 404 - http-bio-8080-exec-7 0
61.176.222.170 - - [30/Oct/2018:18:28:37 +0800] "GET /Ip/Up?Ip=118.89.164.185&Port=8080&Check=91&Order=61.176.222.170 HTTP/1.1" 404 - http-bio-8080-exec-6 0
61.176.222.170 - - [30/Oct/2018:18:33:47 +0800] "GET /Ip/Up?Ip=118.89.164.185&Port=8080&Check=91&Order=61.176.222.170 HTTP/1.1" 404 - http-bio-8080-exec-2 0
211.67.55.238 - - [30/Oct/2018:18:34:29 +0800] "GET /website/source/getToAdmin HTTP/1.1" 200 12502 http-bio-8080-exec-5 27
58.218.200.24 - - [30/Oct/2018:18:39:00 +0800] "GET /Ip/Up?Ip=118.89.164.185&Port=8080&Check=91&Order=58.218.200.24 HTTP/1.1" 404 - http-bio-8080-exec-10 0
103.78.180.34 - - [30/Oct/2018:18:45:22 +0800] "GET / HTTP/1.1" 404 - http-bio-8080-exec-9 0
61.176.222.170 - - [30/Oct/2018:18:55:04 +0800] "GET /Ip/Up?Ip=118.89.164.185&Port=8080&Check=91&Order=61.176.222.170 HTTP/1.1" 404 - http-bio-8080-exec-4 0
61.176.222.170 - - [30/Oct/2018:19:00:13 +0800] "GET /Ip/Up?Ip=118.89.164.185&Port=8080&Check=91&Order=61.176.222.170 HTTP/1.1" 404 - http-bio-8080-exec-8 0
211.67.55.238 - - [30/Oct/2018:19:11:27 +0800] "GET /favicon.ico HTTP/1.1" 404 - http-bio-8080-exec-3 0
60.191.52.254 - - [30/Oct/2018:19:21:08 +0800] "HEAD / HTTP/1.1" 404 - http-bio-8080-exec-10 0
61.176.223.98 - - [30/Oct/2018:19:21:15 +0800] "GET /Ip/Up?Ip=118.89.164.185&Port=8080&Check=91&Order=61.176.223.98 HTTP/1.1" 404 - http-bio-8080-exec-9 0
179.252.90.231 - - [30/Oct/2018:19:25:07 +0800] "GET / HTTP/1.1" 404 - http-bio-8080-exec-4 0
61.176.222.170 - - [30/Oct/2018:19:26:44 +0800] "GET /Ip/Up?Ip=118.89.164.185&Port=8080&Check=91&Order=61.176.222.170 HTTP/1.1" 404 - http-bio-8080-exec-8 0
61.176.222.170 - - [30/Oct/2018:19:37:02 +0800] "GET /Ip/Up?Ip=118.89.164.185&Port=8080&Check=91&Order=61.176.222.170 HTTP/1.1" 404 - http-bio-8080-exec-3 0
211.67.55.238 - - [30/Oct/2018:19:38:57 +0800] "GET /favicon.ico HTTP/1.1" 404 - http-bio-8080-exec-7 0
