61.176.222.170 - - [26/Oct/2018:00:00:15 +0800] "GET /Ip/Up?Ip=118.89.164.185&Port=8080&Check=91&Order=61.176.222.170 HTTP/1.1" 404 - http-bio-8080-exec-1 0
191.13.184.187 - - [26/Oct/2018:00:17:13 +0800] "GET / HTTP/1.1" 404 - http-bio-8080-exec-6 0
61.176.223.98 - - [26/Oct/2018:00:21:34 +0800] "GET /Ip/Up?Ip=118.89.164.185&Port=8080&Check=91&Order=61.176.223.98 HTTP/1.1" 404 - http-bio-8080-exec-2 0
61.176.223.98 - - [26/Oct/2018:00:32:18 +0800] "GET /Ip/Up?Ip=118.89.164.185&Port=8080&Check=91&Order=61.176.223.98 HTTP/1.1" 404 - http-bio-8080-exec-7 0
61.176.222.170 - - [26/Oct/2018:00:43:09 +0800] "GET /Ip/Up?Ip=118.89.164.185&Port=8080&Check=91&Order=61.176.222.170 HTTP/1.1" 404 - http-bio-8080-exec-10 0
58.218.200.24 - - [26/Oct/2018:00:53:33 +0800] "GET /Ip/Up?Ip=118.89.164.185&Port=8080&Check=91&Order=58.218.200.24 HTTP/1.1" 404 - http-bio-8080-exec-9 0
189.68.119.84 - - [26/Oct/2018:01:20:17 +0800] "GET / HTTP/1.1" 404 - http-bio-8080-exec-5 0
58.218.200.24 - - [26/Oct/2018:01:25:19 +0800] "GET /Ip/Up?Ip=118.89.164.185&Port=8080&Check=91&Order=58.218.200.24 HTTP/1.1" 404 - http-bio-8080-exec-8 0
93.180.96.120 - - [26/Oct/2018:01:27:01 +0800] "GET / HTTP/1.1" 404 - http-bio-8080-exec-4 0
58.218.200.24 - - [26/Oct/2018:01:36:27 +0800] "GET /Ip/Up?Ip=118.89.164.185&Port=8080&Check=91&Order=58.218.200.24 HTTP/1.1" 404 - http-bio-8080-exec-3 0
58.218.200.24 - - [26/Oct/2018:01:47:06 +0800] "GET /Ip/Up?Ip=118.89.164.185&Port=8080&Check=91&Order=58.218.200.24 HTTP/1.1" 404 - http-bio-8080-exec-1 0
58.218.200.24 - - [26/Oct/2018:01:57:42 +0800] "GET /Ip/Up?Ip=118.89.164.185&Port=8080&Check=91&Order=58.218.200.24 HTTP/1.1" 404 - http-bio-8080-exec-6 0
37.229.142.66 - - [26/Oct/2018:02:04:52 +0800] "GET / HTTP/1.1" 404 - http-bio-8080-exec-2 0
61.176.222.170 - - [26/Oct/2018:02:08:18 +0800] "GET /Ip/Up?Ip=118.89.164.185&Port=8080&Check=91&Order=61.176.222.170 HTTP/1.1" 404 - http-bio-8080-exec-7 0
221.232.20.191 - - [26/Oct/2018:02:18:20 +0800] "GET / HTTP/1.1" 404 - http-bio-8080-exec-3 0
221.232.20.191 - - [26/Oct/2018:02:18:20 +0800] "GET / HTTP/1.1" 404 - http-bio-8080-exec-5 0
221.232.20.191 - - [26/Oct/2018:02:18:20 +0800] "GET / HTTP/1.1" 404 - http-bio-8080-exec-9 0
221.232.20.191 - - [26/Oct/2018:02:18:20 +0800] "GET / HTTP/1.1" 404 - http-bio-8080-exec-1 0
221.232.20.191 - - [26/Oct/2018:02:18:20 +0800] "GET / HTTP/1.1" 404 - http-bio-8080-exec-10 0
221.232.20.191 - - [26/Oct/2018:02:18:20 +0800] "GET / HTTP/1.1" 404 - http-bio-8080-exec-4 0
221.232.20.191 - - [26/Oct/2018:02:18:20 +0800] "CONNECT www.voanews.com:443 HTTP/1.0" 400 - http-bio-8080-exec-2 0
221.232.20.191 - - [26/Oct/2018:02:18:22 +0800] "CONNECT dnspod.qcloud.com:443 HTTP/1.0" 400 - http-bio-8080-exec-10 0
221.232.20.191 - - [26/Oct/2018:02:18:27 +0800] "CONNECT dnspod.qcloud.com:443 HTTP/1.0" 400 - http-bio-8080-exec-7 0
61.176.222.170 - - [26/Oct/2018:02:18:42 +0800] "GET /Ip/Up?Ip=118.89.164.185&Port=8080&Check=91&Order=61.176.222.170 HTTP/1.1" 404 - http-bio-8080-exec-8 0
61.176.223.98 - - [26/Oct/2018:02:29:11 +0800] "GET /Ip/Up?Ip=118.89.164.185&Port=8080&Check=91&Order=61.176.223.98 HTTP/1.1" 404 - http-bio-8080-exec-6 0
61.176.223.98 - - [26/Oct/2018:02:39:44 +0800] "GET /Ip/Up?Ip=118.89.164.185&Port=8080&Check=91&Order=61.176.223.98 HTTP/1.1" 404 - http-bio-8080-exec-4 0
61.176.223.98 - - [26/Oct/2018:02:50:18 +0800] "GET /Ip/Up?Ip=118.89.164.185&Port=8080&Check=91&Order=61.176.223.98 HTTP/1.1" 404 - http-bio-8080-exec-9 0
61.176.223.98 - - [26/Oct/2018:03:00:58 +0800] "GET /Ip/Up?Ip=118.89.164.185&Port=8080&Check=91&Order=61.176.223.98 HTTP/1.1" 404 - http-bio-8080-exec-5 0
91.140.113.7 - - [26/Oct/2018:03:09:12 +0800] "GET / HTTP/1.1" 404 - http-bio-8080-exec-7 0
61.176.222.170 - - [26/Oct/2018:03:11:32 +0800] "GET /Ip/Up?Ip=118.89.164.185&Port=8080&Check=91&Order=61.176.222.170 HTTP/1.1" 404 - http-bio-8080-exec-1 0
61.176.222.170 - - [26/Oct/2018:03:21:55 +0800] "GET /Ip/Up?Ip=118.89.164.185&Port=8080&Check=91&Order=61.176.222.170 HTTP/1.1" 404 - http-bio-8080-exec-3 0
58.218.200.24 - - [26/Oct/2018:03:32:25 +0800] "GET /Ip/Up?Ip=118.89.164.185&Port=8080&Check=91&Order=58.218.200.24 HTTP/1.1" 404 - http-bio-8080-exec-11 0
58.218.200.24 - - [26/Oct/2018:03:43:04 +0800] "GET /Ip/Up?Ip=118.89.164.185&Port=8080&Check=91&Order=58.218.200.24 HTTP/1.1" 404 - http-bio-8080-exec-10 0
58.218.200.24 - - [26/Oct/2018:03:53:41 +0800] "GET /Ip/Up?Ip=118.89.164.185&Port=8080&Check=91&Order=58.218.200.24 HTTP/1.1" 404 - http-bio-8080-exec-8 0
58.218.200.24 - - [26/Oct/2018:04:04:17 +0800] "GET /Ip/Up?Ip=118.89.164.185&Port=8080&Check=91&Order=58.218.200.24 HTTP/1.1" 404 - http-bio-8080-exec-6 0
58.218.200.24 - - [26/Oct/2018:04:14:50 +0800] "GET /Ip/Up?Ip=118.89.164.185&Port=8080&Check=91&Order=58.218.200.24 HTTP/1.1" 404 - http-bio-8080-exec-4 0
61.176.222.170 - - [26/Oct/2018:04:25:44 +0800] "GET /Ip/Up?Ip=118.89.164.185&Port=8080&Check=91&Order=61.176.222.170 HTTP/1.1" 404 - http-bio-8080-exec-9 0
61.176.222.170 - - [26/Oct/2018:04:36:09 +0800] "GET /Ip/Up?Ip=118.89.164.185&Port=8080&Check=91&Order=61.176.222.170 HTTP/1.1" 404 - http-bio-8080-exec-5 0
61.176.223.98 - - [26/Oct/2018:04:46:43 +0800] "GET /Ip/Up?Ip=118.89.164.185&Port=8080&Check=91&Order=61.176.223.98 HTTP/1.1" 404 - http-bio-8080-exec-7 0
124.244.229.166 - - [26/Oct/2018:04:49:01 +0800] "GET / HTTP/1.0" 404 - http-bio-8080-exec-1 0
58.218.200.24 - - [26/Oct/2018:04:57:13 +0800] "GET /Ip/Up?Ip=118.89.164.185&Port=8080&Check=91&Order=58.218.200.24 HTTP/1.1" 404 - http-bio-8080-exec-6 0
183.57.53.177 - - [26/Oct/2018:04:57:40 +0800] "GET / HTTP/1.1" 404 - http-bio-8080-exec-4 0
61.176.223.98 - - [26/Oct/2018:05:07:40 +0800] "GET /Ip/Up?Ip=118.89.164.185&Port=8080&Check=91&Order=61.176.223.98 HTTP/1.1" 404 - http-bio-8080-exec-11 0
61.176.223.98 - - [26/Oct/2018:05:28:11 +0800] "GET /Ip/Up?Ip=118.89.164.185&Port=8080&Check=91&Order=61.176.223.98 HTTP/1.1" 404 - http-bio-8080-exec-10 0
121.52.143.223 - - [26/Oct/2018:05:47:22 +0800] "GET / HTTP/1.1" 404 - http-bio-8080-exec-8 0
61.176.223.98 - - [26/Oct/2018:05:48:47 +0800] "GET /Ip/Up?Ip=118.89.164.185&Port=8080&Check=91&Order=61.176.223.98 HTTP/1.1" 404 - http-bio-8080-exec-1 0
61.176.222.170 - - [26/Oct/2018:05:59:08 +0800] "GET /Ip/Up?Ip=118.89.164.185&Port=8080&Check=91&Order=61.176.222.170 HTTP/1.1" 404 - http-bio-8080-exec-6 0
120.132.3.65 - - [26/Oct/2018:06:00:07 +0800] "GET /404/search_children.js HTTP/1.1" 404 - http-bio-8080-exec-5 0
61.176.222.170 - - [26/Oct/2018:06:09:30 +0800] "GET /Ip/Up?Ip=118.89.164.185&Port=8080&Check=91&Order=61.176.222.170 HTTP/1.1" 404 - http-bio-8080-exec-7 0
61.176.223.98 - - [26/Oct/2018:06:19:46 +0800] "GET /Ip/Up?Ip=118.89.164.185&Port=8080&Check=91&Order=61.176.223.98 HTTP/1.1" 404 - http-bio-8080-exec-3 0
61.176.222.170 - - [26/Oct/2018:06:30:17 +0800] "GET /Ip/Up?Ip=118.89.164.185&Port=8080&Check=91&Order=61.176.222.170 HTTP/1.1" 404 - http-bio-8080-exec-4 0
58.218.200.24 - - [26/Oct/2018:06:40:29 +0800] "GET /Ip/Up?Ip=118.89.164.185&Port=8080&Check=91&Order=58.218.200.24 HTTP/1.1" 404 - http-bio-8080-exec-10 0
186.123.128.169 - - [26/Oct/2018:06:57:49 +0800] "GET / HTTP/1.1" 404 - http-bio-8080-exec-9 0
47.94.43.182 - - [26/Oct/2018:07:00:25 +0800] "CONNECT dnspod.qcloud.com:443 HTTP/1.0" 400 - http-bio-8080-exec-7 0
58.218.200.24 - - [26/Oct/2018:07:01:10 +0800] "GET /Ip/Up?Ip=118.89.164.185&Port=8080&Check=91&Order=58.218.200.24 HTTP/1.1" 404 - http-bio-8080-exec-1 0
61.176.222.170 - - [26/Oct/2018:07:32:14 +0800] "GET /Ip/Up?Ip=118.89.164.185&Port=8080&Check=91&Order=61.176.222.170 HTTP/1.1" 404 - http-bio-8080-exec-6 0
123.119.219.54 - - [26/Oct/2018:07:37:58 +0800] "GET / HTTP/1.0" 404 - http-bio-8080-exec-5 0
123.119.219.54 - - [26/Oct/2018:07:37:59 +0800] "GET / HTTP/1.0" 404 - http-bio-8080-exec-10 0
123.119.219.54 - - [26/Oct/2018:07:37:59 +0800] "GET /nmaplowercheck1540510610 HTTP/1.1" 404 - http-bio-8080-exec-9 0
123.119.219.54 - - [26/Oct/2018:07:37:59 +0800] "POST /sdk HTTP/1.1" 404 - http-bio-8080-exec-11 0
123.119.219.54 - - [26/Oct/2018:07:37:59 +0800] "GET / HTTP/1.1" 404 - http-bio-8080-exec-8 0
123.119.219.54 - - [26/Oct/2018:07:37:59 +0800] "GET /HNAP1 HTTP/1.1" 404 - http-bio-8080-exec-7 0
123.119.219.54 - - [26/Oct/2018:07:37:59 +0800] "GET /evox/about HTTP/1.1" 404 - http-bio-8080-exec-1 0
58.218.200.24 - - [26/Oct/2018:07:42:39 +0800] "GET /Ip/Up?Ip=118.89.164.185&Port=8080&Check=91&Order=58.218.200.24 HTTP/1.1" 404 - http-bio-8080-exec-4 0
196.52.43.62 - - [26/Oct/2018:07:52:17 +0800] "GET / HTTP/1.0" 404 - http-bio-8080-exec-5 0
61.176.222.170 - - [26/Oct/2018:07:53:05 +0800] "GET /Ip/Up?Ip=118.89.164.185&Port=8080&Check=91&Order=61.176.222.170 HTTP/1.1" 404 - http-bio-8080-exec-10 0
61.176.223.98 - - [26/Oct/2018:08:03:21 +0800] "GET /Ip/Up?Ip=118.89.164.185&Port=8080&Check=91&Order=61.176.223.98 HTTP/1.1" 404 - http-bio-8080-exec-11 0
58.218.200.24 - - [26/Oct/2018:08:13:29 +0800] "GET /Ip/Up?Ip=118.89.164.185&Port=8080&Check=91&Order=58.218.200.24 HTTP/1.1" 404 - http-bio-8080-exec-7 0
61.176.223.98 - - [26/Oct/2018:08:23:47 +0800] "GET /Ip/Up?Ip=118.89.164.185&Port=8080&Check=91&Order=61.176.223.98 HTTP/1.1" 404 - http-bio-8080-exec-8 0
58.218.200.24 - - [26/Oct/2018:08:34:12 +0800] "GET /Ip/Up?Ip=118.89.164.185&Port=8080&Check=91&Order=58.218.200.24 HTTP/1.1" 404 - http-bio-8080-exec-4 0
5.63.186.226 - - [26/Oct/2018:08:37:29 +0800] "GET / HTTP/1.1" 404 - http-bio-8080-exec-9 0
184.105.247.196 - - [26/Oct/2018:08:39:41 +0800] "GET / HTTP/1.1" 404 - http-bio-8080-exec-3 0
61.176.222.170 - - [26/Oct/2018:08:44:24 +0800] "GET /Ip/Up?Ip=118.89.164.185&Port=8080&Check=91&Order=61.176.222.170 HTTP/1.1" 404 - http-bio-8080-exec-1 0
58.218.200.24 - - [26/Oct/2018:08:54:53 +0800] "GET /Ip/Up?Ip=118.89.164.185&Port=8080&Check=91&Order=58.218.200.24 HTTP/1.1" 404 - http-bio-8080-exec-6 0
61.176.222.170 - - [26/Oct/2018:09:05:19 +0800] "GET /Ip/Up?Ip=118.89.164.185&Port=8080&Check=91&Order=61.176.222.170 HTTP/1.1" 404 - http-bio-8080-exec-5 0
58.218.200.24 - - [26/Oct/2018:09:26:19 +0800] "GET /Ip/Up?Ip=118.89.164.185&Port=8080&Check=91&Order=58.218.200.24 HTTP/1.1" 404 - http-bio-8080-exec-10 0
185.8.49.146 - - [26/Oct/2018:09:36:20 +0800] "CONNECT www.google.com:443 HTTP/1.1" 400 - http-bio-8080-exec-11 0
61.176.222.170 - - [26/Oct/2018:09:36:38 +0800] "GET /Ip/Up?Ip=118.89.164.185&Port=8080&Check=91&Order=61.176.222.170 HTTP/1.1" 404 - http-bio-8080-exec-3 0
61.176.223.98 - - [26/Oct/2018:09:47:01 +0800] "GET /Ip/Up?Ip=118.89.164.185&Port=8080&Check=91&Order=61.176.223.98 HTTP/1.1" 404 - http-bio-8080-exec-1 0
61.176.222.170 - - [26/Oct/2018:09:57:19 +0800] "GET /Ip/Up?Ip=118.89.164.185&Port=8080&Check=91&Order=61.176.222.170 HTTP/1.1" 404 - http-bio-8080-exec-6 0
58.218.200.24 - - [26/Oct/2018:10:07:37 +0800] "GET /Ip/Up?Ip=118.89.164.185&Port=8080&Check=91&Order=58.218.200.24 HTTP/1.1" 404 - http-bio-8080-exec-5 0
183.57.53.222 - - [26/Oct/2018:10:14:03 +0800] "GET / HTTP/1.1" 404 - http-bio-8080-exec-10 0
61.176.222.170 - - [26/Oct/2018:10:17:55 +0800] "GET /Ip/Up?Ip=118.89.164.185&Port=8080&Check=91&Order=61.176.222.170 HTTP/1.1" 404 - http-bio-8080-exec-11 0
61.176.223.98 - - [26/Oct/2018:10:28:01 +0800] "GET /Ip/Up?Ip=118.89.164.185&Port=8080&Check=91&Order=61.176.223.98 HTTP/1.1" 404 - http-bio-8080-exec-3 0
61.176.223.98 - - [26/Oct/2018:10:38:03 +0800] "GET /Ip/Up?Ip=118.89.164.185&Port=8080&Check=91&Order=61.176.223.98 HTTP/1.1" 404 - http-bio-8080-exec-1 0
58.218.200.24 - - [26/Oct/2018:10:48:19 +0800] "GET /Ip/Up?Ip=118.89.164.185&Port=8080&Check=91&Order=58.218.200.24 HTTP/1.1" 404 - http-bio-8080-exec-6 0
123.249.0.210 - - [26/Oct/2018:10:54:51 +0800] "GET / HTTP/1.1" 404 - http-bio-8080-exec-5 0
123.249.0.210 - - [26/Oct/2018:10:54:58 +0800] "GET / HTTP/1.1" 404 - http-bio-8080-exec-5 0
80.82.70.187 - - [26/Oct/2018:10:57:53 +0800] "GET /cache/global/img/gs.gif HTTP/1.1" 404 - http-bio-8080-exec-11 0
58.218.200.24 - - [26/Oct/2018:10:58:32 +0800] "GET /Ip/Up?Ip=118.89.164.185&Port=8080&Check=91&Order=58.218.200.24 HTTP/1.1" 404 - http-bio-8080-exec-3 0
110.52.28.152 - - [26/Oct/2018:10:59:59 +0800] "GET / HTTP/1.1" 404 - http-bio-8080-exec-1 0
110.52.28.152 - - [26/Oct/2018:11:01:00 +0800] "GET / HTTP/1.1" 404 - http-bio-8080-exec-6 0
61.176.222.170 - - [26/Oct/2018:11:08:55 +0800] "GET /Ip/Up?Ip=118.89.164.185&Port=8080&Check=91&Order=61.176.222.170 HTTP/1.1" 404 - http-bio-8080-exec-7 0
110.52.29.28 - - [26/Oct/2018:11:15:42 +0800] "GET / HTTP/1.1" 404 - http-bio-8080-exec-8 0
110.52.29.28 - - [26/Oct/2018:11:16:44 +0800] "GET / HTTP/1.1" 404 - http-bio-8080-exec-4 0
61.176.222.170 - - [26/Oct/2018:11:29:34 +0800] "GET /Ip/Up?Ip=118.89.164.185&Port=8080&Check=91&Order=61.176.222.170 HTTP/1.1" 404 - http-bio-8080-exec-9 0
61.176.222.170 - - [26/Oct/2018:11:39:54 +0800] "GET /Ip/Up?Ip=118.89.164.185&Port=8080&Check=91&Order=61.176.222.170 HTTP/1.1" 404 - http-bio-8080-exec-10 0
5.188.62.15 - - [26/Oct/2018:11:41:03 +0800] "GET / HTTP/1.1" 404 - http-bio-8080-exec-5 0
58.218.200.24 - - [26/Oct/2018:11:50:12 +0800] "GET /Ip/Up?Ip=118.89.164.185&Port=8080&Check=91&Order=58.218.200.24 HTTP/1.1" 404 - http-bio-8080-exec-11 0
58.218.200.24 - - [26/Oct/2018:12:00:27 +0800] "GET /Ip/Up?Ip=118.89.164.185&Port=8080&Check=91&Order=58.218.200.24 HTTP/1.1" 404 - http-bio-8080-exec-3 0
43.252.11.219 - - [26/Oct/2018:12:10:29 +0800] "GET / HTTP/1.1" 404 - http-bio-8080-exec-1 0
58.218.200.24 - - [26/Oct/2018:12:10:31 +0800] "GET /Ip/Up?Ip=118.89.164.185&Port=8080&Check=91&Order=58.218.200.24 HTTP/1.1" 404 - http-bio-8080-exec-6 0
103.60.173.182 - - [26/Oct/2018:12:12:20 +0800] "GET / HTTP/1.1" 404 - http-bio-8080-exec-7 0
119.36.85.129 - - [26/Oct/2018:12:21:11 +0800] "GET /favicon.ico HTTP/1.1" 404 - http-bio-8080-exec-8 0
61.176.222.170 - - [26/Oct/2018:12:31:32 +0800] "GET /Ip/Up?Ip=118.89.164.185&Port=8080&Check=91&Order=61.176.222.170 HTTP/1.1" 404 - http-bio-8080-exec-4 0
61.176.223.98 - - [26/Oct/2018:12:41:39 +0800] "GET /Ip/Up?Ip=118.89.164.185&Port=8080&Check=91&Order=61.176.223.98 HTTP/1.1" 404 - http-bio-8080-exec-9 0
58.218.200.24 - - [26/Oct/2018:12:51:36 +0800] "GET /Ip/Up?Ip=118.89.164.185&Port=8080&Check=91&Order=58.218.200.24 HTTP/1.1" 404 - http-bio-8080-exec-6 0
61.176.222.170 - - [26/Oct/2018:13:01:51 +0800] "GET /Ip/Up?Ip=118.89.164.185&Port=8080&Check=91&Order=61.176.222.170 HTTP/1.1" 404 - http-bio-8080-exec-5 0
80.82.78.50 - - [26/Oct/2018:13:02:54 +0800] "GET /cache/global/img/gs.gif HTTP/1.1" 404 - http-bio-8080-exec-11 0
61.176.223.98 - - [26/Oct/2018:13:12:01 +0800] "GET /Ip/Up?Ip=118.89.164.185&Port=8080&Check=91&Order=61.176.223.98 HTTP/1.1" 404 - http-bio-8080-exec-3 0
58.218.200.24 - - [26/Oct/2018:13:22:03 +0800] "GET /Ip/Up?Ip=118.89.164.185&Port=8080&Check=91&Order=58.218.200.24 HTTP/1.1" 404 - http-bio-8080-exec-10 0
189.38.23.107 - - [26/Oct/2018:13:30:00 +0800] "GET / HTTP/1.1" 404 - http-bio-8080-exec-1 0
58.218.200.24 - - [26/Oct/2018:13:32:53 +0800] "GET /Ip/Up?Ip=118.89.164.185&Port=8080&Check=91&Order=58.218.200.24 HTTP/1.1" 404 - http-bio-8080-exec-7 0
61.176.223.98 - - [26/Oct/2018:13:53:05 +0800] "GET /Ip/Up?Ip=118.89.164.185&Port=8080&Check=91&Order=61.176.223.98 HTTP/1.1" 404 - http-bio-8080-exec-8 0
178.93.5.3 - - [26/Oct/2018:14:03:12 +0800] "GET / HTTP/1.1" 404 - http-bio-8080-exec-4 0
61.176.222.170 - - [26/Oct/2018:14:03:22 +0800] "GET /Ip/Up?Ip=118.89.164.185&Port=8080&Check=91&Order=61.176.222.170 HTTP/1.1" 404 - http-bio-8080-exec-9 0
72.214.100.178 - - [26/Oct/2018:14:10:34 +0800] "GET / HTTP/1.1" 404 - http-bio-8080-exec-6 0
58.218.200.24 - - [26/Oct/2018:14:13:33 +0800] "GET /Ip/Up?Ip=118.89.164.185&Port=8080&Check=91&Order=58.218.200.24 HTTP/1.1" 404 - http-bio-8080-exec-5 0
124.232.155.2 - - [26/Oct/2018:14:24:40 +0800] "POST /GponForm/diag_Form?images/ HTTP/1.1" 404 - http-bio-8080-exec-11 0
124.232.155.2 - - [01/Jan/1970:07:59:59 +0800] "-" 400 - null 0
61.176.222.170 - - [26/Oct/2018:14:33:46 +0800] "GET /Ip/Up?Ip=118.89.164.185&Port=8080&Check=91&Order=61.176.222.170 HTTP/1.1" 404 - http-bio-8080-exec-8 0
61.176.223.98 - - [26/Oct/2018:14:53:50 +0800] "GET /Ip/Up?Ip=118.89.164.185&Port=8080&Check=91&Order=61.176.223.98 HTTP/1.1" 404 - http-bio-8080-exec-4 0
123.249.13.7 - - [26/Oct/2018:14:56:38 +0800] "GET /manager/html HTTP/1.1" 404 - http-bio-8080-exec-9 0
58.218.200.24 - - [26/Oct/2018:15:03:59 +0800] "GET /Ip/Up?Ip=118.89.164.185&Port=8080&Check=91&Order=58.218.200.24 HTTP/1.1" 404 - http-bio-8080-exec-6 0
58.218.200.24 - - [26/Oct/2018:15:14:03 +0800] "GET /Ip/Up?Ip=118.89.164.185&Port=8080&Check=91&Order=58.218.200.24 HTTP/1.1" 404 - http-bio-8080-exec-5 0
61.176.222.170 - - [26/Oct/2018:15:24:24 +0800] "GET /Ip/Up?Ip=118.89.164.185&Port=8080&Check=91&Order=61.176.222.170 HTTP/1.1" 404 - http-bio-8080-exec-3 0
61.176.223.98 - - [26/Oct/2018:15:34:34 +0800] "GET /Ip/Up?Ip=118.89.164.185&Port=8080&Check=91&Order=61.176.223.98 HTTP/1.1" 404 - http-bio-8080-exec-10 0
61.176.223.98 - - [26/Oct/2018:15:44:36 +0800] "GET /Ip/Up?Ip=118.89.164.185&Port=8080&Check=91&Order=61.176.223.98 HTTP/1.1" 404 - http-bio-8080-exec-1 0
58.218.200.24 - - [26/Oct/2018:15:54:39 +0800] "GET /Ip/Up?Ip=118.89.164.185&Port=8080&Check=91&Order=58.218.200.24 HTTP/1.1" 404 - http-bio-8080-exec-7 0
58.218.200.24 - - [26/Oct/2018:16:04:44 +0800] "GET /Ip/Up?Ip=118.89.164.185&Port=8080&Check=91&Order=58.218.200.24 HTTP/1.1" 404 - http-bio-8080-exec-11 0
58.218.200.24 - - [26/Oct/2018:16:14:47 +0800] "GET /Ip/Up?Ip=118.89.164.185&Port=8080&Check=91&Order=58.218.200.24 HTTP/1.1" 404 - http-bio-8080-exec-8 0
37.255.210.89 - - [26/Oct/2018:16:24:33 +0800] "GET / HTTP/1.1" 404 - http-bio-8080-exec-4 0
61.176.223.98 - - [26/Oct/2018:16:24:39 +0800] "GET /Ip/Up?Ip=118.89.164.185&Port=8080&Check=91&Order=61.176.223.98 HTTP/1.1" 404 - http-bio-8080-exec-9 0
61.176.223.98 - - [26/Oct/2018:16:34:43 +0800] "GET /Ip/Up?Ip=118.89.164.185&Port=8080&Check=91&Order=61.176.223.98 HTTP/1.1" 404 - http-bio-8080-exec-6 0
61.176.222.170 - - [26/Oct/2018:16:44:36 +0800] "GET /Ip/Up?Ip=118.89.164.185&Port=8080&Check=91&Order=61.176.222.170 HTTP/1.1" 404 - http-bio-8080-exec-5 0
58.218.200.24 - - [26/Oct/2018:16:54:33 +0800] "GET /Ip/Up?Ip=118.89.164.185&Port=8080&Check=91&Order=58.218.200.24 HTTP/1.1" 404 - http-bio-8080-exec-3 0
23.236.77.44 - - [26/Oct/2018:16:56:40 +0800] "GET /script HTTP/1.1" 404 - http-bio-8080-exec-10 0
58.218.200.24 - - [26/Oct/2018:17:04:36 +0800] "GET /Ip/Up?Ip=118.89.164.185&Port=8080&Check=91&Order=58.218.200.24 HTTP/1.1" 404 - http-bio-8080-exec-1 0
61.176.222.170 - - [26/Oct/2018:17:14:28 +0800] "GET /Ip/Up?Ip=118.89.164.185&Port=8080&Check=91&Order=61.176.222.170 HTTP/1.1" 404 - http-bio-8080-exec-7 0
139.162.81.62 - - [26/Oct/2018:17:23:11 +0800] "GET /echo.php?info=1234567890 HTTP/1.1" 404 - http-bio-8080-exec-11 0
213.128.88.99 - - [26/Oct/2018:17:27:58 +0800] "GET /manager/html HTTP/1.1" 404 - http-bio-8080-exec-5 0
61.176.223.98 - - [26/Oct/2018:17:34:20 +0800] "GET /Ip/Up?Ip=118.89.164.185&Port=8080&Check=91&Order=61.176.223.98 HTTP/1.1" 404 - http-bio-8080-exec-3 0
58.218.200.24 - - [26/Oct/2018:17:44:15 +0800] "GET /Ip/Up?Ip=118.89.164.185&Port=8080&Check=91&Order=58.218.200.24 HTTP/1.1" 404 - http-bio-8080-exec-10 0
58.218.200.24 - - [26/Oct/2018:17:54:20 +0800] "GET /Ip/Up?Ip=118.89.164.185&Port=8080&Check=91&Order=58.218.200.24 HTTP/1.1" 404 - http-bio-8080-exec-1 0
61.176.223.98 - - [26/Oct/2018:18:14:20 +0800] "GET /Ip/Up?Ip=118.89.164.185&Port=8080&Check=91&Order=61.176.223.98 HTTP/1.1" 404 - http-bio-8080-exec-7 0
47.94.43.182 - - [26/Oct/2018:18:36:24 +0800] "CONNECT dnspod.qcloud.com:443 HTTP/1.0" 400 - http-bio-8080-exec-5 0
61.176.223.98 - - [26/Oct/2018:18:54:12 +0800] "GET /Ip/Up?Ip=118.89.164.185&Port=8080&Check=91&Order=61.176.223.98 HTTP/1.1" 404 - http-bio-8080-exec-4 0
61.176.223.98 - - [26/Oct/2018:19:04:20 +0800] "GET /Ip/Up?Ip=118.89.164.185&Port=8080&Check=91&Order=61.176.223.98 HTTP/1.1" 404 - http-bio-8080-exec-9 0
61.176.223.98 - - [26/Oct/2018:19:14:08 +0800] "GET /Ip/Up?Ip=118.89.164.185&Port=8080&Check=91&Order=61.176.223.98 HTTP/1.1" 404 - http-bio-8080-exec-6 0
61.176.223.98 - - [26/Oct/2018:19:24:17 +0800] "GET /Ip/Up?Ip=118.89.164.185&Port=8080&Check=91&Order=61.176.223.98 HTTP/1.1" 404 - http-bio-8080-exec-11 0
188.164.60.146 - - [26/Oct/2018:19:43:42 +0800] "GET / HTTP/1.1" 404 - http-bio-8080-exec-8 0
58.218.200.24 - - [26/Oct/2018:19:44:11 +0800] "GET /Ip/Up?Ip=118.89.164.185&Port=8080&Check=91&Order=58.218.200.24 HTTP/1.1" 404 - http-bio-8080-exec-3 0
111.11.5.114 - - [26/Oct/2018:20:10:53 +0800] "GET / HTTP/1.0" 404 - http-bio-8080-exec-10 0
61.176.223.98 - - [26/Oct/2018:20:14:01 +0800] "GET /Ip/Up?Ip=118.89.164.185&Port=8080&Check=91&Order=61.176.223.98 HTTP/1.1" 404 - http-bio-8080-exec-9 0
61.176.223.98 - - [26/Oct/2018:20:33:55 +0800] "GET /Ip/Up?Ip=118.89.164.185&Port=8080&Check=91&Order=61.176.223.98 HTTP/1.1" 404 - http-bio-8080-exec-6 0
61.176.223.98 - - [26/Oct/2018:20:43:54 +0800] "GET /Ip/Up?Ip=118.89.164.185&Port=8080&Check=91&Order=61.176.223.98 HTTP/1.1" 404 - http-bio-8080-exec-11 0
61.176.222.170 - - [26/Oct/2018:20:53:47 +0800] "GET /Ip/Up?Ip=118.89.164.185&Port=8080&Check=91&Order=61.176.222.170 HTTP/1.1" 404 - http-bio-8080-exec-8 0
61.176.223.98 - - [26/Oct/2018:21:03:31 +0800] "GET /Ip/Up?Ip=118.89.164.185&Port=8080&Check=91&Order=61.176.223.98 HTTP/1.1" 404 - http-bio-8080-exec-3 0
80.82.70.187 - - [26/Oct/2018:21:09:24 +0800] "GET /cache/global/img/gs.gif HTTP/1.1" 404 - http-bio-8080-exec-1 0
61.176.223.98 - - [26/Oct/2018:21:13:26 +0800] "GET /Ip/Up?Ip=118.89.164.185&Port=8080&Check=91&Order=61.176.223.98 HTTP/1.1" 404 - http-bio-8080-exec-7 0
198.108.66.176 - - [26/Oct/2018:21:18:30 +0800] "GET / HTTP/1.1" 404 - http-bio-8080-exec-5 0
58.218.200.24 - - [26/Oct/2018:21:33:23 +0800] "GET /Ip/Up?Ip=118.89.164.185&Port=8080&Check=91&Order=58.218.200.24 HTTP/1.1" 404 - http-bio-8080-exec-4 0
58.218.200.24 - - [26/Oct/2018:21:43:23 +0800] "GET /Ip/Up?Ip=118.89.164.185&Port=8080&Check=91&Order=58.218.200.24 HTTP/1.1" 404 - http-bio-8080-exec-10 0
58.218.200.24 - - [26/Oct/2018:21:53:23 +0800] "GET /Ip/Up?Ip=118.89.164.185&Port=8080&Check=91&Order=58.218.200.24 HTTP/1.1" 404 - http-bio-8080-exec-9 0
47.94.43.182 - - [26/Oct/2018:21:58:11 +0800] "CONNECT dnspod.qcloud.com:443 HTTP/1.0" 400 - http-bio-8080-exec-7 0
61.176.223.98 - - [26/Oct/2018:22:13:12 +0800] "GET /Ip/Up?Ip=118.89.164.185&Port=8080&Check=91&Order=61.176.223.98 HTTP/1.1" 404 - http-bio-8080-exec-11 0
183.205.143.45 - - [26/Oct/2018:22:14:30 +0800] "GET / HTTP/1.1" 404 - http-bio-8080-exec-8 0
222.186.46.180 - - [26/Oct/2018:22:21:06 +0800] "GET /manager/html HTTP/1.1" 404 - http-bio-8080-exec-3 0
61.176.223.98 - - [26/Oct/2018:22:23:21 +0800] "GET /Ip/Up?Ip=118.89.164.185&Port=8080&Check=91&Order=61.176.223.98 HTTP/1.1" 404 - http-bio-8080-exec-1 0
61.176.222.170 - - [26/Oct/2018:22:33:08 +0800] "GET /Ip/Up?Ip=118.89.164.185&Port=8080&Check=91&Order=61.176.222.170 HTTP/1.1" 404 - http-bio-8080-exec-6 0
58.218.200.24 - - [26/Oct/2018:22:52:57 +0800] "GET /Ip/Up?Ip=118.89.164.185&Port=8080&Check=91&Order=58.218.200.24 HTTP/1.1" 404 - http-bio-8080-exec-5 0
58.218.200.24 - - [26/Oct/2018:23:02:59 +0800] "GET /Ip/Up?Ip=118.89.164.185&Port=8080&Check=91&Order=58.218.200.24 HTTP/1.1" 404 - http-bio-8080-exec-4 0
218.2.97.66 - - [26/Oct/2018:23:11:12 +0800] "GET / HTTP/1.1" 404 - http-bio-8080-exec-10 0
61.176.222.170 - - [26/Oct/2018:23:12:50 +0800] "GET /Ip/Up?Ip=118.89.164.185&Port=8080&Check=91&Order=61.176.222.170 HTTP/1.1" 404 - http-bio-8080-exec-9 0
185.8.49.146 - - [26/Oct/2018:23:17:51 +0800] "CONNECT www.google.com:443 HTTP/1.1" 400 - http-bio-8080-exec-7 0
61.176.223.98 - - [26/Oct/2018:23:22:41 +0800] "GET /Ip/Up?Ip=118.89.164.185&Port=8080&Check=91&Order=61.176.223.98 HTTP/1.1" 404 - http-bio-8080-exec-6 0
61.176.223.98 - - [26/Oct/2018:23:32:56 +0800] "GET /Ip/Up?Ip=118.89.164.185&Port=8080&Check=91&Order=61.176.223.98 HTTP/1.1" 404 - http-bio-8080-exec-5 0
37.221.130.38 - - [26/Oct/2018:23:47:58 +0800] "GET / HTTP/1.1" 404 - http-bio-8080-exec-4 0
