61.176.222.170 - - [27/Oct/2018:00:03:03 +0800] "GET /Ip/Up?Ip=118.89.164.185&Port=8080&Check=91&Order=61.176.222.170 HTTP/1.1" 404 - http-bio-8080-exec-10 0
61.176.222.170 - - [27/Oct/2018:00:12:43 +0800] "GET /Ip/Up?Ip=118.89.164.185&Port=8080&Check=91&Order=61.176.222.170 HTTP/1.1" 404 - http-bio-8080-exec-9 0
61.176.223.98 - - [27/Oct/2018:00:22:44 +0800] "GET /Ip/Up?Ip=118.89.164.185&Port=8080&Check=91&Order=61.176.223.98 HTTP/1.1" 404 - http-bio-8080-exec-11 0
58.218.200.24 - - [27/Oct/2018:00:32:40 +0800] "GET /Ip/Up?Ip=118.89.164.185&Port=8080&Check=91&Order=58.218.200.24 HTTP/1.1" 404 - http-bio-8080-exec-8 0
61.176.223.98 - - [27/Oct/2018:00:42:40 +0800] "GET /Ip/Up?Ip=118.89.164.185&Port=8080&Check=91&Order=61.176.223.98 HTTP/1.1" 404 - http-bio-8080-exec-3 0
188.34.93.13 - - [27/Oct/2018:00:47:43 +0800] "GET / HTTP/1.1" 404 - http-bio-8080-exec-1 0
61.176.223.98 - - [27/Oct/2018:00:52:15 +0800] "GET /Ip/Up?Ip=118.89.164.185&Port=8080&Check=91&Order=61.176.223.98 HTTP/1.1" 404 - http-bio-8080-exec-7 0
58.218.200.24 - - [27/Oct/2018:01:11:46 +0800] "GET /Ip/Up?Ip=118.89.164.185&Port=8080&Check=91&Order=58.218.200.24 HTTP/1.1" 404 - http-bio-8080-exec-6 0
61.176.223.98 - - [27/Oct/2018:01:21:43 +0800] "GET /Ip/Up?Ip=118.89.164.185&Port=8080&Check=91&Order=61.176.223.98 HTTP/1.1" 404 - http-bio-8080-exec-5 0
58.218.200.24 - - [27/Oct/2018:01:31:53 +0800] "GET /Ip/Up?Ip=118.89.164.185&Port=8080&Check=91&Order=58.218.200.24 HTTP/1.1" 404 - http-bio-8080-exec-4 0
145.249.106.11 - - [27/Oct/2018:01:34:15 +0800] "HEAD / HTTP/1.1" 404 - http-bio-8080-exec-10 0
58.218.200.24 - - [27/Oct/2018:01:41:56 +0800] "GET /Ip/Up?Ip=118.89.164.185&Port=8080&Check=91&Order=58.218.200.24 HTTP/1.1" 404 - http-bio-8080-exec-9 0
61.176.223.98 - - [27/Oct/2018:01:51:36 +0800] "GET /Ip/Up?Ip=118.89.164.185&Port=8080&Check=91&Order=61.176.223.98 HTTP/1.1" 404 - http-bio-8080-exec-11 0
58.218.200.24 - - [27/Oct/2018:02:01:24 +0800] "GET /Ip/Up?Ip=118.89.164.185&Port=8080&Check=91&Order=58.218.200.24 HTTP/1.1" 404 - http-bio-8080-exec-8 0
61.176.223.98 - - [27/Oct/2018:02:11:09 +0800] "GET /Ip/Up?Ip=118.89.164.185&Port=8080&Check=91&Order=61.176.223.98 HTTP/1.1" 404 - http-bio-8080-exec-3 0
178.217.249.184 - - [27/Oct/2018:02:17:59 +0800] "GET / HTTP/1.1" 404 - http-bio-8080-exec-1 0
61.176.222.170 - - [27/Oct/2018:02:21:10 +0800] "GET /Ip/Up?Ip=118.89.164.185&Port=8080&Check=91&Order=61.176.222.170 HTTP/1.1" 404 - http-bio-8080-exec-7 0
58.218.200.24 - - [27/Oct/2018:02:30:59 +0800] "GET /Ip/Up?Ip=118.89.164.185&Port=8080&Check=91&Order=58.218.200.24 HTTP/1.1" 404 - http-bio-8080-exec-6 0
61.176.223.98 - - [27/Oct/2018:02:40:51 +0800] "GET /Ip/Up?Ip=118.89.164.185&Port=8080&Check=91&Order=61.176.223.98 HTTP/1.1" 404 - http-bio-8080-exec-5 0
89.201.113.54 - - [27/Oct/2018:02:44:03 +0800] "GET / HTTP/1.1" 404 - http-bio-8080-exec-4 0
58.218.200.24 - - [27/Oct/2018:02:50:38 +0800] "GET /Ip/Up?Ip=118.89.164.185&Port=8080&Check=91&Order=58.218.200.24 HTTP/1.1" 404 - http-bio-8080-exec-10 0
183.205.143.45 - - [27/Oct/2018:02:58:26 +0800] "GET / HTTP/1.1" 404 - http-bio-8080-exec-9 0
61.176.223.98 - - [27/Oct/2018:03:00:19 +0800] "GET /Ip/Up?Ip=118.89.164.185&Port=8080&Check=91&Order=61.176.223.98 HTTP/1.1" 404 - http-bio-8080-exec-11 0
47.94.43.182 - - [27/Oct/2018:03:09:44 +0800] "CONNECT dnspod.qcloud.com:443 HTTP/1.0" 400 - http-bio-8080-exec-5 0
58.218.200.24 - - [27/Oct/2018:03:10:12 +0800] "GET /Ip/Up?Ip=118.89.164.185&Port=8080&Check=91&Order=58.218.200.24 HTTP/1.1" 404 - http-bio-8080-exec-3 0
61.176.223.98 - - [27/Oct/2018:03:19:55 +0800] "GET /Ip/Up?Ip=118.89.164.185&Port=8080&Check=91&Order=61.176.223.98 HTTP/1.1" 404 - http-bio-8080-exec-1 0
58.218.200.24 - - [27/Oct/2018:03:29:46 +0800] "GET /Ip/Up?Ip=118.89.164.185&Port=8080&Check=91&Order=58.218.200.24 HTTP/1.1" 404 - http-bio-8080-exec-7 0
178.93.55.125 - - [27/Oct/2018:03:33:20 +0800] "GET / HTTP/1.1" 404 - http-bio-8080-exec-6 0
175.137.165.251 - - [27/Oct/2018:03:37:50 +0800] "GET / HTTP/1.0" 404 - http-bio-8080-exec-8 0
61.176.223.98 - - [27/Oct/2018:03:39:23 +0800] "GET /Ip/Up?Ip=118.89.164.185&Port=8080&Check=91&Order=61.176.223.98 HTTP/1.1" 404 - http-bio-8080-exec-4 0
104.211.229.218 - - [27/Oct/2018:03:48:41 +0800] "GET / HTTP/1.1" 404 - http-bio-8080-exec-10 0
61.176.223.98 - - [27/Oct/2018:03:49:27 +0800] "GET /Ip/Up?Ip=118.89.164.185&Port=8080&Check=91&Order=61.176.223.98 HTTP/1.1" 404 - http-bio-8080-exec-9 0
61.176.223.98 - - [27/Oct/2018:03:58:55 +0800] "GET /Ip/Up?Ip=118.89.164.185&Port=8080&Check=91&Order=61.176.223.98 HTTP/1.1" 404 - http-bio-8080-exec-11 0
58.218.200.24 - - [27/Oct/2018:04:18:31 +0800] "GET /Ip/Up?Ip=118.89.164.185&Port=8080&Check=91&Order=58.218.200.24 HTTP/1.1" 404 - http-bio-8080-exec-5 0
61.176.222.170 - - [27/Oct/2018:04:28:24 +0800] "GET /Ip/Up?Ip=118.89.164.185&Port=8080&Check=91&Order=61.176.222.170 HTTP/1.1" 404 - http-bio-8080-exec-3 0
61.176.222.170 - - [27/Oct/2018:04:38:03 +0800] "GET /Ip/Up?Ip=118.89.164.185&Port=8080&Check=91&Order=61.176.222.170 HTTP/1.1" 404 - http-bio-8080-exec-1 0
58.218.200.24 - - [27/Oct/2018:04:47:48 +0800] "GET /Ip/Up?Ip=118.89.164.185&Port=8080&Check=91&Order=58.218.200.24 HTTP/1.1" 404 - http-bio-8080-exec-7 0
58.218.200.24 - - [27/Oct/2018:05:07:19 +0800] "GET /Ip/Up?Ip=118.89.164.185&Port=8080&Check=91&Order=58.218.200.24 HTTP/1.1" 404 - http-bio-8080-exec-6 0
61.176.222.170 - - [27/Oct/2018:05:17:06 +0800] "GET /Ip/Up?Ip=118.89.164.185&Port=8080&Check=91&Order=61.176.222.170 HTTP/1.1" 404 - http-bio-8080-exec-8 0
219.77.106.43 - - [27/Oct/2018:05:20:20 +0800] "GET / HTTP/1.0" 404 - http-bio-8080-exec-4 0
58.218.200.24 - - [27/Oct/2018:05:26:59 +0800] "GET /Ip/Up?Ip=118.89.164.185&Port=8080&Check=91&Order=58.218.200.24 HTTP/1.1" 404 - http-bio-8080-exec-3 0
183.205.143.45 - - [27/Oct/2018:05:31:30 +0800] "GET / HTTP/1.1" 404 - http-bio-8080-exec-1 0
58.218.200.24 - - [27/Oct/2018:05:36:35 +0800] "GET /Ip/Up?Ip=118.89.164.185&Port=8080&Check=91&Order=58.218.200.24 HTTP/1.1" 404 - http-bio-8080-exec-7 0
61.176.223.98 - - [27/Oct/2018:05:46:32 +0800] "GET /Ip/Up?Ip=118.89.164.185&Port=8080&Check=91&Order=61.176.223.98 HTTP/1.1" 404 - http-bio-8080-exec-6 0
58.218.200.24 - - [27/Oct/2018:05:56:09 +0800] "GET /Ip/Up?Ip=118.89.164.185&Port=8080&Check=91&Order=58.218.200.24 HTTP/1.1" 404 - http-bio-8080-exec-8 0
61.176.223.98 - - [27/Oct/2018:06:06:06 +0800] "GET /Ip/Up?Ip=118.89.164.185&Port=8080&Check=91&Order=61.176.223.98 HTTP/1.1" 404 - http-bio-8080-exec-10 0
221.11.230.13 - - [27/Oct/2018:06:12:22 +0800] "GET / HTTP/1.1" 404 - http-bio-8080-exec-1 0
61.176.222.170 - - [27/Oct/2018:06:15:49 +0800] "GET /Ip/Up?Ip=118.89.164.185&Port=8080&Check=91&Order=61.176.222.170 HTTP/1.1" 404 - http-bio-8080-exec-7 0
210.96.143.19 - - [27/Oct/2018:06:25:37 +0800] "GET /manager/html HTTP/1.1" 404 - http-bio-8080-exec-6 0
210.96.143.19 - - [01/Jan/1970:07:59:59 +0800] "-" 400 - null 0
58.218.200.24 - - [27/Oct/2018:06:25:47 +0800] "GET /Ip/Up?Ip=118.89.164.185&Port=8080&Check=91&Order=58.218.200.24 HTTP/1.1" 404 - http-bio-8080-exec-10 0
61.176.223.98 - - [27/Oct/2018:06:35:22 +0800] "GET /Ip/Up?Ip=118.89.164.185&Port=8080&Check=91&Order=61.176.223.98 HTTP/1.1" 404 - http-bio-8080-exec-11 0
58.218.200.24 - - [27/Oct/2018:06:45:24 +0800] "GET /Ip/Up?Ip=118.89.164.185&Port=8080&Check=91&Order=58.218.200.24 HTTP/1.1" 404 - http-bio-8080-exec-5 0
61.176.223.98 - - [27/Oct/2018:06:55:12 +0800] "GET /Ip/Up?Ip=118.89.164.185&Port=8080&Check=91&Order=61.176.223.98 HTTP/1.1" 404 - http-bio-8080-exec-4 0
81.162.71.8 - - [27/Oct/2018:06:56:47 +0800] "GET / HTTP/1.1" 404 - http-bio-8080-exec-9 0
58.218.200.24 - - [27/Oct/2018:07:04:55 +0800] "GET /Ip/Up?Ip=118.89.164.185&Port=8080&Check=91&Order=58.218.200.24 HTTP/1.1" 404 - http-bio-8080-exec-3 0
47.94.43.182 - - [27/Oct/2018:07:06:14 +0800] "CONNECT dnspod.qcloud.com:443 HTTP/1.0" 400 - http-bio-8080-exec-11 0
61.176.223.98 - - [27/Oct/2018:07:14:59 +0800] "GET /Ip/Up?Ip=118.89.164.185&Port=8080&Check=91&Order=61.176.223.98 HTTP/1.1" 404 - http-bio-8080-exec-7 0
61.176.223.98 - - [27/Oct/2018:07:25:00 +0800] "GET /Ip/Up?Ip=118.89.164.185&Port=8080&Check=91&Order=61.176.223.98 HTTP/1.1" 404 - http-bio-8080-exec-8 0
61.176.223.98 - - [27/Oct/2018:07:34:43 +0800] "GET /Ip/Up?Ip=118.89.164.185&Port=8080&Check=91&Order=61.176.223.98 HTTP/1.1" 404 - http-bio-8080-exec-10 0
125.163.6.243 - - [27/Oct/2018:07:43:36 +0800] "GET / HTTP/1.1" 404 - http-bio-8080-exec-6 0
61.176.223.98 - - [27/Oct/2018:07:44:20 +0800] "GET /Ip/Up?Ip=118.89.164.185&Port=8080&Check=91&Order=61.176.223.98 HTTP/1.1" 404 - http-bio-8080-exec-1 0
80.82.70.187 - - [27/Oct/2018:07:50:40 +0800] "GET /cache/global/img/gs.gif HTTP/1.1" 404 - http-bio-8080-exec-5 0
61.176.223.98 - - [27/Oct/2018:07:54:47 +0800] "GET /Ip/Up?Ip=118.89.164.185&Port=8080&Check=91&Order=61.176.223.98 HTTP/1.1" 404 - http-bio-8080-exec-4 0
61.176.222.170 - - [27/Oct/2018:08:04:33 +0800] "GET /Ip/Up?Ip=118.89.164.185&Port=8080&Check=91&Order=61.176.222.170 HTTP/1.1" 404 - http-bio-8080-exec-9 0
61.176.222.170 - - [27/Oct/2018:08:14:48 +0800] "GET /Ip/Up?Ip=118.89.164.185&Port=8080&Check=91&Order=61.176.222.170 HTTP/1.1" 404 - http-bio-8080-exec-3 0
216.218.206.66 - - [27/Oct/2018:08:16:52 +0800] "GET / HTTP/1.1" 404 - http-bio-8080-exec-11 0
58.218.200.24 - - [27/Oct/2018:08:24:36 +0800] "GET /Ip/Up?Ip=118.89.164.185&Port=8080&Check=91&Order=58.218.200.24 HTTP/1.1" 404 - http-bio-8080-exec-7 0
61.176.222.170 - - [27/Oct/2018:08:34:51 +0800] "GET /Ip/Up?Ip=118.89.164.185&Port=8080&Check=91&Order=61.176.222.170 HTTP/1.1" 404 - http-bio-8080-exec-8 0
61.176.222.170 - - [27/Oct/2018:08:44:31 +0800] "GET /Ip/Up?Ip=118.89.164.185&Port=8080&Check=91&Order=61.176.222.170 HTTP/1.1" 404 - http-bio-8080-exec-10 0
58.218.200.24 - - [27/Oct/2018:08:54:21 +0800] "GET /Ip/Up?Ip=118.89.164.185&Port=8080&Check=91&Order=58.218.200.24 HTTP/1.1" 404 - http-bio-8080-exec-6 0
61.176.223.98 - - [27/Oct/2018:09:03:59 +0800] "GET /Ip/Up?Ip=118.89.164.185&Port=8080&Check=91&Order=61.176.223.98 HTTP/1.1" 404 - http-bio-8080-exec-1 0
61.176.222.170 - - [27/Oct/2018:09:13:30 +0800] "GET /Ip/Up?Ip=118.89.164.185&Port=8080&Check=91&Order=61.176.222.170 HTTP/1.1" 404 - http-bio-8080-exec-5 0
60.191.38.77 - - [27/Oct/2018:09:15:34 +0800] "GET / HTTP/1.1" 404 - http-bio-8080-exec-4 0
58.218.200.24 - - [27/Oct/2018:09:23:04 +0800] "GET /Ip/Up?Ip=118.89.164.185&Port=8080&Check=91&Order=58.218.200.24 HTTP/1.1" 404 - http-bio-8080-exec-9 0
171.38.7.245 - - [27/Oct/2018:09:27:28 +0800] "GET / HTTP/1.1" 404 - http-bio-8080-exec-3 0
58.218.200.24 - - [27/Oct/2018:09:32:37 +0800] "GET /Ip/Up?Ip=118.89.164.185&Port=8080&Check=91&Order=58.218.200.24 HTTP/1.1" 404 - http-bio-8080-exec-11 0
58.218.200.24 - - [27/Oct/2018:09:42:19 +0800] "GET /Ip/Up?Ip=118.89.164.185&Port=8080&Check=91&Order=58.218.200.24 HTTP/1.1" 404 - http-bio-8080-exec-7 0
58.218.200.24 - - [27/Oct/2018:09:51:52 +0800] "GET /Ip/Up?Ip=118.89.164.185&Port=8080&Check=91&Order=58.218.200.24 HTTP/1.1" 404 - http-bio-8080-exec-8 0
183.205.143.45 - - [27/Oct/2018:09:55:09 +0800] "GET / HTTP/1.1" 404 - http-bio-8080-exec-10 0
61.176.223.98 - - [27/Oct/2018:10:01:27 +0800] "GET /Ip/Up?Ip=118.89.164.185&Port=8080&Check=91&Order=61.176.223.98 HTTP/1.1" 404 - http-bio-8080-exec-6 0
61.176.223.98 - - [27/Oct/2018:10:11:02 +0800] "GET /Ip/Up?Ip=118.89.164.185&Port=8080&Check=91&Order=61.176.223.98 HTTP/1.1" 404 - http-bio-8080-exec-1 0
213.32.253.165 - - [27/Oct/2018:10:16:38 +0800] "GET / HTTP/1.1" 404 - http-bio-8080-exec-5 0
61.176.223.98 - - [27/Oct/2018:10:20:33 +0800] "GET /Ip/Up?Ip=118.89.164.185&Port=8080&Check=91&Order=61.176.223.98 HTTP/1.1" 404 - http-bio-8080-exec-4 0
61.176.222.170 - - [27/Oct/2018:10:30:12 +0800] "GET /Ip/Up?Ip=118.89.164.185&Port=8080&Check=91&Order=61.176.222.170 HTTP/1.1" 404 - http-bio-8080-exec-9 0
61.176.222.170 - - [27/Oct/2018:10:39:48 +0800] "GET /Ip/Up?Ip=118.89.164.185&Port=8080&Check=91&Order=61.176.222.170 HTTP/1.1" 404 - http-bio-8080-exec-3 0
103.85.120.126 - - [27/Oct/2018:10:46:37 +0800] "GET / HTTP/1.1" 404 - http-bio-8080-exec-11 0
61.176.222.170 - - [27/Oct/2018:10:49:33 +0800] "GET /Ip/Up?Ip=118.89.164.185&Port=8080&Check=91&Order=61.176.222.170 HTTP/1.1" 404 - http-bio-8080-exec-7 0
61.176.223.98 - - [27/Oct/2018:10:59:04 +0800] "GET /Ip/Up?Ip=118.89.164.185&Port=8080&Check=91&Order=61.176.223.98 HTTP/1.1" 404 - http-bio-8080-exec-8 0
61.176.223.98 - - [27/Oct/2018:11:08:33 +0800] "GET /Ip/Up?Ip=118.89.164.185&Port=8080&Check=91&Order=61.176.223.98 HTTP/1.1" 404 - http-bio-8080-exec-10 0
58.218.200.24 - - [27/Oct/2018:11:18:16 +0800] "GET /Ip/Up?Ip=118.89.164.185&Port=8080&Check=91&Order=58.218.200.24 HTTP/1.1" 404 - http-bio-8080-exec-6 0
110.52.28.173 - - [27/Oct/2018:11:25:21 +0800] "GET / HTTP/1.1" 404 - http-bio-8080-exec-1 0
110.52.28.173 - - [27/Oct/2018:11:26:23 +0800] "GET / HTTP/1.1" 404 - http-bio-8080-exec-5 0
58.218.200.24 - - [27/Oct/2018:11:27:56 +0800] "GET /Ip/Up?Ip=118.89.164.185&Port=8080&Check=91&Order=58.218.200.24 HTTP/1.1" 404 - http-bio-8080-exec-4 0
80.82.78.50 - - [27/Oct/2018:11:33:01 +0800] "GET /cache/global/img/gs.gif HTTP/1.1" 404 - http-bio-8080-exec-9 0
61.176.223.98 - - [27/Oct/2018:11:37:28 +0800] "GET /Ip/Up?Ip=118.89.164.185&Port=8080&Check=91&Order=61.176.223.98 HTTP/1.1" 404 - http-bio-8080-exec-3 0
61.176.223.98 - - [27/Oct/2018:11:47:01 +0800] "GET /Ip/Up?Ip=118.89.164.185&Port=8080&Check=91&Order=61.176.223.98 HTTP/1.1" 404 - http-bio-8080-exec-11 0
61.176.223.98 - - [27/Oct/2018:12:06:07 +0800] "GET /Ip/Up?Ip=118.89.164.185&Port=8080&Check=91&Order=61.176.223.98 HTTP/1.1" 404 - http-bio-8080-exec-7 0
61.176.222.170 - - [27/Oct/2018:12:15:49 +0800] "GET /Ip/Up?Ip=118.89.164.185&Port=8080&Check=91&Order=61.176.222.170 HTTP/1.1" 404 - http-bio-8080-exec-8 0
63.246.129.30 - - [27/Oct/2018:12:18:50 +0800] "GET /phpmyadmin/scripts/setup.php HTTP/1.1" 404 - http-bio-8080-exec-10 0
47.94.43.182 - - [27/Oct/2018:12:24:54 +0800] "CONNECT dnspod.qcloud.com:443 HTTP/1.0" 400 - http-bio-8080-exec-6 0
61.176.222.170 - - [27/Oct/2018:12:25:36 +0800] "GET /Ip/Up?Ip=118.89.164.185&Port=8080&Check=91&Order=61.176.222.170 HTTP/1.1" 404 - http-bio-8080-exec-3 0
183.205.143.45 - - [27/Oct/2018:12:36:19 +0800] "GET / HTTP/1.1" 404 - http-bio-8080-exec-5 0
183.205.143.45 - - [27/Oct/2018:12:36:25 +0800] "GET / HTTP/1.1" 404 - http-bio-8080-exec-5 0
187.10.152.197 - - [27/Oct/2018:12:42:14 +0800] "GET / HTTP/1.1" 404 - http-bio-8080-exec-8 0
61.176.223.98 - - [27/Oct/2018:12:44:37 +0800] "GET /Ip/Up?Ip=118.89.164.185&Port=8080&Check=91&Order=61.176.223.98 HTTP/1.1" 404 - http-bio-8080-exec-9 0
61.176.223.98 - - [27/Oct/2018:13:03:40 +0800] "GET /Ip/Up?Ip=118.89.164.185&Port=8080&Check=91&Order=61.176.223.98 HTTP/1.1" 404 - http-bio-8080-exec-1 0
61.176.222.170 - - [27/Oct/2018:13:13:16 +0800] "GET /Ip/Up?Ip=118.89.164.185&Port=8080&Check=91&Order=61.176.222.170 HTTP/1.1" 404 - http-bio-8080-exec-11 0
61.176.222.170 - - [27/Oct/2018:13:22:56 +0800] "GET /Ip/Up?Ip=118.89.164.185&Port=8080&Check=91&Order=61.176.222.170 HTTP/1.1" 404 - http-bio-8080-exec-4 0
183.205.143.45 - - [27/Oct/2018:13:24:43 +0800] "GET / HTTP/1.1" 404 - http-bio-8080-exec-10 0
183.205.143.45 - - [27/Oct/2018:13:24:46 +0800] "GET / HTTP/1.1" 404 - http-bio-8080-exec-10 0
183.205.143.45 - - [27/Oct/2018:13:24:49 +0800] "GET / HTTP/1.1" 404 - http-bio-8080-exec-10 0
61.176.223.98 - - [27/Oct/2018:13:33:41 +0800] "GET /Ip/Up?Ip=118.89.164.185&Port=8080&Check=91&Order=61.176.223.98 HTTP/1.1" 404 - http-bio-8080-exec-3 0
103.47.218.31 - - [27/Oct/2018:13:37:51 +0800] "GET / HTTP/1.1" 404 - http-bio-8080-exec-7 0
119.36.85.129 - - [27/Oct/2018:13:42:01 +0800] "GET /favicon.ico HTTP/1.1" 404 - http-bio-8080-exec-5 0
61.176.223.98 - - [27/Oct/2018:13:43:10 +0800] "GET /Ip/Up?Ip=118.89.164.185&Port=8080&Check=91&Order=61.176.223.98 HTTP/1.1" 404 - http-bio-8080-exec-8 0
61.176.223.98 - - [27/Oct/2018:13:52:40 +0800] "GET /Ip/Up?Ip=118.89.164.185&Port=8080&Check=91&Order=61.176.223.98 HTTP/1.1" 404 - http-bio-8080-exec-9 0
61.176.222.170 - - [27/Oct/2018:14:02:19 +0800] "GET /Ip/Up?Ip=118.89.164.185&Port=8080&Check=91&Order=61.176.222.170 HTTP/1.1" 404 - http-bio-8080-exec-1 0
61.176.222.170 - - [27/Oct/2018:14:11:58 +0800] "GET /Ip/Up?Ip=118.89.164.185&Port=8080&Check=91&Order=61.176.222.170 HTTP/1.1" 404 - http-bio-8080-exec-11 0
185.222.211.18 - - [27/Oct/2018:14:19:45 +0800] "  /*à     Cookie: mstshash=Administr " 400 - http-bio-8080-exec-4 0
58.218.200.24 - - [27/Oct/2018:14:31:05 +0800] "GET /Ip/Up?Ip=118.89.164.185&Port=8080&Check=91&Order=58.218.200.24 HTTP/1.1" 404 - http-bio-8080-exec-5 0
58.218.200.24 - - [27/Oct/2018:14:40:38 +0800] "GET /Ip/Up?Ip=118.89.164.185&Port=8080&Check=91&Order=58.218.200.24 HTTP/1.1" 404 - http-bio-8080-exec-8 0
58.218.200.24 - - [27/Oct/2018:14:50:08 +0800] "GET /Ip/Up?Ip=118.89.164.185&Port=8080&Check=91&Order=58.218.200.24 HTTP/1.1" 404 - http-bio-8080-exec-9 0
58.218.200.24 - - [27/Oct/2018:14:59:44 +0800] "GET /Ip/Up?Ip=118.89.164.185&Port=8080&Check=91&Order=58.218.200.24 HTTP/1.1" 404 - http-bio-8080-exec-1 0
103.206.103.156 - - [27/Oct/2018:15:04:19 +0800] "GET / HTTP/1.1" 404 - http-bio-8080-exec-11 0
58.218.200.24 - - [27/Oct/2018:15:09:19 +0800] "GET /Ip/Up?Ip=118.89.164.185&Port=8080&Check=91&Order=58.218.200.24 HTTP/1.1" 404 - http-bio-8080-exec-6 0
58.218.200.24 - - [27/Oct/2018:15:18:52 +0800] "GET /Ip/Up?Ip=118.89.164.185&Port=8080&Check=91&Order=58.218.200.24 HTTP/1.1" 404 - http-bio-8080-exec-10 0
58.218.200.24 - - [27/Oct/2018:15:38:00 +0800] "GET /Ip/Up?Ip=118.89.164.185&Port=8080&Check=91&Order=58.218.200.24 HTTP/1.1" 404 - http-bio-8080-exec-3 0
61.176.223.98 - - [27/Oct/2018:15:56:45 +0800] "GET /Ip/Up?Ip=118.89.164.185&Port=8080&Check=91&Order=61.176.223.98 HTTP/1.1" 404 - http-bio-8080-exec-7 0
58.218.213.68 - - [27/Oct/2018:16:06:04 +0800] "GET / HTTP/1.1" 404 - http-bio-8080-exec-4 0
58.218.213.68 - - [27/Oct/2018:16:06:04 +0800] "GET /index.action HTTP/1.1" 404 - http-bio-8080-exec-4 0
61.176.222.170 - - [27/Oct/2018:16:06:19 +0800] "GET /Ip/Up?Ip=118.89.164.185&Port=8080&Check=91&Order=61.176.222.170 HTTP/1.1" 404 - http-bio-8080-exec-6 0
178.79.56.34 - - [27/Oct/2018:16:11:05 +0800] "GET / HTTP/1.1" 404 - http-bio-8080-exec-10 0
58.218.200.24 - - [27/Oct/2018:16:15:44 +0800] "GET /Ip/Up?Ip=118.89.164.185&Port=8080&Check=91&Order=58.218.200.24 HTTP/1.1" 404 - http-bio-8080-exec-3 0
61.176.222.170 - - [27/Oct/2018:16:25:09 +0800] "GET /Ip/Up?Ip=118.89.164.185&Port=8080&Check=91&Order=61.176.222.170 HTTP/1.1" 404 - http-bio-8080-exec-7 0
61.176.222.170 - - [27/Oct/2018:16:34:45 +0800] "GET /Ip/Up?Ip=118.89.164.185&Port=8080&Check=91&Order=61.176.222.170 HTTP/1.1" 404 - http-bio-8080-exec-5 0
181.129.81.90 - - [27/Oct/2018:16:42:43 +0800] "GET / HTTP/1.1" 404 - http-bio-8080-exec-6 0
58.218.200.24 - - [27/Oct/2018:16:43:53 +0800] "GET /Ip/Up?Ip=118.89.164.185&Port=8080&Check=91&Order=58.218.200.24 HTTP/1.1" 404 - http-bio-8080-exec-9 0
58.218.200.24 - - [27/Oct/2018:16:53:20 +0800] "GET /Ip/Up?Ip=118.89.164.185&Port=8080&Check=91&Order=58.218.200.24 HTTP/1.1" 404 - http-bio-8080-exec-1 0
109.94.241.148 - - [27/Oct/2018:16:56:59 +0800] "GET / HTTP/1.1" 404 - http-bio-8080-exec-11 0
61.176.223.98 - - [27/Oct/2018:17:02:53 +0800] "GET /Ip/Up?Ip=118.89.164.185&Port=8080&Check=91&Order=61.176.223.98 HTTP/1.1" 404 - http-bio-8080-exec-8 0
183.205.143.45 - - [27/Oct/2018:17:03:53 +0800] "GET / HTTP/1.1" 404 - http-bio-8080-exec-4 0
61.216.152.133 - - [27/Oct/2018:17:07:47 +0800] "POST /10 HTTP/1.1" 404 - http-bio-8080-exec-10 0
69.17.241.37 - - [27/Oct/2018:17:13:53 +0800] "GET / HTTP/1.0" 404 - http-bio-8080-exec-3 0
58.54.244.242 - - [27/Oct/2018:17:18:30 +0800] "GET /manager/html HTTP/1.1" 404 - http-bio-8080-exec-1 0
58.218.200.24 - - [27/Oct/2018:17:21:39 +0800] "GET /Ip/Up?Ip=118.89.164.185&Port=8080&Check=91&Order=58.218.200.24 HTTP/1.1" 404 - http-bio-8080-exec-11 0
61.176.223.98 - - [27/Oct/2018:17:31:03 +0800] "GET /Ip/Up?Ip=118.89.164.185&Port=8080&Check=91&Order=61.176.223.98 HTTP/1.1" 404 - http-bio-8080-exec-8 0
47.94.43.182 - - [27/Oct/2018:17:31:40 +0800] "CONNECT dnspod.qcloud.com:443 HTTP/1.0" 400 - http-bio-8080-exec-9 0
58.218.200.24 - - [27/Oct/2018:17:40:41 +0800] "GET /Ip/Up?Ip=118.89.164.185&Port=8080&Check=91&Order=58.218.200.24 HTTP/1.1" 404 - http-bio-8080-exec-10 0
58.218.200.24 - - [27/Oct/2018:17:50:16 +0800] "GET /Ip/Up?Ip=118.89.164.185&Port=8080&Check=91&Order=58.218.200.24 HTTP/1.1" 404 - http-bio-8080-exec-7 0
61.176.222.170 - - [27/Oct/2018:17:59:57 +0800] "GET /Ip/Up?Ip=118.89.164.185&Port=8080&Check=91&Order=61.176.222.170 HTTP/1.1" 404 - http-bio-8080-exec-5 0
58.218.200.24 - - [27/Oct/2018:18:09:30 +0800] "GET /Ip/Up?Ip=118.89.164.185&Port=8080&Check=91&Order=58.218.200.24 HTTP/1.1" 404 - http-bio-8080-exec-6 0
61.176.223.98 - - [27/Oct/2018:18:18:45 +0800] "GET /Ip/Up?Ip=118.89.164.185&Port=8080&Check=91&Order=61.176.223.98 HTTP/1.1" 404 - http-bio-8080-exec-4 0
168.227.5.64 - - [27/Oct/2018:18:21:46 +0800] "GET / HTTP/1.1" 404 - http-bio-8080-exec-3 0
61.176.223.98 - - [27/Oct/2018:18:28:08 +0800] "GET /Ip/Up?Ip=118.89.164.185&Port=8080&Check=91&Order=61.176.223.98 HTTP/1.1" 404 - http-bio-8080-exec-1 0
61.176.223.98 - - [27/Oct/2018:18:37:36 +0800] "GET /Ip/Up?Ip=118.89.164.185&Port=8080&Check=91&Order=61.176.223.98 HTTP/1.1" 404 - http-bio-8080-exec-11 0
58.218.200.24 - - [27/Oct/2018:18:46:56 +0800] "GET /Ip/Up?Ip=118.89.164.185&Port=8080&Check=91&Order=58.218.200.24 HTTP/1.1" 404 - http-bio-8080-exec-8 0
61.176.222.170 - - [27/Oct/2018:18:56:32 +0800] "GET /Ip/Up?Ip=118.89.164.185&Port=8080&Check=91&Order=61.176.222.170 HTTP/1.1" 404 - http-bio-8080-exec-9 0
61.176.223.98 - - [27/Oct/2018:19:05:46 +0800] "GET /Ip/Up?Ip=118.89.164.185&Port=8080&Check=91&Order=61.176.223.98 HTTP/1.1" 404 - http-bio-8080-exec-10 0
61.176.223.98 - - [27/Oct/2018:19:15:15 +0800] "GET /Ip/Up?Ip=118.89.164.185&Port=8080&Check=91&Order=61.176.223.98 HTTP/1.1" 404 - http-bio-8080-exec-7 0
58.218.200.24 - - [27/Oct/2018:19:24:43 +0800] "GET /Ip/Up?Ip=118.89.164.185&Port=8080&Check=91&Order=58.218.200.24 HTTP/1.1" 404 - http-bio-8080-exec-5 0
183.205.143.45 - - [27/Oct/2018:19:26:03 +0800] "GET / HTTP/1.1" 404 - http-bio-8080-exec-6 0
61.176.223.98 - - [27/Oct/2018:19:33:44 +0800] "GET /Ip/Up?Ip=118.89.164.185&Port=8080&Check=91&Order=61.176.223.98 HTTP/1.1" 404 - http-bio-8080-exec-4 0
61.176.222.170 - - [27/Oct/2018:19:43:14 +0800] "GET /Ip/Up?Ip=118.89.164.185&Port=8080&Check=91&Order=61.176.222.170 HTTP/1.1" 404 - http-bio-8080-exec-3 0
61.176.222.170 - - [27/Oct/2018:19:52:17 +0800] "GET /Ip/Up?Ip=118.89.164.185&Port=8080&Check=91&Order=61.176.222.170 HTTP/1.1" 404 - http-bio-8080-exec-1 0
58.218.200.24 - - [27/Oct/2018:20:01:24 +0800] "GET /Ip/Up?Ip=118.89.164.185&Port=8080&Check=91&Order=58.218.200.24 HTTP/1.1" 404 - http-bio-8080-exec-11 0
123.249.13.23 - - [27/Oct/2018:20:16:26 +0800] "GET /manager/html HTTP/1.1" 404 - http-bio-8080-exec-8 0
58.218.200.24 - - [27/Oct/2018:20:19:59 +0800] "GET /Ip/Up?Ip=118.89.164.185&Port=8080&Check=91&Order=58.218.200.24 HTTP/1.1" 404 - http-bio-8080-exec-9 0
61.176.222.170 - - [27/Oct/2018:20:38:18 +0800] "GET /Ip/Up?Ip=118.89.164.185&Port=8080&Check=91&Order=61.176.222.170 HTTP/1.1" 404 - http-bio-8080-exec-10 0
60.191.52.254 - - [27/Oct/2018:20:42:53 +0800] "HEAD / HTTP/1.1" 404 - http-bio-8080-exec-1 0
218.2.97.66 - - [27/Oct/2018:20:45:15 +0800] "GET / HTTP/1.1" 404 - http-bio-8080-exec-11 0
61.176.223.98 - - [27/Oct/2018:20:47:36 +0800] "GET /Ip/Up?Ip=118.89.164.185&Port=8080&Check=91&Order=61.176.223.98 HTTP/1.1" 404 - http-bio-8080-exec-8 0
61.176.223.98 - - [27/Oct/2018:21:06:04 +0800] "GET /Ip/Up?Ip=118.89.164.185&Port=8080&Check=91&Order=61.176.223.98 HTTP/1.1" 404 - http-bio-8080-exec-9 0
61.176.222.170 - - [27/Oct/2018:21:15:18 +0800] "GET /Ip/Up?Ip=118.89.164.185&Port=8080&Check=91&Order=61.176.222.170 HTTP/1.1" 404 - http-bio-8080-exec-10 0
58.218.200.24 - - [27/Oct/2018:21:24:21 +0800] "GET /Ip/Up?Ip=118.89.164.185&Port=8080&Check=91&Order=58.218.200.24 HTTP/1.1" 404 - http-bio-8080-exec-5 0
183.205.143.45 - - [27/Oct/2018:21:36:59 +0800] "GET / HTTP/1.1" 404 - http-bio-8080-exec-6 0
61.176.223.98 - - [27/Oct/2018:21:42:34 +0800] "GET /Ip/Up?Ip=118.89.164.185&Port=8080&Check=91&Order=61.176.223.98 HTTP/1.1" 404 - http-bio-8080-exec-4 0
58.218.200.24 - - [27/Oct/2018:21:51:58 +0800] "GET /Ip/Up?Ip=118.89.164.185&Port=8080&Check=91&Order=58.218.200.24 HTTP/1.1" 404 - http-bio-8080-exec-3 0
58.218.200.24 - - [27/Oct/2018:22:10:06 +0800] "GET /Ip/Up?Ip=118.89.164.185&Port=8080&Check=91&Order=58.218.200.24 HTTP/1.1" 404 - http-bio-8080-exec-7 0
58.218.200.24 - - [27/Oct/2018:22:19:09 +0800] "GET /Ip/Up?Ip=118.89.164.185&Port=8080&Check=91&Order=58.218.200.24 HTTP/1.1" 404 - http-bio-8080-exec-1 0
58.218.200.24 - - [27/Oct/2018:22:28:11 +0800] "GET /Ip/Up?Ip=118.89.164.185&Port=8080&Check=91&Order=58.218.200.24 HTTP/1.1" 404 - http-bio-8080-exec-11 0
61.176.222.170 - - [27/Oct/2018:22:37:17 +0800] "GET /Ip/Up?Ip=118.89.164.185&Port=8080&Check=91&Order=61.176.222.170 HTTP/1.1" 404 - http-bio-8080-exec-8 0
58.218.200.24 - - [27/Oct/2018:22:46:14 +0800] "GET /Ip/Up?Ip=118.89.164.185&Port=8080&Check=91&Order=58.218.200.24 HTTP/1.1" 404 - http-bio-8080-exec-9 0
58.218.200.24 - - [27/Oct/2018:22:55:19 +0800] "GET /Ip/Up?Ip=118.89.164.185&Port=8080&Check=91&Order=58.218.200.24 HTTP/1.1" 404 - http-bio-8080-exec-10 0
103.233.89.138 - - [27/Oct/2018:22:55:23 +0800] "GET / HTTP/1.1" 404 - http-bio-8080-exec-5 0
149.28.131.58 - - [27/Oct/2018:22:59:30 +0800] "GET / HTTP/1.1" 404 - http-bio-8080-exec-6 0
149.28.131.58 - - [27/Oct/2018:22:59:31 +0800] "GET /ws_utc/resources/setting/options/general HTTP/1.1" 404 - http-bio-8080-exec-4 0
149.28.131.58 - - [27/Oct/2018:22:59:31 +0800] "POST / HTTP/1.1" 404 - http-bio-8080-exec-3 0
149.28.131.58 - - [27/Oct/2018:22:59:32 +0800] "POST / HTTP/1.1" 404 - http-bio-8080-exec-7 0
149.28.131.58 - - [27/Oct/2018:22:59:33 +0800] "POST / HTTP/1.1" 404 - http-bio-8080-exec-1 0
149.28.131.58 - - [27/Oct/2018:22:59:36 +0800] "POST / HTTP/1.1" 404 - http-bio-8080-exec-11 0
149.28.131.58 - - [27/Oct/2018:22:59:37 +0800] "GET /invoker/readonly HTTP/1.1" 404 - http-bio-8080-exec-8 0
149.28.131.58 - - [27/Oct/2018:22:59:37 +0800] "GET /invoker/JMXInvokerServlet HTTP/1.1" 404 - http-bio-8080-exec-9 0
149.28.131.58 - - [27/Oct/2018:22:59:38 +0800] "GET /jmx-console/HtmlAdaptor HTTP/1.1" 404 - http-bio-8080-exec-10 0
149.28.131.58 - - [27/Oct/2018:22:59:41 +0800] "GET /orders.xhtml HTTP/1.1" 404 - http-bio-8080-exec-5 0
149.28.131.58 - - [27/Oct/2018:22:59:42 +0800] "GET / HTTP/1.1" 404 - http-bio-8080-exec-11 0
149.28.131.58 - - [27/Oct/2018:22:59:42 +0800] "GET /users HTTP/1.1" 404 - http-bio-8080-exec-4 0
149.28.131.58 - - [27/Oct/2018:22:59:43 +0800] "PUT /dbs_put1.jsp/ HTTP/1.1" 404 - http-bio-8080-exec-3 0
149.28.131.58 - - [27/Oct/2018:22:59:43 +0800] "GET /dbs_put1.jsp HTTP/1.1" 404 - http-bio-8080-exec-7 0
149.28.131.58 - - [27/Oct/2018:22:59:44 +0800] "GET /manager/html HTTP/1.1" 404 - http-bio-8080-exec-1 0
149.28.131.58 - - [27/Oct/2018:22:59:44 +0800] "GET /wls-wsat/CoordinatorPortType HTTP/1.1" 404 - http-bio-8080-exec-6 0
58.218.200.24 - - [27/Oct/2018:23:22:22 +0800] "GET /Ip/Up?Ip=118.89.164.185&Port=8080&Check=91&Order=58.218.200.24 HTTP/1.1" 404 - http-bio-8080-exec-8 0
123.249.13.23 - - [27/Oct/2018:23:29:06 +0800] "GET /manager/html HTTP/1.1" 404 - http-bio-8080-exec-9 0
188.32.66.245 - - [27/Oct/2018:23:33:55 +0800] "GET / HTTP/1.0" 404 - http-bio-8080-exec-10 0
58.218.200.24 - - [27/Oct/2018:23:40:28 +0800] "GET /Ip/Up?Ip=118.89.164.185&Port=8080&Check=91&Order=58.218.200.24 HTTP/1.1" 404 - http-bio-8080-exec-7 0
183.205.143.45 - - [27/Oct/2018:23:42:07 +0800] "GET / HTTP/1.1" 404 - http-bio-8080-exec-1 0
58.218.200.24 - - [27/Oct/2018:23:49:34 +0800] "GET /Ip/Up?Ip=118.89.164.185&Port=8080&Check=91&Order=58.218.200.24 HTTP/1.1" 404 - http-bio-8080-exec-6 0
218.2.97.66 - - [27/Oct/2018:23:52:47 +0800] "GET /server-status HTTP/1.1" 404 - http-bio-8080-exec-8 0
61.176.223.98 - - [27/Oct/2018:23:58:38 +0800] "GET /Ip/Up?Ip=118.89.164.185&Port=8080&Check=91&Order=61.176.223.98 HTTP/1.1" 404 - http-bio-8080-exec-9 0
