101.201.122.51 - - [01/Nov/2018:17:45:38 +0800] "GET /manager/html HTTP/1.1" 404 - http-bio-8080-exec-3 0
61.176.223.98 - - [01/Nov/2018:17:49:30 +0800] "GET /Ip/Up?Ip=118.89.164.185&Port=8080&Check=91&Order=61.176.223.98 HTTP/1.1" 404 - http-bio-8080-exec-19 0
42.236.10.84 - - [01/Nov/2018:17:51:00 +0800] "GET /website/jsp/alterPsw.jsp HTTP/1.1" 200 1542 http-bio-8080-exec-17 2
42.236.10.78 - - [01/Nov/2018:17:51:02 +0800] "GET /website/css/reset.css HTTP/1.1" 200 1311 http-bio-8080-exec-9 3
42.236.10.78 - - [01/Nov/2018:17:51:02 +0800] "GET /website/css/alterPsw.css HTTP/1.1" 200 560 http-bio-8080-exec-5 3
58.218.200.24 - - [01/Nov/2018:17:54:22 +0800] "GET /Ip/Up?Ip=118.89.164.185&Port=8080&Check=91&Order=58.218.200.24 HTTP/1.1" 404 - http-bio-8080-exec-7 0
61.176.222.170 - - [01/Nov/2018:17:59:25 +0800] "GET /Ip/Up?Ip=118.89.164.185&Port=8080&Check=91&Order=61.176.222.170 HTTP/1.1" 404 - http-bio-8080-exec-4 0
61.176.223.98 - - [01/Nov/2018:18:04:07 +0800] "GET /Ip/Up?Ip=118.89.164.185&Port=8080&Check=91&Order=61.176.223.98 HTTP/1.1" 404 - http-bio-8080-exec-10 0
183.205.143.226 - - [01/Nov/2018:18:08:36 +0800] "GET / HTTP/1.1" 404 - http-bio-8080-exec-9 0
213.6.197.122 - - [01/Nov/2018:18:08:38 +0800] "GET / HTTP/1.1" 404 - http-bio-8080-exec-5 0
183.205.143.226 - - [01/Nov/2018:18:08:40 +0800] "GET / HTTP/1.1" 404 - http-bio-8080-exec-9 0
61.176.223.98 - - [01/Nov/2018:18:09:14 +0800] "GET /Ip/Up?Ip=118.89.164.185&Port=8080&Check=91&Order=61.176.223.98 HTTP/1.1" 404 - http-bio-8080-exec-19 0
61.176.222.170 - - [01/Nov/2018:18:14:16 +0800] "GET /Ip/Up?Ip=118.89.164.185&Port=8080&Check=91&Order=61.176.222.170 HTTP/1.1" 404 - http-bio-8080-exec-17 0
58.218.200.24 - - [01/Nov/2018:18:19:00 +0800] "GET /Ip/Up?Ip=118.89.164.185&Port=8080&Check=91&Order=58.218.200.24 HTTP/1.1" 404 - http-bio-8080-exec-14 0
61.176.222.170 - - [01/Nov/2018:18:23:59 +0800] "GET /Ip/Up?Ip=118.89.164.185&Port=8080&Check=91&Order=61.176.222.170 HTTP/1.1" 404 - http-bio-8080-exec-3 0
42.236.10.106 - - [01/Nov/2018:18:27:14 +0800] "GET /website/post/flist HTTP/1.1" 200 5670 http-bio-8080-exec-5 46
42.236.10.124 - - [01/Nov/2018:18:27:25 +0800] "GET /website/static/css/font.css HTTP/1.1" 200 505 http-bio-8080-exec-19 2
42.236.10.106 - - [01/Nov/2018:18:27:25 +0800] "GET /website/layui/css/layui.css HTTP/1.1" 200 60772 http-bio-8080-exec-19 2
42.236.10.106 - - [01/Nov/2018:18:27:25 +0800] "GET /website/static/css/style.css HTTP/1.1" 200 9847 http-bio-8080-exec-2 2
42.236.10.124 - - [01/Nov/2018:18:27:25 +0800] "GET /website/js/my.js HTTP/1.1" 200 1117 http-bio-8080-exec-3 1
42.236.10.124 - - [01/Nov/2018:18:27:25 +0800] "GET /website/js/jquery-1.4.4.min.js HTTP/1.1" 200 78601 http-bio-8080-exec-7 60
42.236.10.117 - - [01/Nov/2018:18:27:27 +0800] "GET /website/layui/layui.all.js HTTP/1.1" 200 231198 http-bio-8080-exec-10 647
42.236.10.117 - - [01/Nov/2018:18:27:32 +0800] "GET /website/layui/font/iconfont.woff?v=230 HTTP/1.1" 200 26328 http-bio-8080-exec-14 3
42.236.10.117 - - [01/Nov/2018:18:27:36 +0800] "POST /website/basedict/findBycode HTTP/1.1" 200 221 http-bio-8080-exec-14 6
61.176.223.98 - - [01/Nov/2018:18:29:00 +0800] "GET /Ip/Up?Ip=118.89.164.185&Port=8080&Check=91&Order=61.176.223.98 HTTP/1.1" 404 - http-bio-8080-exec-5 0
58.218.200.24 - - [01/Nov/2018:18:33:49 +0800] "GET /Ip/Up?Ip=118.89.164.185&Port=8080&Check=91&Order=58.218.200.24 HTTP/1.1" 404 - http-bio-8080-exec-17 0
61.176.222.170 - - [01/Nov/2018:18:38:54 +0800] "GET /Ip/Up?Ip=118.89.164.185&Port=8080&Check=91&Order=61.176.222.170 HTTP/1.1" 404 - http-bio-8080-exec-9 0
151.243.194.102 - - [01/Nov/2018:18:42:44 +0800] "GET / HTTP/1.1" 404 - http-bio-8080-exec-4 0
61.176.223.98 - - [01/Nov/2018:18:43:43 +0800] "GET /Ip/Up?Ip=118.89.164.185&Port=8080&Check=91&Order=61.176.223.98 HTTP/1.1" 404 - http-bio-8080-exec-19 0
58.218.200.24 - - [01/Nov/2018:18:48:38 +0800] "GET /Ip/Up?Ip=118.89.164.185&Port=8080&Check=91&Order=58.218.200.24 HTTP/1.1" 404 - http-bio-8080-exec-3 0
183.205.143.226 - - [01/Nov/2018:18:51:21 +0800] "GET / HTTP/1.1" 404 - http-bio-8080-exec-2 0
183.205.143.226 - - [01/Nov/2018:18:51:21 +0800] "GET / HTTP/1.1" 404 - http-bio-8080-exec-2 0
183.205.143.226 - - [01/Nov/2018:18:51:23 +0800] "GET / HTTP/1.1" 404 - http-bio-8080-exec-2 0
61.176.222.170 - - [01/Nov/2018:18:53:45 +0800] "GET /Ip/Up?Ip=118.89.164.185&Port=8080&Check=91&Order=61.176.222.170 HTTP/1.1" 404 - http-bio-8080-exec-10 0
58.218.200.24 - - [01/Nov/2018:18:58:18 +0800] "GET /Ip/Up?Ip=118.89.164.185&Port=8080&Check=91&Order=58.218.200.24 HTTP/1.1" 404 - http-bio-8080-exec-14 0
42.236.10.75 - - [01/Nov/2018:19:00:18 +0800] "GET /website/adminjsp/announcement.jsp HTTP/1.1" 200 5580 http-bio-8080-exec-5 2
42.236.10.75 - - [01/Nov/2018:19:00:27 +0800] "GET /website/layui/css/layui.css HTTP/1.1" 200 60772 http-bio-8080-exec-17 2
42.236.10.84 - - [01/Nov/2018:19:00:27 +0800] "GET /website/static/css/font.css HTTP/1.1" 200 505 http-bio-8080-exec-9 2
42.236.10.78 - - [01/Nov/2018:19:00:27 +0800] "GET /website/static/css/style.css HTTP/1.1" 200 9847 http-bio-8080-exec-4 2
42.236.10.84 - - [01/Nov/2018:19:00:28 +0800] "GET /website/js/jquery-1.4.4.min.js HTTP/1.1" 200 78601 http-bio-8080-exec-19 63
42.236.10.92 - - [01/Nov/2018:19:00:29 +0800] "GET /website/layui/layui.all.js HTTP/1.1" 200 231198 http-bio-8080-exec-14 1201
42.236.10.92 - - [01/Nov/2018:19:00:32 +0800] "GET /website/layui/font/iconfont.woff?v=230 HTTP/1.1" 200 26328 http-bio-8080-exec-14 2
42.236.10.84 - - [01/Nov/2018:19:00:34 +0800] "GET /website/layui/css/modules/laydate/default/laydate.css?v=5.0.9 HTTP/1.1" 200 7537 http-bio-8080-exec-2 2
42.236.10.92 - - [01/Nov/2018:19:00:35 +0800] "GET /website/layui/css/modules/layer/default/layer.css?v=3.1.1 HTTP/1.1" 200 14425 http-bio-8080-exec-14 2
42.236.10.78 - - [01/Nov/2018:19:00:35 +0800] "GET /website/layui/css/modules/code.css HTTP/1.1" 200 1063 http-bio-8080-exec-3 2
180.163.220.68 - - [01/Nov/2018:19:15:01 +0800] "GET /website/user/findqlUser HTTP/1.1" 200 6782 http-bio-8080-exec-5 14
180.163.220.4 - - [01/Nov/2018:19:15:01 +0800] "GET /website/layui/css/layui.css HTTP/1.1" 200 60772 http-bio-8080-exec-19 4
180.163.220.68 - - [01/Nov/2018:19:15:02 +0800] "GET /website/static/css/font.css HTTP/1.1" 200 505 http-bio-8080-exec-10 9
180.163.220.4 - - [01/Nov/2018:19:15:02 +0800] "GET /website/js/jquery-1.4.4.min.js HTTP/1.1" 200 78601 http-bio-8080-exec-19 11
180.163.220.68 - - [01/Nov/2018:19:15:02 +0800] "GET /website/static/css/style.css HTTP/1.1" 200 9847 http-bio-8080-exec-10 16
180.163.220.4 - - [01/Nov/2018:19:15:02 +0800] "GET /website/js/my.js HTTP/1.1" 200 1117 http-bio-8080-exec-14 4
180.163.220.68 - - [01/Nov/2018:19:15:03 +0800] "GET /website/layui/layui.all.js HTTP/1.1" 200 231198 http-bio-8080-exec-19 985
180.163.220.3 - - [01/Nov/2018:19:15:04 +0800] "GET /website/layui/font/iconfont.woff?v=230 HTTP/1.1" 200 26328 http-bio-8080-exec-7 3
180.163.220.3 - - [01/Nov/2018:19:15:04 +0800] "POST /website/basedict/findBycode HTTP/1.1" 200 526 http-bio-8080-exec-3 7
180.163.220.3 - - [01/Nov/2018:19:15:05 +0800] "GET /website/layui/css/modules/laydate/default/laydate.css?v=5.0.9 HTTP/1.1" 200 7537 http-bio-8080-exec-3 2
180.163.220.68 - - [01/Nov/2018:19:15:05 +0800] "GET /website/layui/css/modules/layer/default/layer.css?v=3.1.1 HTTP/1.1" 200 14425 http-bio-8080-exec-17 2
180.163.220.68 - - [01/Nov/2018:19:15:05 +0800] "GET /website/layui/css/modules/code.css HTTP/1.1" 200 1063 http-bio-8080-exec-10 3
58.218.200.24 - - [01/Nov/2018:19:18:26 +0800] "GET /Ip/Up?Ip=118.89.164.185&Port=8080&Check=91&Order=58.218.200.24 HTTP/1.1" 404 - http-bio-8080-exec-19 0
61.176.222.170 - - [01/Nov/2018:19:23:26 +0800] "GET /Ip/Up?Ip=118.89.164.185&Port=8080&Check=91&Order=61.176.222.170 HTTP/1.1" 404 - http-bio-8080-exec-2 0
180.163.220.4 - - [01/Nov/2018:19:23:47 +0800] "GET /website/user/findAll HTTP/1.1" 200 7506 http-bio-8080-exec-9 12
180.163.220.5 - - [01/Nov/2018:19:23:49 +0800] "GET /website/static/css/font.css HTTP/1.1" 200 505 http-bio-8080-exec-14 2
180.163.220.4 - - [01/Nov/2018:19:23:49 +0800] "GET /website/static/css/style.css HTTP/1.1" 200 9847 http-bio-8080-exec-10 1
180.163.220.5 - - [01/Nov/2018:19:23:49 +0800] "GET /website/js/jquery-1.4.4.min.js HTTP/1.1" 200 78601 http-bio-8080-exec-14 12
180.163.220.4 - - [01/Nov/2018:19:23:49 +0800] "GET /website/js/my.js HTTP/1.1" 200 1117 http-bio-8080-exec-10 15
180.163.220.5 - - [01/Nov/2018:19:23:50 +0800] "GET /website/layui/layui.all.js HTTP/1.1" 200 231198 http-bio-8080-exec-14 333
58.218.200.24 - - [01/Nov/2018:19:28:14 +0800] "GET /Ip/Up?Ip=118.89.164.185&Port=8080&Check=91&Order=58.218.200.24 HTTP/1.1" 404 - http-bio-8080-exec-2 0
61.176.223.98 - - [01/Nov/2018:19:33:14 +0800] "GET /Ip/Up?Ip=118.89.164.185&Port=8080&Check=91&Order=61.176.223.98 HTTP/1.1" 404 - http-bio-8080-exec-9 0
61.176.222.170 - - [01/Nov/2018:19:38:18 +0800] "GET /Ip/Up?Ip=118.89.164.185&Port=8080&Check=91&Order=61.176.222.170 HTTP/1.1" 404 - http-bio-8080-exec-17 0
222.186.46.180 - - [01/Nov/2018:19:41:00 +0800] "GET /manager/html HTTP/1.1" 404 - http-bio-8080-exec-19 0
61.176.223.98 - - [01/Nov/2018:19:43:19 +0800] "GET /Ip/Up?Ip=118.89.164.185&Port=8080&Check=91&Order=61.176.223.98 HTTP/1.1" 404 - http-bio-8080-exec-7 0
58.218.200.24 - - [01/Nov/2018:19:48:06 +0800] "GET /Ip/Up?Ip=118.89.164.185&Port=8080&Check=91&Order=58.218.200.24 HTTP/1.1" 404 - http-bio-8080-exec-3 0
61.176.222.170 - - [01/Nov/2018:19:53:09 +0800] "GET /Ip/Up?Ip=118.89.164.185&Port=8080&Check=91&Order=61.176.222.170 HTTP/1.1" 404 - http-bio-8080-exec-5 0
61.176.223.98 - - [01/Nov/2018:19:57:59 +0800] "GET /Ip/Up?Ip=118.89.164.185&Port=8080&Check=91&Order=61.176.223.98 HTTP/1.1" 404 - http-bio-8080-exec-4 0
47.94.43.182 - - [01/Nov/2018:20:01:30 +0800] "CONNECT dnspod.qcloud.com:443 HTTP/1.0" 400 - http-bio-8080-exec-19 0
58.218.200.24 - - [01/Nov/2018:20:02:53 +0800] "GET /Ip/Up?Ip=118.89.164.185&Port=8080&Check=91&Order=58.218.200.24 HTTP/1.1" 404 - http-bio-8080-exec-14 0
58.218.200.24 - - [01/Nov/2018:20:07:59 +0800] "GET /Ip/Up?Ip=118.89.164.185&Port=8080&Check=91&Order=58.218.200.24 HTTP/1.1" 404 - http-bio-8080-exec-2 0
62.10.115.122 - - [01/Nov/2018:20:09:09 +0800] "GET / HTTP/1.1" 404 - http-bio-8080-exec-9 0
61.176.223.98 - - [01/Nov/2018:20:12:40 +0800] "GET /Ip/Up?Ip=118.89.164.185&Port=8080&Check=91&Order=61.176.223.98 HTTP/1.1" 404 - http-bio-8080-exec-17 0
61.176.223.98 - - [01/Nov/2018:20:22:43 +0800] "GET /Ip/Up?Ip=118.89.164.185&Port=8080&Check=91&Order=61.176.223.98 HTTP/1.1" 404 - http-bio-8080-exec-10 0
58.218.200.24 - - [01/Nov/2018:20:27:25 +0800] "GET /Ip/Up?Ip=118.89.164.185&Port=8080&Check=91&Order=58.218.200.24 HTTP/1.1" 404 - http-bio-8080-exec-7 0
58.218.200.24 - - [01/Nov/2018:20:32:27 +0800] "GET /Ip/Up?Ip=118.89.164.185&Port=8080&Check=91&Order=58.218.200.24 HTTP/1.1" 404 - http-bio-8080-exec-3 0
183.205.143.226 - - [01/Nov/2018:20:36:54 +0800] "GET / HTTP/1.1" 404 - http-bio-8080-exec-5 0
61.176.223.98 - - [01/Nov/2018:20:37:22 +0800] "GET /Ip/Up?Ip=118.89.164.185&Port=8080&Check=91&Order=61.176.223.98 HTTP/1.1" 404 - http-bio-8080-exec-4 0
61.176.222.170 - - [01/Nov/2018:20:42:14 +0800] "GET /Ip/Up?Ip=118.89.164.185&Port=8080&Check=91&Order=61.176.222.170 HTTP/1.1" 404 - http-bio-8080-exec-19 0
58.218.200.24 - - [01/Nov/2018:20:47:14 +0800] "GET /Ip/Up?Ip=118.89.164.185&Port=8080&Check=91&Order=58.218.200.24 HTTP/1.1" 404 - http-bio-8080-exec-14 0
200.100.60.123 - - [01/Nov/2018:20:51:44 +0800] "GET / HTTP/1.1" 404 - http-bio-8080-exec-2 0
61.176.223.98 - - [01/Nov/2018:20:52:08 +0800] "GET /Ip/Up?Ip=118.89.164.185&Port=8080&Check=91&Order=61.176.223.98 HTTP/1.1" 404 - http-bio-8080-exec-9 0
61.176.222.170 - - [01/Nov/2018:20:57:05 +0800] "GET /Ip/Up?Ip=118.89.164.185&Port=8080&Check=91&Order=61.176.222.170 HTTP/1.1" 404 - http-bio-8080-exec-4 0
58.218.200.24 - - [01/Nov/2018:21:01:59 +0800] "GET /Ip/Up?Ip=118.89.164.185&Port=8080&Check=91&Order=58.218.200.24 HTTP/1.1" 404 - http-bio-8080-exec-10 0
61.176.223.98 - - [01/Nov/2018:21:11:51 +0800] "GET /Ip/Up?Ip=118.89.164.185&Port=8080&Check=91&Order=61.176.223.98 HTTP/1.1" 404 - http-bio-8080-exec-7 0
41.190.45.170 - - [01/Nov/2018:21:12:34 +0800] "GET / HTTP/1.1" 404 - http-bio-8080-exec-3 0
58.218.200.24 - - [01/Nov/2018:21:16:40 +0800] "GET /Ip/Up?Ip=118.89.164.185&Port=8080&Check=91&Order=58.218.200.24 HTTP/1.1" 404 - http-bio-8080-exec-9 0
61.176.222.170 - - [01/Nov/2018:21:21:40 +0800] "GET /Ip/Up?Ip=118.89.164.185&Port=8080&Check=91&Order=61.176.222.170 HTTP/1.1" 404 - http-bio-8080-exec-5 0
61.176.223.98 - - [01/Nov/2018:21:26:36 +0800] "GET /Ip/Up?Ip=118.89.164.185&Port=8080&Check=91&Order=61.176.223.98 HTTP/1.1" 404 - http-bio-8080-exec-19 0
58.218.200.24 - - [01/Nov/2018:21:31:27 +0800] "GET /Ip/Up?Ip=118.89.164.185&Port=8080&Check=91&Order=58.218.200.24 HTTP/1.1" 404 - http-bio-8080-exec-14 0
61.176.222.170 - - [01/Nov/2018:21:36:32 +0800] "GET /Ip/Up?Ip=118.89.164.185&Port=8080&Check=91&Order=61.176.222.170 HTTP/1.1" 404 - http-bio-8080-exec-17 0
61.176.223.98 - - [01/Nov/2018:21:41:16 +0800] "GET /Ip/Up?Ip=118.89.164.185&Port=8080&Check=91&Order=61.176.223.98 HTTP/1.1" 404 - http-bio-8080-exec-2 0
186.219.246.10 - - [01/Nov/2018:21:41:22 +0800] "GET / HTTP/1.1" 404 - http-bio-8080-exec-4 0
61.176.222.170 - - [01/Nov/2018:21:46:20 +0800] "GET /Ip/Up?Ip=118.89.164.185&Port=8080&Check=91&Order=61.176.222.170 HTTP/1.1" 404 - http-bio-8080-exec-10 0
58.218.200.24 - - [01/Nov/2018:21:51:16 +0800] "GET /Ip/Up?Ip=118.89.164.185&Port=8080&Check=91&Order=58.218.200.24 HTTP/1.1" 404 - http-bio-8080-exec-7 0
61.176.223.98 - - [01/Nov/2018:22:01:04 +0800] "GET /Ip/Up?Ip=118.89.164.185&Port=8080&Check=91&Order=61.176.223.98 HTTP/1.1" 404 - http-bio-8080-exec-3 0
58.218.200.24 - - [01/Nov/2018:22:06:01 +0800] "GET /Ip/Up?Ip=118.89.164.185&Port=8080&Check=91&Order=58.218.200.24 HTTP/1.1" 404 - http-bio-8080-exec-9 0
195.154.61.206 - - [01/Nov/2018:22:09:33 +0800] "GET / HTTP/1.1" 404 - http-bio-8080-exec-5 0
61.176.222.170 - - [01/Nov/2018:22:10:54 +0800] "GET /Ip/Up?Ip=118.89.164.185&Port=8080&Check=91&Order=61.176.222.170 HTTP/1.1" 404 - http-bio-8080-exec-19 0
58.218.200.24 - - [01/Nov/2018:22:20:48 +0800] "GET /Ip/Up?Ip=118.89.164.185&Port=8080&Check=91&Order=58.218.200.24 HTTP/1.1" 404 - http-bio-8080-exec-7 0
196.52.43.73 - - [01/Nov/2018:22:25:13 +0800] "GET / HTTP/1.1" 404 - http-bio-8080-exec-3 0
61.176.222.170 - - [01/Nov/2018:22:25:51 +0800] "GET /Ip/Up?Ip=118.89.164.185&Port=8080&Check=91&Order=61.176.222.170 HTTP/1.1" 404 - http-bio-8080-exec-9 0
58.218.200.24 - - [01/Nov/2018:22:35:36 +0800] "GET /Ip/Up?Ip=118.89.164.185&Port=8080&Check=91&Order=58.218.200.24 HTTP/1.1" 404 - http-bio-8080-exec-5 0
61.176.222.170 - - [01/Nov/2018:22:40:39 +0800] "GET /Ip/Up?Ip=118.89.164.185&Port=8080&Check=91&Order=61.176.222.170 HTTP/1.1" 404 - http-bio-8080-exec-19 0
61.176.223.98 - - [01/Nov/2018:22:45:32 +0800] "GET /Ip/Up?Ip=118.89.164.185&Port=8080&Check=91&Order=61.176.223.98 HTTP/1.1" 404 - http-bio-8080-exec-17 0
58.218.200.24 - - [01/Nov/2018:22:50:27 +0800] "GET /Ip/Up?Ip=118.89.164.185&Port=8080&Check=91&Order=58.218.200.24 HTTP/1.1" 404 - http-bio-8080-exec-2 0
58.218.200.24 - - [01/Nov/2018:22:55:31 +0800] "GET /Ip/Up?Ip=118.89.164.185&Port=8080&Check=91&Order=58.218.200.24 HTTP/1.1" 404 - http-bio-8080-exec-4 0
61.176.223.98 - - [01/Nov/2018:23:00:31 +0800] "GET /Ip/Up?Ip=118.89.164.185&Port=8080&Check=91&Order=61.176.223.98 HTTP/1.1" 404 - http-bio-8080-exec-5 0
183.205.143.226 - - [01/Nov/2018:23:01:25 +0800] "GET / HTTP/1.1" 404 - http-bio-8080-exec-19 0
61.176.222.170 - - [01/Nov/2018:23:05:22 +0800] "GET /Ip/Up?Ip=118.89.164.185&Port=8080&Check=91&Order=61.176.222.170 HTTP/1.1" 404 - http-bio-8080-exec-17 0
61.176.223.98 - - [01/Nov/2018:23:20:30 +0800] "GET /Ip/Up?Ip=118.89.164.185&Port=8080&Check=91&Order=61.176.223.98 HTTP/1.1" 404 - http-bio-8080-exec-2 0
61.176.223.98 - - [01/Nov/2018:23:25:31 +0800] "GET /Ip/Up?Ip=118.89.164.185&Port=8080&Check=91&Order=61.176.223.98 HTTP/1.1" 404 - http-bio-8080-exec-4 0
58.218.200.24 - - [01/Nov/2018:23:30:30 +0800] "GET /Ip/Up?Ip=118.89.164.185&Port=8080&Check=91&Order=58.218.200.24 HTTP/1.1" 404 - http-bio-8080-exec-14 0
183.57.53.196 - - [01/Nov/2018:23:32:38 +0800] "GET /website/user/findqlUser HTTP/1.1" 200 6782 http-bio-8080-exec-7 16
61.176.222.170 - - [01/Nov/2018:23:45:15 +0800] "GET /Ip/Up?Ip=118.89.164.185&Port=8080&Check=91&Order=61.176.222.170 HTTP/1.1" 404 - http-bio-8080-exec-19 0
61.176.222.170 - - [01/Nov/2018:23:55:02 +0800] "GET /Ip/Up?Ip=118.89.164.185&Port=8080&Check=91&Order=61.176.222.170 HTTP/1.1" 404 - http-bio-8080-exec-17 0
80.82.70.187 - - [01/Nov/2018:23:58:03 +0800] "GET /cache/global/img/gs.gif HTTP/1.1" 404 - http-bio-8080-exec-2 0
